Archive member included to satisfy reference by file (symbol)

c:/microchip/softconsole-v2021.1/arm-none-eabi-gcc/bin/../lib/gcc/arm-none-eabi/9.2.1/../../../../arm-none-eabi/lib/thumb/v7-m/nofp\libg_nano.a(lib_a-atoi.o)
                              ./main.o (atoi)
c:/microchip/softconsole-v2021.1/arm-none-eabi-gcc/bin/../lib/gcc/arm-none-eabi/9.2.1/../../../../arm-none-eabi/lib/thumb/v7-m/nofp\libg_nano.a(lib_a-errno.o)
                              ./CMSIS/startup_gcc/newlib_stubs.o (__errno)
c:/microchip/softconsole-v2021.1/arm-none-eabi-gcc/bin/../lib/gcc/arm-none-eabi/9.2.1/../../../../arm-none-eabi/lib/thumb/v7-m/nofp\libg_nano.a(lib_a-exit.o)
                              c:/microchip/softconsole-v2021.1/arm-none-eabi-gcc/bin/../lib/gcc/arm-none-eabi/9.2.1/../../../../arm-none-eabi/lib/thumb/v7-m/nofp/crt0.o (exit)
c:/microchip/softconsole-v2021.1/arm-none-eabi-gcc/bin/../lib/gcc/arm-none-eabi/9.2.1/../../../../arm-none-eabi/lib/thumb/v7-m/nofp\libg_nano.a(lib_a-impure.o)
                              c:/microchip/softconsole-v2021.1/arm-none-eabi-gcc/bin/../lib/gcc/arm-none-eabi/9.2.1/../../../../arm-none-eabi/lib/thumb/v7-m/nofp\libg_nano.a(lib_a-exit.o) (_global_impure_ptr)
c:/microchip/softconsole-v2021.1/arm-none-eabi-gcc/bin/../lib/gcc/arm-none-eabi/9.2.1/../../../../arm-none-eabi/lib/thumb/v7-m/nofp\libg_nano.a(lib_a-init.o)
                              c:/microchip/softconsole-v2021.1/arm-none-eabi-gcc/bin/../lib/gcc/arm-none-eabi/9.2.1/../../../../arm-none-eabi/lib/thumb/v7-m/nofp/crt0.o (__libc_init_array)
c:/microchip/softconsole-v2021.1/arm-none-eabi-gcc/bin/../lib/gcc/arm-none-eabi/9.2.1/../../../../arm-none-eabi/lib/thumb/v7-m/nofp\libg_nano.a(lib_a-memcpy-stub.o)
                              ./drivers/mss_sys_services/mss_sys_services.o (memcpy)
c:/microchip/softconsole-v2021.1/arm-none-eabi-gcc/bin/../lib/gcc/arm-none-eabi/9.2.1/../../../../arm-none-eabi/lib/thumb/v7-m/nofp\libg_nano.a(lib_a-memset.o)
                              c:/microchip/softconsole-v2021.1/arm-none-eabi-gcc/bin/../lib/gcc/arm-none-eabi/9.2.1/../../../../arm-none-eabi/lib/thumb/v7-m/nofp/crt0.o (memset)
c:/microchip/softconsole-v2021.1/arm-none-eabi-gcc/bin/../lib/gcc/arm-none-eabi/9.2.1/../../../../arm-none-eabi/lib/thumb/v7-m/nofp\libg_nano.a(lib_a-rand.o)
                              ./main.o (srand)
c:/microchip/softconsole-v2021.1/arm-none-eabi-gcc/bin/../lib/gcc/arm-none-eabi/9.2.1/../../../../arm-none-eabi/lib/thumb/v7-m/nofp\libg_nano.a(lib_a-sprintf.o)
                              ./main.o (sprintf)
c:/microchip/softconsole-v2021.1/arm-none-eabi-gcc/bin/../lib/gcc/arm-none-eabi/9.2.1/../../../../arm-none-eabi/lib/thumb/v7-m/nofp\libg_nano.a(lib_a-strtol.o)
                              c:/microchip/softconsole-v2021.1/arm-none-eabi-gcc/bin/../lib/gcc/arm-none-eabi/9.2.1/../../../../arm-none-eabi/lib/thumb/v7-m/nofp\libg_nano.a(lib_a-atoi.o) (_strtol_r)
c:/microchip/softconsole-v2021.1/arm-none-eabi-gcc/bin/../lib/gcc/arm-none-eabi/9.2.1/../../../../arm-none-eabi/lib/thumb/v7-m/nofp\libg_nano.a(lib_a-ctype_.o)
                              c:/microchip/softconsole-v2021.1/arm-none-eabi-gcc/bin/../lib/gcc/arm-none-eabi/9.2.1/../../../../arm-none-eabi/lib/thumb/v7-m/nofp\libg_nano.a(lib_a-strtol.o) (_ctype_)
c:/microchip/softconsole-v2021.1/arm-none-eabi-gcc/bin/../lib/gcc/arm-none-eabi/9.2.1/../../../../arm-none-eabi/lib/thumb/v7-m/nofp\libg_nano.a(lib_a-malloc.o)
                              c:/microchip/softconsole-v2021.1/arm-none-eabi-gcc/bin/../lib/gcc/arm-none-eabi/9.2.1/../../../../arm-none-eabi/lib/thumb/v7-m/nofp\libg_nano.a(lib_a-rand.o) (malloc)
c:/microchip/softconsole-v2021.1/arm-none-eabi-gcc/bin/../lib/gcc/arm-none-eabi/9.2.1/../../../../arm-none-eabi/lib/thumb/v7-m/nofp\libg_nano.a(lib_a-nano-freer.o)
                              c:/microchip/softconsole-v2021.1/arm-none-eabi-gcc/bin/../lib/gcc/arm-none-eabi/9.2.1/../../../../arm-none-eabi/lib/thumb/v7-m/nofp\libg_nano.a(lib_a-malloc.o) (_free_r)
c:/microchip/softconsole-v2021.1/arm-none-eabi-gcc/bin/../lib/gcc/arm-none-eabi/9.2.1/../../../../arm-none-eabi/lib/thumb/v7-m/nofp\libg_nano.a(lib_a-nano-mallocr.o)
                              c:/microchip/softconsole-v2021.1/arm-none-eabi-gcc/bin/../lib/gcc/arm-none-eabi/9.2.1/../../../../arm-none-eabi/lib/thumb/v7-m/nofp\libg_nano.a(lib_a-malloc.o) (_malloc_r)
c:/microchip/softconsole-v2021.1/arm-none-eabi-gcc/bin/../lib/gcc/arm-none-eabi/9.2.1/../../../../arm-none-eabi/lib/thumb/v7-m/nofp\libg_nano.a(lib_a-nano-svfprintf.o)
                              c:/microchip/softconsole-v2021.1/arm-none-eabi-gcc/bin/../lib/gcc/arm-none-eabi/9.2.1/../../../../arm-none-eabi/lib/thumb/v7-m/nofp\libg_nano.a(lib_a-sprintf.o) (_svfprintf_r)
c:/microchip/softconsole-v2021.1/arm-none-eabi-gcc/bin/../lib/gcc/arm-none-eabi/9.2.1/../../../../arm-none-eabi/lib/thumb/v7-m/nofp\libg_nano.a(lib_a-nano-vfprintf_i.o)
[...]
Memory Configuration

Name             Origin             Length             Attributes
rom              0x0000000000000000 0x0000000000040000 xr
ram              0x0000000020000000 0x0000000000010000 xrw
*default*        0x0000000000000000 0xffffffffffffffff

Linker script and memory map

LOAD c:/microchip/softconsole-v2021.1/arm-none-eabi-gcc/bin/../lib/gcc/arm-none-eabi/9.2.1/thumb/v7-m/nofp/crti.o
LOAD c:/microchip/softconsole-v2021.1/arm-none-eabi-gcc/bin/../lib/gcc/arm-none-eabi/9.2.1/thumb/v7-m/nofp/crtbegin.o
LOAD c:/microchip/softconsole-v2021.1/arm-none-eabi-gcc/bin/../lib/gcc/arm-none-eabi/9.2.1/../../../../arm-none-eabi/lib/thumb/v7-m/nofp/crt0.o
LOAD ./hal/CortexM3/GNU/hal.o
LOAD ./hal/CortexM3/GNU/hw_reg_access.o
LOAD ./hal/CortexM3/cortex_nvic.o
LOAD ./drivers_config/sys_config/sys_config.o
LOAD ./drivers/mss_uart/mss_uart.o
LOAD ./drivers/mss_sys_services/mss_comblk.o
LOAD ./drivers/mss_sys_services/mss_sys_services.o
LOAD ./drivers/mss_nvm/mss_nvm.o
LOAD ./drivers/mss_hpdma/mss_hpdma.o
LOAD ./drivers/mss_gpio/mss_gpio.o
LOAD ./CMSIS/startup_gcc/newlib_stubs.o
LOAD ./CMSIS/startup_gcc/startup_m2sxxx.o
LOAD ./CMSIS/system_m2sxxx.o
LOAD ./main.o
START GROUP
LOAD c:/microchip/softconsole-v2021.1/arm-none-eabi-gcc/bin/../lib/gcc/arm-none-eabi/9.2.1/thumb/v7-m/nofp\libgcc.a
LOAD c:/microchip/softconsole-v2021.1/arm-none-eabi-gcc/bin/../lib/gcc/arm-none-eabi/9.2.1/../../../../arm-none-eabi/lib/thumb/v7-m/nofp\libg_nano.a
LOAD c:/microchip/softconsole-v2021.1/arm-none-eabi-gcc/bin/../lib/gcc/arm-none-eabi/9.2.1/../../../../arm-none-eabi/lib/thumb/v7-m/nofp\libc_nano.a
END GROUP
START GROUP
LOAD c:/microchip/softconsole-v2021.1/arm-none-eabi-gcc/bin/../lib/gcc/arm-none-eabi/9.2.1/thumb/v7-m/nofp\libgcc.a
LOAD c:/microchip/softconsole-v2021.1/arm-none-eabi-gcc/bin/../lib/gcc/arm-none-eabi/9.2.1/../../../../arm-none-eabi/lib/thumb/v7-m/nofp\libc_nano.a
END GROUP
LOAD c:/microchip/softconsole-v2021.1/arm-none-eabi-gcc/bin/../lib/gcc/arm-none-eabi/9.2.1/thumb/v7-m/nofp/crtend.o
LOAD c:/microchip/softconsole-v2021.1/arm-none-eabi-gcc/bin/../lib/gcc/arm-none-eabi/9.2.1/thumb/v7-m/nofp/crtn.o
START GROUP
LOAD c:/microchip/softconsole-v2021.1/arm-none-eabi-gcc/bin/../lib/gcc/arm-none-eabi/9.2.1/../../../../arm-none-eabi/lib/thumb/v7-m/nofp\libc.a
LOAD c:/microchip/softconsole-v2021.1/arm-none-eabi-gcc/bin/../lib/gcc/arm-none-eabi/9.2.1/thumb/v7-m/nofp\libgcc.a
LOAD c:/microchip/softconsole-v2021.1/arm-none-eabi-gcc/bin/../lib/gcc/arm-none-eabi/9.2.1/../../../../arm-none-eabi/lib/thumb/v7-m/nofp\libm.a
END GROUP
                0x0000000000000000                __DYNAMIC = 0x0
                0x0000000020000000                RAM_START_ADDRESS = 0x20000000
                0x0000000000010000                RAM_SIZE = 0x10000
                0x0000000000001000                MAIN_STACK_SIZE = 0x1000
                0x0000000000001000                MIN_SIZE_HEAP = 0x1000
                0x0000000020010000                PROVIDE (__main_stack_start = (RAM_START_ADDRESS + RAM_SIZE))
                [!provide]                        PROVIDE (__process_stack_start = (__main_stack_start - MAIN_STACK_SIZE))
                0x0000000020010000                PROVIDE (_estack = __main_stack_start)
                0x0000000000000000                PROVIDE (__mirrored_nvm = 0x0)
                0x0000000000000000                PROVIDE (__smartfusion2_memory_remap = 0x0)

.vector_table   0x0000000000000000      0x190
                0x0000000000000000                __vector_table_load = LOADADDR (.vector_table)
                0x0000000000000000                __vector_table_start = .
                0x0000000000000000                __vector_table_vma_base_address = .
 *(.isr_vector)
 .isr_vector    0x0000000000000000      0x190 ./CMSIS/startup_gcc/startup_m2sxxx.o
                0x0000000000000000                g_pfnVectors
                0x0000000000000190                . = ALIGN (0x10)
                0x0000000000000190                _evector_table = .

.boot_code      0x0000000000000190      0x330
 *(.boot_code)
 .boot_code     0x0000000000000190      0x324 ./CMSIS/startup_gcc/startup_m2sxxx.o
                0x0000000000000190                Reset_Handler
                0x000000000000037e                NMI_Handler
                0x0000000000000380                HardFault_Handler
                0x0000000000000382                MemManage_Handler
                0x0000000000000384                BusFault_Handler
                0x0000000000000386                UsageFault_Handler
                0x0000000000000388                SVC_Handler
                0x000000000000038a                DebugMon_Handler
                0x000000000000038c                PendSV_Handler
                0x000000000000038e                SysTick_Handler
                0x0000000000000390                WdogWakeup_IRQHandler
                0x0000000000000392                RTC_Wakeup_IRQHandler
                0x0000000000000394                SPI0_IRQHandler
                0x0000000000000396                SPI1_IRQHandler
                0x0000000000000398                I2C0_IRQHandler
                0x000000000000039a                I2C0_SMBAlert_IRQHandler
                0x000000000000039c                I2C0_SMBus_IRQHandler
                0x000000000000039e                I2C1_IRQHandler
                0x00000000000003a0                I2C1_SMBAlert_IRQHandler
                0x00000000000003a2                I2C1_SMBus_IRQHandler
                0x00000000000003a8                EthernetMAC_IRQHandler
                0x00000000000003aa                DMA_IRQHandler
                0x00000000000003ac                Timer1_IRQHandler
                0x00000000000003ae                Timer2_IRQHandler
                0x00000000000003b0                CAN_IRQHandler
                0x00000000000003b2                ENVM0_IRQHandler
                0x00000000000003b4                ENVM1_IRQHandler
                0x00000000000003b8                USB_IRQHandler
                0x00000000000003ba                USB_DMA_IRQHandler
                0x00000000000003bc                PLL_Lock_IRQHandler
                0x00000000000003be                PLL_LockLost_IRQHandler
                0x00000000000003c0                CommSwitchError_IRQHandler
                0x00000000000003c2                CacheError_IRQHandler
                0x00000000000003c4                DDR_IRQHandler
                0x00000000000003ca                ECC_Error_IRQHandler
                0x00000000000003cc                MDDR_IOCalib_IRQHandler
                0x00000000000003ce                FAB_PLL_Lock_IRQHandler
                0x00000000000003d0                FAB_PLL_LockLost_IRQHandler
                0x00000000000003d2                FIC64_IRQHandler
                0x00000000000003d4                FabricIrq0_IRQHandler
                0x00000000000003d6                FabricIrq1_IRQHandler
                0x00000000000003d8                FabricIrq2_IRQHandler
                0x00000000000003da                FabricIrq3_IRQHandler
                0x00000000000003dc                FabricIrq4_IRQHandler
                0x00000000000003de                FabricIrq5_IRQHandler
                0x00000000000003e0                FabricIrq6_IRQHandler
                0x00000000000003e2                FabricIrq7_IRQHandler
                0x00000000000003e4                FabricIrq8_IRQHandler
                0x00000000000003e6                FabricIrq9_IRQHandler
                0x00000000000003e8                FabricIrq10_IRQHandler
                0x00000000000003ea                FabricIrq11_IRQHandler
                0x00000000000003ec                FabricIrq12_IRQHandler
                0x00000000000003ee                FabricIrq13_IRQHandler
                0x00000000000003f0                FabricIrq14_IRQHandler
                0x00000000000003f2                FabricIrq15_IRQHandler
                0x00000000000003f8                GPIO2_IRQHandler
                0x00000000000003fa                GPIO3_IRQHandler
                0x00000000000003fc                GPIO4_IRQHandler
                0x00000000000003fe                GPIO5_IRQHandler
                0x0000000000000400                GPIO6_IRQHandler
                0x0000000000000402                GPIO7_IRQHandler
                0x0000000000000404                GPIO8_IRQHandler
                0x0000000000000406                GPIO9_IRQHandler
                0x0000000000000408                GPIO10_IRQHandler
                0x000000000000040a                GPIO11_IRQHandler
                0x000000000000040c                GPIO12_IRQHandler
                0x000000000000040e                GPIO13_IRQHandler
                0x0000000000000410                GPIO14_IRQHandler
                0x0000000000000412                GPIO15_IRQHandler
                0x0000000000000414                GPIO16_IRQHandler
                0x0000000000000416                GPIO17_IRQHandler
                0x0000000000000418                GPIO18_IRQHandler
                0x000000000000041a                GPIO19_IRQHandler
                0x000000000000041c                GPIO20_IRQHandler
                0x000000000000041e                GPIO21_IRQHandler
                0x0000000000000420                GPIO22_IRQHandler
                0x0000000000000422                GPIO23_IRQHandler
                0x0000000000000424                GPIO24_IRQHandler
                0x0000000000000426                GPIO25_IRQHandler
                0x0000000000000428                GPIO26_IRQHandler
                0x000000000000042a                GPIO27_IRQHandler
                0x000000000000042c                GPIO28_IRQHandler
                0x000000000000042e                GPIO29_IRQHandler
                0x0000000000000430                GPIO30_IRQHandler
                0x0000000000000432                GPIO31_IRQHandler
                0x0000000000000434                mscc_post_hw_cfg_init
                0x00000000000004c0                . = ALIGN (0x10)
 *fill*         0x00000000000004b4        0xc 

.text           0x00000000000004c0     0x24e0
 CREATE_OBJECT_SYMBOLS
                0x00000000000004c0                __text_load = LOADADDR (.text)
                0x00000000000004c0                __text_start = .
 *(.text .text.* .gnu.linkonce.t.*)
 .text.__do_global_dtors_aux
                0x00000000000004c0       0x24 c:/microchip/softconsole-v2021.1/arm-none-eabi-gcc/bin/../lib/gcc/arm-none-eabi/9.2.1/thumb/v7-m/nofp/crtbegin.o
 .text.frame_dummy
                0x00000000000004e4       0x1c c:/microchip/softconsole-v2021.1/arm-none-eabi-gcc/bin/../lib/gcc/arm-none-eabi/9.2.1/thumb/v7-m/nofp/crtbegin.o
 .text.set_bit_reg8
                0x0000000000000500       0x18 ./drivers/mss_uart/mss_uart.o
 .text.clear_bit_reg8
                0x0000000000000518       0x18 ./drivers/mss_uart/mss_uart.o
 .text.read_bit_reg8
                0x0000000000000530       0x18 ./drivers/mss_uart/mss_uart.o
 .text.default_tx_handler
                0x0000000000000548       0x84 ./drivers/mss_uart/mss_uart.o
 .text.MSS_UART_isr.part.0
                0x00000000000005cc       0xac ./drivers/mss_uart/mss_uart.o
 .text.global_init
                0x0000000000000678      0x1e8 ./drivers/mss_uart/mss_uart.o
 .text.MSS_UART_init
                0x0000000000000860       0x48 ./drivers/mss_uart/mss_uart.o
                0x0000000000000860                MSS_UART_init
 .text.MSS_UART_polled_tx
                0x00000000000008a8       0x68 ./drivers/mss_uart/mss_uart.o
                0x00000000000008a8                MSS_UART_polled_tx
 .text.MSS_UART_polled_tx_string
                0x0000000000000910       0x50 ./drivers/mss_uart/mss_uart.o
                0x0000000000000910                MSS_UART_polled_tx_string
 .text.MSS_UART_get_rx
                0x0000000000000960       0x6c ./drivers/mss_uart/mss_uart.o
                0x0000000000000960                MSS_UART_get_rx
 .text.UART0_IRQHandler
                0x00000000000009cc       0x1c ./drivers/mss_uart/mss_uart.o
                0x00000000000009cc                UART0_IRQHandler
 .text.UART1_IRQHandler
                0x00000000000009e8       0x1c ./drivers/mss_uart/mss_uart.o
                0x00000000000009e8                UART1_IRQHandler
 .text.complete_request
                0x0000000000000a04       0x28 ./drivers/mss_sys_services/mss_comblk.o
 .text.fill_tx_fifo
                0x0000000000000a2c       0x40 ./drivers/mss_sys_services/mss_comblk.o
 .text.process_sys_ctrl_command
                0x0000000000000a6c       0x10 ./drivers/mss_sys_services/mss_comblk.o
 .text.abort_current_cmd
                0x0000000000000a7c       0x30 ./drivers/mss_sys_services/mss_comblk.o
 .text.ComBlk_IRQHandler
                0x0000000000000aac      0x228 ./drivers/mss_sys_services/mss_comblk.o
                0x0000000000000aac                ComBlk_IRQHandler
 .text.start_transfer
                0x0000000000000cd4       0xa0 ./drivers/mss_hpdma/mss_hpdma.o
 .text.HPDMA_Complete_IRQHandler
                0x0000000000000d74       0x98 ./drivers/mss_hpdma/mss_hpdma.o
                0x0000000000000d74                HPDMA_Complete_IRQHandler
 .text.HPDMA_Error_IRQHandler
                0x0000000000000e0c       0xb0 ./drivers/mss_hpdma/mss_hpdma.o
                0x0000000000000e0c                HPDMA_Error_IRQHandler
 .text.MSS_GPIO_config
                0x0000000000000ebc       0x18 ./drivers/mss_gpio/mss_gpio.o
                0x0000000000000ebc                MSS_GPIO_config
 .text.MSS_GPIO_enable_irq
                0x0000000000000ed4       0x3c ./drivers/mss_gpio/mss_gpio.o
                0x0000000000000ed4                MSS_GPIO_enable_irq
 .text.MSS_GPIO_clear_irq
                0x0000000000000f10       0x18 ./drivers/mss_gpio/mss_gpio.o
                0x0000000000000f10                MSS_GPIO_clear_irq
 .text._sbrk    0x0000000000000f28       0x38 ./CMSIS/startup_gcc/newlib_stubs.o
                0x0000000000000f28                _sbrk
 .text.set_clock_frequency_globals
                0x0000000000000f60       0x40 ./CMSIS/system_m2sxxx.o
 .text.SystemInit
                0x0000000000000fa0      0x108 ./CMSIS/system_m2sxxx.o
                0x0000000000000fa0                SystemInit
 .text.SystemCoreClockUpdate
                0x00000000000010a8       0xb4 ./CMSIS/system_m2sxxx.o
                0x00000000000010a8                SystemCoreClockUpdate
 .text.GPIO0_IRQHandler
                0x000000000000115c       0x40 ./main.o
                0x000000000000115c                GPIO0_IRQHandler
 .text.GPIO1_IRQHandler
                0x000000000000119c       0x28 ./main.o
                0x000000000000119c                GPIO1_IRQHandler
 .text.read_simple
                0x00000000000011c4       0x70 ./main.o
                0x00000000000011c4                read_simple
 .text.read_tpsram
                0x0000000000001234       0x34 ./main.o
                0x0000000000001234                read_tpsram
 .text.send_request
                0x0000000000001268       0x20 ./main.o
                0x0000000000001268                send_request
 .text.scan_hex
                0x0000000000001288       0x64 ./main.o
                0x0000000000001288                scan_hex
 .text.order_numbers
                0x00000000000012ec       0x2c ./main.o
                0x00000000000012ec                order_numbers
 .text.operadores
                0x0000000000001318       0x2c ./main.o
                0x0000000000001318                operadores
 .text.delay    0x0000000000001344       0x14 ./main.o
                0x0000000000001344                delay
 .text.read_burst
                0x0000000000001358       0x16 ./main.o
                0x0000000000001358                read_burst
 *fill*         0x000000000000136e        0x2 
 .text.validate_data
                0x0000000000001370       0x3c ./main.o
                0x0000000000001370                validate_data
 .text.read_first_frame
                0x00000000000013ac       0x38 ./main.o
                0x00000000000013ac                read_first_frame
 .text.sending_injection
                0x00000000000013e4       0xc0 ./main.o
                0x00000000000013e4                sending_injection
 .text.Fault_Injection
                0x00000000000014a4      0x164 ./main.o
                0x00000000000014a4                Fault_Injection
 .text.startup.main
                0x0000000000001608      0x2a0 ./main.o
                0x0000000000001608                main
 .text.__libc_init_array
                0x00000000000018a8       0x48 c:/microchip/softconsole-v2021.1/arm-none-eabi-gcc/bin/../lib/gcc/arm-none-eabi/9.2.1/../../../../arm-none-eabi/lib/thumb/v7-m/nofp\libg_nano.a(lib_a-init.o)
                0x00000000000018a8                __libc_init_array
 .text.memcpy   0x00000000000018f0       0x1c c:/microchip/softconsole-v2021.1/arm-none-eabi-gcc/bin/../lib/gcc/arm-none-eabi/9.2.1/../../../../arm-none-eabi/lib/thumb/v7-m/nofp\libg_nano.a(lib_a-memcpy-stub.o)
                0x00000000000018f0                memcpy
 .text.memset   0x000000000000190c       0x10 c:/microchip/softconsole-v2021.1/arm-none-eabi-gcc/bin/../lib/gcc/arm-none-eabi/9.2.1/../../../../arm-none-eabi/lib/thumb/v7-m/nofp\libg_nano.a(lib_a-memset.o)
                0x000000000000190c                memset
 .text.srand    0x000000000000191c       0x48 c:/microchip/softconsole-v2021.1/arm-none-eabi-gcc/bin/../lib/gcc/arm-none-eabi/9.2.1/../../../../arm-none-eabi/lib/thumb/v7-m/nofp\libg_nano.a(lib_a-rand.o)
                0x000000000000191c                srand
 .text.rand     0x0000000000001964       0x68 c:/microchip/softconsole-v2021.1/arm-none-eabi-gcc/bin/../lib/gcc/arm-none-eabi/9.2.1/../../../../arm-none-eabi/lib/thumb/v7-m/nofp\libg_nano.a(lib_a-rand.o)
                0x0000000000001964                rand
 .text.sprintf  0x00000000000019cc       0x40 c:/microchip/softconsole-v2021.1/arm-none-eabi-gcc/bin/../lib/gcc/arm-none-eabi/9.2.1/../../../../arm-none-eabi/lib/thumb/v7-m/nofp\libg_nano.a(lib_a-sprintf.o)
                0x00000000000019cc                siprintf
                0x00000000000019cc                sprintf
 .text._strtol_l.isra.0
                0x0000000000001a0c       0xf4 c:/microchip/softconsole-v2021.1/arm-none-eabi-gcc/bin/../lib/gcc/arm-none-eabi/9.2.1/../../../../arm-none-eabi/lib/thumb/v7-m/nofp\libg_nano.a(lib_a-strtol.o)
 .text.strtol   0x0000000000001b00       0x14 c:/microchip/softconsole-v2021.1/arm-none-eabi-gcc/bin/../lib/gcc/arm-none-eabi/9.2.1/../../../../arm-none-eabi/lib/thumb/v7-m/nofp\libg_nano.a(lib_a-strtol.o)
                0x0000000000001b00                strtol
 .text.malloc   0x0000000000001b14       0x10 c:/microchip/softconsole-v2021.1/arm-none-eabi-gcc/bin/../lib/gcc/arm-none-eabi/9.2.1/../../../../arm-none-eabi/lib/thumb/v7-m/nofp\libg_nano.a(lib_a-malloc.o)
                0x0000000000001b14                malloc
 .text._free_r  0x0000000000001b24       0x98 c:/microchip/softconsole-v2021.1/arm-none-eabi-gcc/bin/../lib/gcc/arm-none-eabi/9.2.1/../../../../arm-none-eabi/lib/thumb/v7-m/nofp\libg_nano.a(lib_a-nano-freer.o)
                0x0000000000001b24                _free_r
 .text._malloc_r
                0x0000000000001bbc       0xb4 c:/microchip/softconsole-v2021.1/arm-none-eabi-gcc/bin/../lib/gcc/arm-none-eabi/9.2.1/../../../../arm-none-eabi/lib/thumb/v7-m/nofp\libg_nano.a(lib_a-nano-mallocr.o)
                0x0000000000001bbc                _malloc_r
 .text.__ssputs_r
                0x0000000000001c70       0xb6 c:/microchip/softconsole-v2021.1/arm-none-eabi-gcc/bin/../lib/gcc/arm-none-eabi/9.2.1/../../../../arm-none-eabi/lib/thumb/v7-m/nofp\libg_nano.a(lib_a-nano-svfprintf.o)
                0x0000000000001c70                __ssputs_r
 *fill*         0x0000000000001d26        0x2 
 .text._svfprintf_r
                0x0000000000001d28      0x200 c:/microchip/softconsole-v2021.1/arm-none-eabi-gcc/bin/../lib/gcc/arm-none-eabi/9.2.1/../../../../arm-none-eabi/lib/thumb/v7-m/nofp\libg_nano.a(lib_a-nano-svfprintf.o)
                0x0000000000001d28                _svfiprintf_r
                0x0000000000001d28                _svfprintf_r
 .text._printf_common
                0x0000000000001f28       0xde c:/microchip/softconsole-v2021.1/arm-none-eabi-gcc/bin/../lib/gcc/arm-none-eabi/9.2.1/../../../../arm-none-eabi/lib/thumb/v7-m/nofp\libg_nano.a(lib_a-nano-vfprintf_i.o)
                0x0000000000001f28                _printf_common
 *fill*         0x0000000000002006        0x2 
 .text._printf_i
                0x0000000000002008      0x24c c:/microchip/softconsole-v2021.1/arm-none-eabi-gcc/bin/../lib/gcc/arm-none-eabi/9.2.1/../../../../arm-none-eabi/lib/thumb/v7-m/nofp\libg_nano.a(lib_a-nano-vfprintf_i.o)
                0x0000000000002008                _printf_i
 .text._sbrk_r  0x0000000000002254       0x20 c:/microchip/softconsole-v2021.1/arm-none-eabi-gcc/bin/../lib/gcc/arm-none-eabi/9.2.1/../../../../arm-none-eabi/lib/thumb/v7-m/nofp\libg_nano.a(lib_a-sbrkr.o)
                0x0000000000002254                _sbrk_r
 .text.memchr   0x0000000000002274       0x1c c:/microchip/softconsole-v2021.1/arm-none-eabi-gcc/bin/../lib/gcc/arm-none-eabi/9.2.1/../../../../arm-none-eabi/lib/thumb/v7-m/nofp\libg_nano.a(lib_a-memchr-stub.o)
                0x0000000000002274                memchr
 .text.memmove  0x0000000000002290       0x34 c:/microchip/softconsole-v2021.1/arm-none-eabi-gcc/bin/../lib/gcc/arm-none-eabi/9.2.1/../../../../arm-none-eabi/lib/thumb/v7-m/nofp\libg_nano.a(lib_a-memmove.o)
                0x0000000000002290                memmove
 .text.__malloc_lock
                0x00000000000022c4        0xc c:/microchip/softconsole-v2021.1/arm-none-eabi-gcc/bin/../lib/gcc/arm-none-eabi/9.2.1/../../../../arm-none-eabi/lib/thumb/v7-m/nofp\libg_nano.a(lib_a-mlock.o)
                0x00000000000022c4                __malloc_lock
 .text.__malloc_unlock
                0x00000000000022d0        0xc c:/microchip/softconsole-v2021.1/arm-none-eabi-gcc/bin/../lib/gcc/arm-none-eabi/9.2.1/../../../../arm-none-eabi/lib/thumb/v7-m/nofp\libg_nano.a(lib_a-mlock.o)
                0x00000000000022d0                __malloc_unlock
 .text._realloc_r
                0x00000000000022dc       0x4c c:/microchip/softconsole-v2021.1/arm-none-eabi-gcc/bin/../lib/gcc/arm-none-eabi/9.2.1/../../../../arm-none-eabi/lib/thumb/v7-m/nofp\libg_nano.a(lib_a-nano-reallocr.o)
                0x00000000000022dc                _realloc_r
 .text.__retarget_lock_acquire_recursive
                0x0000000000002328        0x2 c:/microchip/softconsole-v2021.1/arm-none-eabi-gcc/bin/../lib/gcc/arm-none-eabi/9.2.1/../../../../arm-none-eabi/lib/thumb/v7-m/nofp\libg_nano.a(lib_a-lock.o)
                0x0000000000002328                __retarget_lock_acquire_recursive
 .text.__retarget_lock_release_recursive
                0x000000000000232a        0x2 c:/microchip/softconsole-v2021.1/arm-none-eabi-gcc/bin/../lib/gcc/arm-none-eabi/9.2.1/../../../../arm-none-eabi/lib/thumb/v7-m/nofp\libg_nano.a(lib_a-lock.o)
                0x000000000000232a                __retarget_lock_release_recursive
 .text._malloc_usable_size_r
                0x000000000000232c       0x10 c:/microchip/softconsole-v2021.1/arm-none-eabi-gcc/bin/../lib/gcc/arm-none-eabi/9.2.1/../../../../arm-none-eabi/lib/thumb/v7-m/nofp\libg_nano.a(lib_a-nano-msizer.o)
                0x000000000000232c                _malloc_usable_size_r
 *(.plt)
 *(.gnu.warning)
 *(.glue_7t)
 .glue_7t       0x000000000000233c        0x0 linker stubs
 *(.glue_7)
 .glue_7        0x000000000000233c        0x0 linker stubs
 *(.vfp11_veneer)
 .vfp11_veneer  0x000000000000233c        0x0 linker stubs
                0x000000000000233c                . = ALIGN (0x4)
 *crtbegin.o(.ctors)
 *(EXCLUDE_FILE(*crtend.o) .ctors)
 *(SORT_BY_NAME(.ctors.*))
 *crtend.o(.ctors)
 *crtbegin.o(.dtors)
 *(EXCLUDE_FILE(*crtend.o) .dtors)
 *(SORT_BY_NAME(.dtors.*))
 *crtend.o(.dtors)
 *(.rodata .rodata.* .gnu.linkonce.r.*)
 .rodata.g_m2s_mddr_addr
                0x000000000000233c        0x4 ./drivers_config/sys_config/sys_config.o
                0x000000000000233c                g_m2s_mddr_addr
 .rodata.g_m2s_mddr_subsys_config
                0x0000000000002340      0x10a ./drivers_config/sys_config/sys_config.o
                0x0000000000002340                g_m2s_mddr_subsys_config
 .rodata.g_gpio_irqn_lut
                0x000000000000244a       0x20 ./drivers/mss_gpio/mss_gpio.o
 *fill*         0x000000000000246a        0x2 
 .rodata.g_config_reg_lut
                0x000000000000246c       0x80 ./drivers/mss_gpio/mss_gpio.o
 .rodata        0x00000000000024ec        0x8 ./CMSIS/system_m2sxxx.o
 .rodata.str1.1
                0x00000000000024f4      0x357 ./main.o
                                        0x3a0 (size before relaxing)
 .rodata._ctype_
                0x000000000000284b      0x101 c:/microchip/softconsole-v2021.1/arm-none-eabi-gcc/bin/../lib/gcc/arm-none-eabi/9.2.1/../../../../arm-none-eabi/lib/thumb/v7-m/nofp\libg_nano.a(lib_a-ctype_.o)
                0x000000000000284b                _ctype_
 .rodata._svfprintf_r.str1.1
                0x000000000000294c       0x11 c:/microchip/softconsole-v2021.1/arm-none-eabi-gcc/bin/../lib/gcc/arm-none-eabi/9.2.1/../../../../arm-none-eabi/lib/thumb/v7-m/nofp\libg_nano.a(lib_a-nano-svfprintf.o)
 .rodata._printf_i.str1.1
                0x000000000000295d       0x22 c:/microchip/softconsole-v2021.1/arm-none-eabi-gcc/bin/../lib/gcc/arm-none-eabi/9.2.1/../../../../arm-none-eabi/lib/thumb/v7-m/nofp\libg_nano.a(lib_a-nano-vfprintf_i.o)
 *(.ARM.extab* .gnu.linkonce.armextab.*)
 *(.gcc_except_table)
 *(.eh_frame_hdr)
 *(.eh_frame)
 *fill*         0x000000000000297f        0x1 
 .eh_frame      0x0000000000002980        0x0 c:/microchip/softconsole-v2021.1/arm-none-eabi-gcc/bin/../lib/gcc/arm-none-eabi/9.2.1/thumb/v7-m/nofp/crtbegin.o
 *(.vector_table)
 *(.init)
 .init          0x0000000000002980        0x4 c:/microchip/softconsole-v2021.1/arm-none-eabi-gcc/bin/../lib/gcc/arm-none-eabi/9.2.1/thumb/v7-m/nofp/crti.o
                0x0000000000002980                _init
 .init          0x0000000000002984        0x8 c:/microchip/softconsole-v2021.1/arm-none-eabi-gcc/bin/../lib/gcc/arm-none-eabi/9.2.1/thumb/v7-m/nofp/crtn.o
 *(.fini)
 .fini          0x000000000000298c        0x4 c:/microchip/softconsole-v2021.1/arm-none-eabi-gcc/bin/../lib/gcc/arm-none-eabi/9.2.1/thumb/v7-m/nofp/crti.o
                0x000000000000298c                _fini
 .fini          0x0000000000002990        0x8 c:/microchip/softconsole-v2021.1/arm-none-eabi-gcc/bin/../lib/gcc/arm-none-eabi/9.2.1/thumb/v7-m/nofp/crtn.o
                0x0000000000002998                PROVIDE (__preinit_array_start = .)
 *(.preinit_array)
                0x0000000000002998                PROVIDE (__preinit_array_end = .)
                0x0000000000002998                PROVIDE (__init_array_start = .)
 *(SORT_BY_NAME(.init_array.*))
 *(.init_array)
 .init_array    0x0000000000002998        0x4 c:/microchip/softconsole-v2021.1/arm-none-eabi-gcc/bin/../lib/gcc/arm-none-eabi/9.2.1/thumb/v7-m/nofp/crtbegin.o
                0x000000000000299c                PROVIDE (__init_array_end = .)
                [!provide]                        PROVIDE (__fini_array_start = .)
 *(.fini_array)
 .fini_array    0x000000000000299c        0x4 c:/microchip/softconsole-v2021.1/arm-none-eabi-gcc/bin/../lib/gcc/arm-none-eabi/9.2.1/thumb/v7-m/nofp/crtbegin.o
 *(SORT_BY_NAME(.fini_array.*))
                [!provide]                        PROVIDE (__fini_array_end = .)
                0x00000000000029a0                . = ALIGN (0x10)
                0x00000000000029a0                __exidx_start = .

.v4_bx          0x00000000000029a0        0x0
 .v4_bx         0x00000000000029a0        0x0 linker stubs

.iplt           0x00000000000029a0        0x0
 .iplt          0x00000000000029a0        0x0 c:/microchip/softconsole-v2021.1/arm-none-eabi-gcc/bin/../lib/gcc/arm-none-eabi/9.2.1/thumb/v7-m/nofp/crtbegin.o

.rel.dyn        0x00000000000029a0        0x0
 .rel.iplt      0x00000000000029a0        0x0 c:/microchip/softconsole-v2021.1/arm-none-eabi-gcc/bin/../lib/gcc/arm-none-eabi/9.2.1/thumb/v7-m/nofp/crtbegin.o

.ARM.exidx
 *(.ARM.exidx* .gnu.linkonce.armexidx.*)
                0x00000000000029a0                __exidx_end = .
                0x00000000000029a0                _etext = .

.data           0x0000000020000000       0x90 load address 0x00000000000029a0
                0x00000000000029a0                __data_load = LOADADDR (.data)
                0x00000000000029a0                _sidata = LOADADDR (.data)
                0x0000000020000000                __data_start = .
                0x0000000020000000                _sdata = .
 *(.jcr)
 *(.got.plt)
 *(.got)
 *(.shdata)
 *(.data .data.* .gnu.linkonce.d.*)
 .data.SystemCoreClock
                0x0000000020000000        0x4 ./CMSIS/system_m2sxxx.o
                0x0000000020000000                SystemCoreClock
 .data.g_FrequencyFIC0
                0x0000000020000004        0x4 ./CMSIS/system_m2sxxx.o
                0x0000000020000004                g_FrequencyFIC0
 .data.g_FrequencyFIC1
                0x0000000020000008        0x4 ./CMSIS/system_m2sxxx.o
                0x0000000020000008                g_FrequencyFIC1
 .data.g_FrequencyFIC64
                0x000000002000000c        0x4 ./CMSIS/system_m2sxxx.o
                0x000000002000000c                g_FrequencyFIC64
 .data.g_FrequencyPCLK0
                0x0000000020000010        0x4 ./CMSIS/system_m2sxxx.o
                0x0000000020000010                g_FrequencyPCLK0
 .data.g_FrequencyPCLK1
                0x0000000020000014        0x4 ./CMSIS/system_m2sxxx.o
                0x0000000020000014                g_FrequencyPCLK1
 .data.g_FrequencyPCLK2
                0x0000000020000018        0x4 ./CMSIS/system_m2sxxx.o
                0x0000000020000018                g_FrequencyPCLK2
 .data.lenght_apb3
                0x000000002000001c        0x4 ./main.o
                0x000000002000001c                lenght_apb3
 .data.lenght_data
                0x0000000020000020        0x1 ./main.o
                0x0000000020000020                lenght_data
 *fill*         0x0000000020000021        0x3 
 .data._impure_ptr
                0x0000000020000024        0x4 c:/microchip/softconsole-v2021.1/arm-none-eabi-gcc/bin/../lib/gcc/arm-none-eabi/9.2.1/../../../../arm-none-eabi/lib/thumb/v7-m/nofp\libg_nano.a(lib_a-impure.o)
                0x0000000020000024                _impure_ptr
 .data.impure_data
                0x0000000020000028       0x60 c:/microchip/softconsole-v2021.1/arm-none-eabi-gcc/bin/../lib/gcc/arm-none-eabi/9.2.1/../../../../arm-none-eabi/lib/thumb/v7-m/nofp\libg_nano.a(lib_a-impure.o)
                0x0000000020000090                . = ALIGN (0x10)
 *fill*         0x0000000020000088        0x8 
                0x0000000020000090                _edata = .

.igot.plt       0x0000000020000090        0x0 load address 0x0000000000002a30
 .igot.plt      0x0000000020000090        0x0 c:/microchip/softconsole-v2021.1/arm-none-eabi-gcc/bin/../lib/gcc/arm-none-eabi/9.2.1/thumb/v7-m/nofp/crtbegin.o

.bss            0x0000000020000090      0x2f0 load address 0x0000000000002a30
                0x0000000020000090                __bss_start__ = .
                0x0000000020000090                _sbss = .
 *(.shbss)
 *(.bss .bss.* .gnu.linkonce.b.*)
 .bss.completed.8911
                0x0000000020000090        0x1 c:/microchip/softconsole-v2021.1/arm-none-eabi-gcc/bin/../lib/gcc/arm-none-eabi/9.2.1/thumb/v7-m/nofp/crtbegin.o
 *fill*         0x0000000020000091        0x3 
 .bss.object.8916
                0x0000000020000094       0x18 c:/microchip/softconsole-v2021.1/arm-none-eabi-gcc/bin/../lib/gcc/arm-none-eabi/9.2.1/thumb/v7-m/nofp/crtbegin.o
 .bss.g_comblk_response_size
                0x00000000200000ac        0x2 ./drivers/mss_sys_services/mss_comblk.o
 *fill*         0x00000000200000ae        0x2 
 .bss.g_comblk_page_handler
                0x00000000200000b0        0x4 ./drivers/mss_sys_services/mss_comblk.o
 .bss.g_comblk_p_cmd
                0x00000000200000b4        0x4 ./drivers/mss_sys_services/mss_comblk.o
 .bss.g_request_in_progress
                0x00000000200000b8        0x1 ./drivers/mss_sys_services/mss_comblk.o
 *fill*         0x00000000200000b9        0x3 
 .bss.g_async_event_handler
                0x00000000200000bc        0x4 ./drivers/mss_sys_services/mss_comblk.o
 .bss.g_comblk_cmd_size
                0x00000000200000c0        0x2 ./drivers/mss_sys_services/mss_comblk.o
 *fill*         0x00000000200000c2        0x2 
 .bss.g_comblk_p_data
                0x00000000200000c4        0x4 ./drivers/mss_sys_services/mss_comblk.o
 .bss.g_comblk_completion_handler
                0x00000000200000c8        0x4 ./drivers/mss_sys_services/mss_comblk.o
 .bss.g_comblk_response_idx
                0x00000000200000cc        0x2 ./drivers/mss_sys_services/mss_comblk.o
 *fill*         0x00000000200000ce        0x2 
 .bss.g_comblk_data_size
                0x00000000200000d0        0x4 ./drivers/mss_sys_services/mss_comblk.o
 .bss.g_comblk_p_response
                0x00000000200000d4        0x4 ./drivers/mss_sys_services/mss_comblk.o
 .bss.g_comblk_state
                0x00000000200000d8        0x1 ./drivers/mss_sys_services/mss_comblk.o
 .bss.g_comblk_cmd_opcode
                0x00000000200000d9        0x1 ./drivers/mss_sys_services/mss_comblk.o
 *fill*         0x00000000200000da        0x2 
 .bss.g_transfer
                0x00000000200000dc       0x18 ./drivers/mss_hpdma/mss_hpdma.o
 .bss.g_hpdma_current_desc
                0x00000000200000f4        0x4 ./drivers/mss_hpdma/mss_hpdma.o
 .bss.g_hpdma_end_desc
                0x00000000200000f8        0x4 ./drivers/mss_hpdma/mss_hpdma.o
 .bss.heap_end.5162
                0x00000000200000fc        0x4 ./CMSIS/startup_gcc/newlib_stubs.o
 .bss.num_fi    0x0000000020000100        0x4 ./main.o
                0x0000000020000100                num_fi
 .bss.cero_data
                0x0000000020000104        0x8 ./main.o
                0x0000000020000104                cero_data
 .bss.bit_val   0x000000002000010c        0x1 ./main.o
                0x000000002000010c                bit_val
 .bss.rx_size   0x000000002000010d        0x1 ./main.o
                0x000000002000010d                rx_size
 *fill*         0x000000002000010e        0x2 
 .bss.pos       0x0000000020000110        0x4 ./main.o
                0x0000000020000110                pos
 .bss.nerror    0x0000000020000114        0x4 ./main.o
                0x0000000020000114                nerror
 .bss.operador  0x0000000020000118        0x1 ./main.o
                0x0000000020000118                operador
 *fill*         0x0000000020000119        0x3 
 .bss.__malloc_free_list
                0x000000002000011c        0x4 c:/microchip/softconsole-v2021.1/arm-none-eabi-gcc/bin/../lib/gcc/arm-none-eabi/9.2.1/../../../../arm-none-eabi/lib/thumb/v7-m/nofp\libg_nano.a(lib_a-nano-mallocr.o)
                0x000000002000011c                __malloc_free_list
 .bss.__malloc_sbrk_start
                0x0000000020000120        0x4 c:/microchip/softconsole-v2021.1/arm-none-eabi-gcc/bin/../lib/gcc/arm-none-eabi/9.2.1/../../../../arm-none-eabi/lib/thumb/v7-m/nofp\libg_nano.a(lib_a-nano-mallocr.o)
                0x0000000020000120                __malloc_sbrk_start
 *(COMMON)
 COMMON         0x0000000020000124       0x80 ./drivers/mss_uart/mss_uart.o
                0x0000000020000124                g_mss_uart1
                0x0000000020000164                g_mss_uart0
 COMMON         0x00000000200001a4      0x1c6 ./main.o
                0x00000000200001a4                j
                0x00000000200001a6                rx_buff
                0x00000000200001a8                fab_word_ptr
                0x00000000200001ac                i
                0x00000000200001b0                output_buffer_single
                0x0000000020000340                seed
                0x0000000020000344                str
                0x0000000020000362                binary
 *fill*         0x000000002000036a        0x2 
 COMMON         0x000000002000036c        0x4 c:/microchip/softconsole-v2021.1/arm-none-eabi-gcc/bin/../lib/gcc/arm-none-eabi/9.2.1/../../../../arm-none-eabi/lib/thumb/v7-m/nofp\libg_nano.a(lib_a-reent.o)
                0x000000002000036c                errno
 COMMON         0x0000000020000370        0x9 c:/microchip/softconsole-v2021.1/arm-none-eabi-gcc/bin/../lib/gcc/arm-none-eabi/9.2.1/../../../../arm-none-eabi/lib/thumb/v7-m/nofp\libg_nano.a(lib_a-lock.o)
                0x0000000020000370                __lock___atexit_recursive_mutex
                0x0000000020000371                __lock___arc4random_mutex
                0x0000000020000372                __lock___env_recursive_mutex
                0x0000000020000373                __lock___sinit_recursive_mutex
                0x0000000020000374                __lock___malloc_recursive_mutex
                0x0000000020000375                __lock___at_quick_exit_mutex
                0x0000000020000376                __lock___dd_hash_mutex
                0x0000000020000377                __lock___tz_mutex
                0x0000000020000378                __lock___sfp_recursive_mutex
                0x0000000020000380                . = ALIGN (0x10)
 *fill*         0x0000000020000379        0x7 
                0x0000000020000380                __bss_end__ = .
                0x0000000020000380                _end = .
                0x0000000020000380                __end = _end
                0x0000000020000380                _ebss = .
                [!provide]                        PROVIDE (end = .)

.heap           0x0000000020000380     0xec80 load address 0x0000000000002a30
                0x0000000020000380                __heap_start__ = .
                0x0000000020001380                . = (. + MIN_SIZE_HEAP)
 *fill*         0x0000000020000380     0x1000 
                0x000000002000f000                . = (. + (((ABSOLUTE (RAM_START_ADDRESS) + RAM_SIZE) - MAIN_STACK_SIZE) - .))
 *fill*         0x0000000020001380     0xdc80 
                0x000000002000f000                _eheap = .

.stack          0x000000002000f000     0x1000 load address 0x0000000000002a30
                0x000000002000f000                __stack_start__ = .
                0x0000000020010000                . = (. + MAIN_STACK_SIZE)
 *fill*         0x000000002000f000     0x1000 
                0x0000000020010000                _estack = .

.stab
 *(.stab)

.stabstr
 *(.stabstr)

.debug
 *(.debug)

.line
 *(.line)

.debug_srcinfo
 *(.debug_srcinfo)

.debug_sfnames
 *(.debug_sfnames)

.debug_aranges  0x0000000000000000      0x488
 *(.debug_aranges)
 .debug_aranges
                0x0000000000000000       0x18 ./drivers_config/sys_config/sys_config.o
 .debug_aranges
                0x0000000000000018      0x1c0 ./drivers/mss_uart/mss_uart.o
 .debug_aranges
                0x00000000000001d8       0x68 ./drivers/mss_sys_services/mss_comblk.o
 .debug_aranges
                0x0000000000000240       0x68 ./drivers/mss_hpdma/mss_hpdma.o
 .debug_aranges
                0x00000000000002a8       0x50 ./drivers/mss_gpio/mss_gpio.o
 .debug_aranges
                0x00000000000002f8       0xa8 ./CMSIS/startup_gcc/newlib_stubs.o
 .debug_aranges
                0x00000000000003a0       0x20 ./CMSIS/startup_gcc/startup_m2sxxx.o
 .debug_aranges
                0x00000000000003c0       0x30 ./CMSIS/system_m2sxxx.o
 .debug_aranges
                0x00000000000003f0       0x98 ./main.o

.debug_pubnames
 *(.debug_pubnames)

.debug_info     0x0000000000000000     0xa4ca
 *(.debug_info .gnu.linkonce.wi.*)
 .debug_info    0x0000000000000000     0x11ae ./drivers_config/sys_config/sys_config.o
 .debug_info    0x00000000000011ae     0x24c3 ./drivers/mss_uart/mss_uart.o
 .debug_info    0x0000000000003671      0xd9c ./drivers/mss_sys_services/mss_comblk.o
 .debug_info    0x000000000000440d     0x1236 ./drivers/mss_hpdma/mss_hpdma.o
 .debug_info    0x0000000000005643     0x103f ./drivers/mss_gpio/mss_gpio.o
 .debug_info    0x0000000000006682      0x707 ./CMSIS/startup_gcc/newlib_stubs.o
 .debug_info    0x0000000000006d89       0x85 ./CMSIS/startup_gcc/startup_m2sxxx.o
 .debug_info    0x0000000000006e0e     0x1eab ./CMSIS/system_m2sxxx.o
 .debug_info    0x0000000000008cb9     0x1811 ./main.o

.debug_abbrev   0x0000000000000000     0x1568
 *(.debug_abbrev)
 .debug_abbrev  0x0000000000000000      0x124 ./drivers_config/sys_config/sys_config.o
 .debug_abbrev  0x0000000000000124      0x3cd ./drivers/mss_uart/mss_uart.o
 .debug_abbrev  0x00000000000004f1      0x316 ./drivers/mss_sys_services/mss_comblk.o
 .debug_abbrev  0x0000000000000807      0x294 ./drivers/mss_hpdma/mss_hpdma.o
 .debug_abbrev  0x0000000000000a9b      0x1e8 ./drivers/mss_gpio/mss_gpio.o
 .debug_abbrev  0x0000000000000c83      0x222 ./CMSIS/startup_gcc/newlib_stubs.o
 .debug_abbrev  0x0000000000000ea5       0x14 ./CMSIS/startup_gcc/startup_m2sxxx.o
 .debug_abbrev  0x0000000000000eb9      0x2cb ./CMSIS/system_m2sxxx.o
 .debug_abbrev  0x0000000000001184      0x3e4 ./main.o

.debug_line     0x0000000000000000     0x258a
 *(.debug_line)
 .debug_line    0x0000000000000000      0x198 ./drivers_config/sys_config/sys_config.o
 .debug_line    0x0000000000000198      0xcb7 ./drivers/mss_uart/mss_uart.o
 .debug_line    0x0000000000000e4f      0x448 ./drivers/mss_sys_services/mss_comblk.o
 .debug_line    0x0000000000001297      0x319 ./drivers/mss_hpdma/mss_hpdma.o
 .debug_line    0x00000000000015b0      0x29b ./drivers/mss_gpio/mss_gpio.o
 .debug_line    0x000000000000184b      0x21f ./CMSIS/startup_gcc/newlib_stubs.o
 .debug_line    0x0000000000001a6a      0x190 ./CMSIS/startup_gcc/startup_m2sxxx.o
 .debug_line    0x0000000000001bfa      0x44d ./CMSIS/system_m2sxxx.o
 .debug_line    0x0000000000002047      0x543 ./main.o

.debug_frame    0x0000000000000000     0x106c
 *(.debug_frame)
 .debug_frame   0x0000000000000000      0x4f4 ./drivers/mss_uart/mss_uart.o
 .debug_frame   0x00000000000004f4      0x13c ./drivers/mss_sys_services/mss_comblk.o
 .debug_frame   0x0000000000000630       0xfc ./drivers/mss_hpdma/mss_hpdma.o
 .debug_frame   0x000000000000072c       0x88 ./drivers/mss_gpio/mss_gpio.o
 .debug_frame   0x00000000000007b4      0x160 ./CMSIS/startup_gcc/newlib_stubs.o
 .debug_frame   0x0000000000000914       0x5c ./CMSIS/system_m2sxxx.o
 .debug_frame   0x0000000000000970      0x1d8 ./main.o
 .debug_frame   0x0000000000000b48       0x2c c:/microchip/softconsole-v2021.1/arm-none-eabi-gcc/bin/../lib/gcc/arm-none-eabi/9.2.1/../../../../arm-none-eabi/lib/thumb/v7-m/nofp\libg_nano.a(lib_a-init.o)
 .debug_frame   0x0000000000000b74       0x28 c:/microchip/softconsole-v2021.1/arm-none-eabi-gcc/bin/../lib/gcc/arm-none-eabi/9.2.1/../../../../arm-none-eabi/lib/thumb/v7-m/nofp\libg_nano.a(lib_a-memcpy-stub.o)
 .debug_frame   0x0000000000000b9c       0x20 c:/microchip/softconsole-v2021.1/arm-none-eabi-gcc/bin/../lib/gcc/arm-none-eabi/9.2.1/../../../../arm-none-eabi/lib/thumb/v7-m/nofp\libg_nano.a(lib_a-memset.o)
 .debug_frame   0x0000000000000bbc       0x44 c:/microchip/softconsole-v2021.1/arm-none-eabi-gcc/bin/../lib/gcc/arm-none-eabi/9.2.1/../../../../arm-none-eabi/lib/thumb/v7-m/nofp\libg_nano.a(lib_a-rand.o)
 .debug_frame   0x0000000000000c00       0x6c c:/microchip/softconsole-v2021.1/arm-none-eabi-gcc/bin/../lib/gcc/arm-none-eabi/9.2.1/../../../../arm-none-eabi/lib/thumb/v7-m/nofp\libg_nano.a(lib_a-sprintf.o)
 .debug_frame   0x0000000000000c6c       0x64 c:/microchip/softconsole-v2021.1/arm-none-eabi-gcc/bin/../lib/gcc/arm-none-eabi/9.2.1/../../../../arm-none-eabi/lib/thumb/v7-m/nofp\libg_nano.a(lib_a-strtol.o)
 .debug_frame   0x0000000000000cd0       0x30 c:/microchip/softconsole-v2021.1/arm-none-eabi-gcc/bin/../lib/gcc/arm-none-eabi/9.2.1/../../../../arm-none-eabi/lib/thumb/v7-m/nofp\libg_nano.a(lib_a-malloc.o)
 .debug_frame   0x0000000000000d00       0x38 c:/microchip/softconsole-v2021.1/arm-none-eabi-gcc/bin/../lib/gcc/arm-none-eabi/9.2.1/../../../../arm-none-eabi/lib/thumb/v7-m/nofp\libg_nano.a(lib_a-nano-freer.o)
 .debug_frame   0x0000000000000d38       0x30 c:/microchip/softconsole-v2021.1/arm-none-eabi-gcc/bin/../lib/gcc/arm-none-eabi/9.2.1/../../../../arm-none-eabi/lib/thumb/v7-m/nofp\libg_nano.a(lib_a-nano-mallocr.o)
 .debug_frame   0x0000000000000d68       0x90 c:/microchip/softconsole-v2021.1/arm-none-eabi-gcc/bin/../lib/gcc/arm-none-eabi/9.2.1/../../../../arm-none-eabi/lib/thumb/v7-m/nofp\libg_nano.a(lib_a-nano-svfprintf.o)
 .debug_frame   0x0000000000000df8       0x60 c:/microchip/softconsole-v2021.1/arm-none-eabi-gcc/bin/../lib/gcc/arm-none-eabi/9.2.1/../../../../arm-none-eabi/lib/thumb/v7-m/nofp\libg_nano.a(lib_a-nano-vfprintf_i.o)
 .debug_frame   0x0000000000000e58       0x2c c:/microchip/softconsole-v2021.1/arm-none-eabi-gcc/bin/../lib/gcc/arm-none-eabi/9.2.1/../../../../arm-none-eabi/lib/thumb/v7-m/nofp\libg_nano.a(lib_a-sbrkr.o)
 .debug_frame   0x0000000000000e84       0x28 c:/microchip/softconsole-v2021.1/arm-none-eabi-gcc/bin/../lib/gcc/arm-none-eabi/9.2.1/../../../../arm-none-eabi/lib/thumb/v7-m/nofp\libg_nano.a(lib_a-memchr-stub.o)
 .debug_frame   0x0000000000000eac       0x28 c:/microchip/softconsole-v2021.1/arm-none-eabi-gcc/bin/../lib/gcc/arm-none-eabi/9.2.1/../../../../arm-none-eabi/lib/thumb/v7-m/nofp\libg_nano.a(lib_a-memmove.o)
 .debug_frame   0x0000000000000ed4       0x30 c:/microchip/softconsole-v2021.1/arm-none-eabi-gcc/bin/../lib/gcc/arm-none-eabi/9.2.1/../../../../arm-none-eabi/lib/thumb/v7-m/nofp\libg_nano.a(lib_a-mlock.o)
 .debug_frame   0x0000000000000f04       0x3c c:/microchip/softconsole-v2021.1/arm-none-eabi-gcc/bin/../lib/gcc/arm-none-eabi/9.2.1/../../../../arm-none-eabi/lib/thumb/v7-m/nofp\libg_nano.a(lib_a-nano-reallocr.o)
 .debug_frame   0x0000000000000f40       0x5c c:/microchip/softconsole-v2021.1/arm-none-eabi-gcc/bin/../lib/gcc/arm-none-eabi/9.2.1/../../../../arm-none-eabi/lib/thumb/v7-m/nofp\libg_nano.a(lib_a-reent.o)
 .debug_frame   0x0000000000000f9c       0xb0 c:/microchip/softconsole-v2021.1/arm-none-eabi-gcc/bin/../lib/gcc/arm-none-eabi/9.2.1/../../../../arm-none-eabi/lib/thumb/v7-m/nofp\libg_nano.a(lib_a-lock.o)
 .debug_frame   0x000000000000104c       0x20 c:/microchip/softconsole-v2021.1/arm-none-eabi-gcc/bin/../lib/gcc/arm-none-eabi/9.2.1/../../../../arm-none-eabi/lib/thumb/v7-m/nofp\libg_nano.a(lib_a-nano-msizer.o)

.debug_str      0x0000000000000000     0x3d00
 *(.debug_str)
 .debug_str     0x0000000000000000     0x10bc ./drivers_config/sys_config/sys_config.o
                                       0x111d (size before relaxing)
 .debug_str     0x00000000000010bc     0x1895 ./drivers/mss_uart/mss_uart.o
                                       0x1a93 (size before relaxing)
 .debug_str     0x0000000000002951      0x33d ./drivers/mss_sys_services/mss_comblk.o
                                        0xb35 (size before relaxing)
 .debug_str     0x0000000000002c8e      0x512 ./drivers/mss_hpdma/mss_hpdma.o
                                       0x138f (size before relaxing)
 .debug_str     0x00000000000031a0      0x47f ./drivers/mss_gpio/mss_gpio.o
                                       0x12e4 (size before relaxing)
 .debug_str     0x000000000000361f      0x203 ./CMSIS/startup_gcc/newlib_stubs.o
                                        0x3d3 (size before relaxing)
 .debug_str     0x0000000000003822      0x29d ./CMSIS/system_m2sxxx.o
                                       0x1af4 (size before relaxing)
 .debug_str     0x0000000000003abf      0x241 ./main.o
                                        0xd93 (size before relaxing)

.debug_loc      0x0000000000000000     0x2612
 *(.debug_loc)
 .debug_loc     0x0000000000000000     0x145a ./drivers/mss_uart/mss_uart.o
 .debug_loc     0x000000000000145a      0x5ca ./drivers/mss_sys_services/mss_comblk.o
 .debug_loc     0x0000000000001a24      0x232 ./drivers/mss_hpdma/mss_hpdma.o
 .debug_loc     0x0000000000001c56      0x1bc ./drivers/mss_gpio/mss_gpio.o
 .debug_loc     0x0000000000001e12      0x291 ./CMSIS/startup_gcc/newlib_stubs.o
 .debug_loc     0x00000000000020a3      0x1e9 ./CMSIS/system_m2sxxx.o
 .debug_loc     0x000000000000228c      0x386 ./main.o

.comment        0x0000000000000000       0xd6
 .comment       0x0000000000000000       0x66 ./drivers_config/sys_config/sys_config.o
                                         0x67 (size before relaxing)
 .comment       0x0000000000000066       0x70 ./drivers/mss_uart/mss_uart.o
                                         0x71 (size before relaxing)
 .comment       0x00000000000000d6       0x71 ./drivers/mss_sys_services/mss_comblk.o
 .comment       0x00000000000000d6       0x71 ./drivers/mss_hpdma/mss_hpdma.o
 .comment       0x00000000000000d6       0x71 ./drivers/mss_gpio/mss_gpio.o
 .comment       0x00000000000000d6       0x71 ./CMSIS/startup_gcc/newlib_stubs.o
 .comment       0x00000000000000d6       0x67 ./CMSIS/system_m2sxxx.o
 .comment       0x00000000000000d6       0x71 ./main.o

.debug_macinfo
 *(.debug_macinfo)

.debug_weaknames
 *(.debug_weaknames)

.debug_funcnames
 *(.debug_funcnames)

.debug_typenames
 *(.debug_typenames)

.debug_varnames
 *(.debug_varnames)

.note.gnu.arm.ident
 *(.note.gnu.arm.ident)

.ARM.attributes
                0x0000000000000000       0x29
 *(.ARM.attributes)
 .ARM.attributes
                0x0000000000000000       0x1d c:/microchip/softconsole-v2021.1/arm-none-eabi-gcc/bin/../lib/gcc/arm-none-eabi/9.2.1/thumb/v7-m/nofp/crti.o
 .ARM.attributes
                0x000000000000001d       0x2d c:/microchip/softconsole-v2021.1/arm-none-eabi-gcc/bin/../lib/gcc/arm-none-eabi/9.2.1/thumb/v7-m/nofp/crtbegin.o
 .ARM.attributes
                0x000000000000004a       0x1b c:/microchip/softconsole-v2021.1/arm-none-eabi-gcc/bin/../lib/gcc/arm-none-eabi/9.2.1/../../../../arm-none-eabi/lib/thumb/v7-m/nofp/crt0.o
 .ARM.attributes
                0x0000000000000065       0x21 ./hal/CortexM3/GNU/hal.o
 .ARM.attributes
                0x0000000000000086       0x21 ./hal/CortexM3/GNU/hw_reg_access.o
 .ARM.attributes
                0x00000000000000a7       0x33 ./hal/CortexM3/cortex_nvic.o
 .ARM.attributes
                0x00000000000000da       0x33 ./drivers_config/sys_config/sys_config.o
 .ARM.attributes
                0x000000000000010d       0x33 ./drivers/mss_uart/mss_uart.o
 .ARM.attributes
                0x0000000000000140       0x33 ./drivers/mss_sys_services/mss_comblk.o
 .ARM.attributes
                0x0000000000000173       0x33 ./drivers/mss_sys_services/mss_sys_services.o
 .ARM.attributes
                0x00000000000001a6       0x33 ./drivers/mss_nvm/mss_nvm.o
 .ARM.attributes
                0x00000000000001d9       0x33 ./drivers/mss_hpdma/mss_hpdma.o
 .ARM.attributes
                0x000000000000020c       0x33 ./drivers/mss_gpio/mss_gpio.o
 .ARM.attributes
                0x000000000000023f       0x33 ./CMSIS/startup_gcc/newlib_stubs.o
 .ARM.attributes
                0x0000000000000272       0x21 ./CMSIS/startup_gcc/startup_m2sxxx.o
 .ARM.attributes
                0x0000000000000293       0x2d ./CMSIS/system_m2sxxx.o
 .ARM.attributes
                0x00000000000002c0       0x33 ./main.o
 .ARM.attributes
                0x00000000000002f3       0x2d c:/microchip/softconsole-v2021.1/arm-none-eabi-gcc/bin/../lib/gcc/arm-none-eabi/9.2.1/../../../../arm-none-eabi/lib/thumb/v7-m/nofp\libg_nano.a(lib_a-atoi.o)
 .ARM.attributes
                0x0000000000000320       0x2d c:/microchip/softconsole-v2021.1/arm-none-eabi-gcc/bin/../lib/gcc/arm-none-eabi/9.2.1/../../../../arm-none-eabi/lib/thumb/v7-m/nofp\libg_nano.a(lib_a-errno.o)
 .ARM.attributes
                0x000000000000034d       0x2d c:/microchip/softconsole-v2021.1/arm-none-eabi-gcc/bin/../lib/gcc/arm-none-eabi/9.2.1/../../../../arm-none-eabi/lib/thumb/v7-m/nofp\libg_nano.a(lib_a-exit.o)
 .ARM.attributes
                0x000000000000037a       0x2d c:/microchip/softconsole-v2021.1/arm-none-eabi-gcc/bin/../lib/gcc/arm-none-eabi/9.2.1/../../../../arm-none-eabi/lib/thumb/v7-m/nofp\libg_nano.a(lib_a-impure.o)
 .ARM.attributes
                0x00000000000003a7       0x2d c:/microchip/softconsole-v2021.1/arm-none-eabi-gcc/bin/../lib/gcc/arm-none-eabi/9.2.1/../../../../arm-none-eabi/lib/thumb/v7-m/nofp\libg_nano.a(lib_a-init.o)
 .ARM.attributes
                0x00000000000003d4       0x2d c:/microchip/softconsole-v2021.1/arm-none-eabi-gcc/bin/../lib/gcc/arm-none-eabi/9.2.1/../../../../arm-none-eabi/lib/thumb/v7-m/nofp\libg_nano.a(lib_a-memcpy-stub.o)
 .ARM.attributes
                0x0000000000000401       0x2d c:/microchip/softconsole-v2021.1/arm-none-eabi-gcc/bin/../lib/gcc/arm-none-eabi/9.2.1/../../../../arm-none-eabi/lib/thumb/v7-m/nofp\libg_nano.a(lib_a-memset.o)
 .ARM.attributes
                0x000000000000042e       0x2d c:/microchip/softconsole-v2021.1/arm-none-eabi-gcc/bin/../lib/gcc/arm-none-eabi/9.2.1/../../../../arm-none-eabi/lib/thumb/v7-m/nofp\libg_nano.a(lib_a-rand.o)
 .ARM.attributes
                0x000000000000045b       0x2d c:/microchip/softconsole-v2021.1/arm-none-eabi-gcc/bin/../lib/gcc/arm-none-eabi/9.2.1/../../../../arm-none-eabi/lib/thumb/v7-m/nofp\libg_nano.a(lib_a-sprintf.o)
 .ARM.attributes
                0x0000000000000488       0x2d c:/microchip/softconsole-v2021.1/arm-none-eabi-gcc/bin/../lib/gcc/arm-none-eabi/9.2.1/../../../../arm-none-eabi/lib/thumb/v7-m/nofp\libg_nano.a(lib_a-strtol.o)
 .ARM.attributes
                0x00000000000004b5       0x2d c:/microchip/softconsole-v2021.1/arm-none-eabi-gcc/bin/../lib/gcc/arm-none-eabi/9.2.1/../../../../arm-none-eabi/lib/thumb/v7-m/nofp\libg_nano.a(lib_a-ctype_.o)
 .ARM.attributes
                0x00000000000004e2       0x2d c:/microchip/softconsole-v2021.1/arm-none-eabi-gcc/bin/../lib/gcc/arm-none-eabi/9.2.1/../../../../arm-none-eabi/lib/thumb/v7-m/nofp\libg_nano.a(lib_a-malloc.o)
 .ARM.attributes
                0x000000000000050f       0x2d c:/microchip/softconsole-v2021.1/arm-none-eabi-gcc/bin/../lib/gcc/arm-none-eabi/9.2.1/../../../../arm-none-eabi/lib/thumb/v7-m/nofp\libg_nano.a(lib_a-nano-freer.o)
 .ARM.attributes
                0x000000000000053c       0x2d c:/microchip/softconsole-v2021.1/arm-none-eabi-gcc/bin/../lib/gcc/arm-none-eabi/9.2.1/../../../../arm-none-eabi/lib/thumb/v7-m/nofp\libg_nano.a(lib_a-nano-mallocr.o)
 .ARM.attributes
                0x0000000000000569       0x2d c:/microchip/softconsole-v2021.1/arm-none-eabi-gcc/bin/../lib/gcc/arm-none-eabi/9.2.1/../../../../arm-none-eabi/lib/thumb/v7-m/nofp\libg_nano.a(lib_a-nano-svfprintf.o)
 .ARM.attributes
                0x0000000000000596       0x2d c:/microchip/softconsole-v2021.1/arm-none-eabi-gcc/bin/../lib/gcc/arm-none-eabi/9.2.1/../../../../arm-none-eabi/lib/thumb/v7-m/nofp\libg_nano.a(lib_a-nano-vfprintf_i.o)
 .ARM.attributes
                0x00000000000005c3       0x2d c:/microchip/softconsole-v2021.1/arm-none-eabi-gcc/bin/../lib/gcc/arm-none-eabi/9.2.1/../../../../arm-none-eabi/lib/thumb/v7-m/nofp\libg_nano.a(lib_a-sbrkr.o)
 .ARM.attributes
                0x00000000000005f0       0x2d c:/microchip/softconsole-v2021.1/arm-none-eabi-gcc/bin/../lib/gcc/arm-none-eabi/9.2.1/../../../../arm-none-eabi/lib/thumb/v7-m/nofp\libg_nano.a(lib_a-memchr-stub.o)
 .ARM.attributes
                0x000000000000061d       0x2d c:/microchip/softconsole-v2021.1/arm-none-eabi-gcc/bin/../lib/gcc/arm-none-eabi/9.2.1/../../../../arm-none-eabi/lib/thumb/v7-m/nofp\libg_nano.a(lib_a-memmove.o)
 .ARM.attributes
                0x000000000000064a       0x2d c:/microchip/softconsole-v2021.1/arm-none-eabi-gcc/bin/../lib/gcc/arm-none-eabi/9.2.1/../../../../arm-none-eabi/lib/thumb/v7-m/nofp\libg_nano.a(lib_a-mlock.o)
 .ARM.attributes
                0x0000000000000677       0x2d c:/microchip/softconsole-v2021.1/arm-none-eabi-gcc/bin/../lib/gcc/arm-none-eabi/9.2.1/../../../../arm-none-eabi/lib/thumb/v7-m/nofp\libg_nano.a(lib_a-nano-reallocr.o)
 .ARM.attributes
                0x00000000000006a4       0x2d c:/microchip/softconsole-v2021.1/arm-none-eabi-gcc/bin/../lib/gcc/arm-none-eabi/9.2.1/../../../../arm-none-eabi/lib/thumb/v7-m/nofp\libg_nano.a(lib_a-reent.o)
 .ARM.attributes
                0x00000000000006d1       0x2d c:/microchip/softconsole-v2021.1/arm-none-eabi-gcc/bin/../lib/gcc/arm-none-eabi/9.2.1/../../../../arm-none-eabi/lib/thumb/v7-m/nofp\libg_nano.a(lib_a-lock.o)
 .ARM.attributes
                0x00000000000006fe       0x2d c:/microchip/softconsole-v2021.1/arm-none-eabi-gcc/bin/../lib/gcc/arm-none-eabi/9.2.1/../../../../arm-none-eabi/lib/thumb/v7-m/nofp\libg_nano.a(lib_a-nano-msizer.o)
 .ARM.attributes
                0x000000000000072b       0x2d c:/microchip/softconsole-v2021.1/arm-none-eabi-gcc/bin/../lib/gcc/arm-none-eabi/9.2.1/thumb/v7-m/nofp/crtend.o
 .ARM.attributes
                0x0000000000000758       0x1d c:/microchip/softconsole-v2021.1/arm-none-eabi-gcc/bin/../lib/gcc/arm-none-eabi/9.2.1/thumb/v7-m/nofp/crtn.o

/DISCARD/
 *(.note.GNU-stack)
OUTPUT(TMR_NFTVC.elf elf32-littlearm)

.debug_ranges   0x0000000000000000      0x5a0
 .debug_ranges  0x0000000000000000      0x1f8 ./drivers/mss_uart/mss_uart.o
 .debug_ranges  0x00000000000001f8       0xd8 ./drivers/mss_sys_services/mss_comblk.o
 .debug_ranges  0x00000000000002d0       0x88 ./drivers/mss_hpdma/mss_hpdma.o
 .debug_ranges  0x0000000000000358       0x78 ./drivers/mss_gpio/mss_gpio.o
 .debug_ranges  0x00000000000003d0       0x98 ./CMSIS/startup_gcc/newlib_stubs.o
 .debug_ranges  0x0000000000000468       0xb0 ./CMSIS/system_m2sxxx.o
 .debug_ranges  0x0000000000000518       0x88 ./main.o
