Synplify Pro (R) Job Log
Date: 12:23:13    18-Mar-2024
Install Directory: C:\Microchip\Libero_SoC_v2023.2\SynplifyPro

JobFlow: synthesis
   Run Start Time: 12:22:39
   Runtime: 34s
   Executable Run Time: 33 - (Sum of all child executables)
   Current Working Directory: D:\ESPE\TESIS\SW_LIBERO\PROGRAMAS\B_PRUEBAS\Prueba37_16KB_TMR04_DT2\synthesis

   JobFlow: synthesis
      Run Start Time: 12:22:39
      Runtime: 34s
      Executable Run Time: 33 - (Sum of all child executables)

      JobFlow: compile
         Run Start Time: 12:22:39
         Runtime: 26s
         Executable Run Time: 25 - (Sum of all child executables)

         JobFlow: compile_flow
            Run Start Time: 12:22:39
            Runtime: 23s
            Executable Run Time: 22 - (Sum of all child executables)

            Job: compiler
               executable: bin64\c_hdl.exe
               Run Directory: D:/ESPE/TESIS/SW_LIBERO/PROGRAMAS/B_PRUEBAS/Prueba37_16KB_TMR04_DT2/synthesis
               Run State: complete
               Return Code: 0
               Has Errors: no
               Run Start Time: 12:22:39
               Run Time: 22s
               Executable Run Time: 21 - (Executable run time excluding UI processing)
               Memory Usage: -
               Up-to-date (run skipped): no

            Job: multi_srs_gen
               executable: bin64\syn_nfilter.exe
               Run Directory: D:/ESPE/TESIS/SW_LIBERO/PROGRAMAS/B_PRUEBAS/Prueba37_16KB_TMR04_DT2/synthesis
               Run State: complete
               Return Code: 0
               Has Errors: no
               Run Start Time: 12:23:01
               Run Time: 01s
               Executable Run Time: 1 - (Executable run time excluding UI processing)
               Memory Usage: -
               Up-to-date (run skipped): no

         Job: premap
            executable: bin64\m_generic.exe
            Run Directory: D:/ESPE/TESIS/SW_LIBERO/PROGRAMAS/B_PRUEBAS/Prueba37_16KB_TMR04_DT2/synthesis
            Run State: complete
            Return Code: 1
            Has Errors: no
            Run Start Time: 12:23:02
            Run Time: 03s
            Executable Run Time: 3 - (Executable run time excluding UI processing)
            Memory Usage: -
            Up-to-date (run skipped): no

      JobFlow: map
         Run Start Time: 12:23:05
         Runtime: 08s
         Executable Run Time: 8 - (Sum of all child executables)

         Job: fpga_mapper
            executable: bin64\m_generic.exe
            Run Directory: D:/ESPE/TESIS/SW_LIBERO/PROGRAMAS/B_PRUEBAS/Prueba37_16KB_TMR04_DT2/synthesis
            Run State: complete
            Return Code: 1
            Has Errors: no
            Run Start Time: 12:23:05
            Run Time: 08s
            Executable Run Time: 8 - (Executable run time excluding UI processing)
            Memory Usage: -
            Up-to-date (run skipped): no
