
                               Synplify Pro (R) 

               Version T-2022.09M-SP2-1 for win64 - Jun 27, 2023 

                    Copyright (c) 1988 - 2023 Synopsys, Inc.
   This software and the associated documentation are proprietary to Synopsys,
 Inc. This software may only be used in accordance with the terms and conditions
 of a written license agreement with Synopsys, Inc. All other use, reproduction,
   or distribution of this software is strictly prohibited.  Licensed Products
     communicate with Synopsys servers for the purpose of providing software
    updates, detecting software piracy and verifying that customers are using
    Licensed Products in conformity with the applicable License Key for such
  Licensed Products. Synopsys will use information gathered in connection with
    this process to deliver software updates and pursue software pirates and
                                   infringers.

 Inclusivity & Diversity - Visit SolvNetPlus to read the "Synopsys Statement on
            Inclusivity and Diversity" (Refer to article 000036315 at
                        https://solvnetplus.synopsys.com)

Starting:    C:\Microchip\Libero_SoC_v2023.2\SynplifyPro\bin64\mbin\synbatch.exe
Install:     C:\Microchip\Libero_SoC_v2023.2\SynplifyPro
Hostname:    DESKTOP-HO2RJRQ
Date:        Mon Mar 18 12:22:38 2024
Version:     T-2022.09M-SP2-1

Arguments:   -product synplify_pro -licensetype synplifypro_actel -batch -log synplify.log TMR_3PS_syn.tcl
ProductType: synplify_pro

License checkout: synplifypro_actel
License: synplifypro_actel from server DESKTOP-HO2RJRQ 
Licensed Vendor: actel
License Option: actel_oem

Running in Vendor Mode

use_module_idb is not supported in current product.
auto_infer_blackbox is not supported in current product.
log file: "D:\ESPE\TESIS\SW_LIBERO\PROGRAMAS\B_PRUEBAS\Prueba37_16KB_TMR04_DT2\synthesis\TMR_3PS.srr"
Running: synthesis in foreground

Running TMR_3PS_syn|synthesis

Running Flow: compile (Compile) on TMR_3PS_syn|synthesis
# Mon Mar 18 12:22:39 2024

Running Flow: compile_flow (Compile Process) on TMR_3PS_syn|synthesis
# Mon Mar 18 12:22:39 2024

Running: compiler (Compile Input) on TMR_3PS_syn|synthesis
# Mon Mar 18 12:22:39 2024
Copied D:\ESPE\TESIS\SW_LIBERO\PROGRAMAS\B_PRUEBAS\Prueba37_16KB_TMR04_DT2\synthesis\synwork\TMR_3PS_comp.srs to D:\ESPE\TESIS\SW_LIBERO\PROGRAMAS\B_PRUEBAS\Prueba37_16KB_TMR04_DT2\synthesis\TMR_3PS.srs

compiler completed
# Mon Mar 18 12:23:01 2024

Return Code: 0
Run Time:00h:00m:21s

Running: multi_srs_gen (Multi-srs Generator) on TMR_3PS_syn|synthesis
# Mon Mar 18 12:23:01 2024

multi_srs_gen completed
# Mon Mar 18 12:23:02 2024

Return Code: 0
Run Time:00h:00m:01s
Copied D:\ESPE\TESIS\SW_LIBERO\PROGRAMAS\B_PRUEBAS\Prueba37_16KB_TMR04_DT2\synthesis\synwork\TMR_3PS_mult.srs to D:\ESPE\TESIS\SW_LIBERO\PROGRAMAS\B_PRUEBAS\Prueba37_16KB_TMR04_DT2\synthesis\TMR_3PS.srs
Complete: Compile Process on TMR_3PS_syn|synthesis

Running: premap (Premap) on TMR_3PS_syn|synthesis
# Mon Mar 18 12:23:02 2024

premap completed with warnings
# Mon Mar 18 12:23:05 2024

Return Code: 1
Run Time:00h:00m:03s
Complete: Compile on TMR_3PS_syn|synthesis

Running Flow: map (Map) on TMR_3PS_syn|synthesis
# Mon Mar 18 12:23:05 2024
License granted for 4 parallel jobs

Running: fpga_mapper (Map & Optimize) on TMR_3PS_syn|synthesis
# Mon Mar 18 12:23:05 2024
Copied D:\ESPE\TESIS\SW_LIBERO\PROGRAMAS\B_PRUEBAS\Prueba37_16KB_TMR04_DT2\synthesis\synwork\TMR_3PS_m.srm to D:\ESPE\TESIS\SW_LIBERO\PROGRAMAS\B_PRUEBAS\Prueba37_16KB_TMR04_DT2\synthesis\TMR_3PS.srm

fpga_mapper completed with warnings
# Mon Mar 18 12:23:13 2024

Return Code: 1
Run Time:00h:00m:08s
Complete: Map on TMR_3PS_syn|synthesis
Complete: Logic Synthesis on TMR_3PS_syn|synthesis
TCL script complete: "TMR_3PS_syn.tcl"
exit status=0
exit status=0
License checkin: synplifypro_actel
