----------------------------------------------------------------
-Pin Report - Date: Mon Mar 18 12:23:50 2024 Pinchecksum: NOT-AVAILABLE
-Product: Designer
-Release: v2023.2
-Version: 2023.2.0.8
-Design Name: TMR_3PS
-Family: SmartFusion2
-Die: M2S010
-Package: 256 VF
-----------------------------------------------------------------

Number |Port                    |Function                                   |State         |I/O Std  |Direction |I/O state in Flash*Freeze mode |Resistor Pull |I/O available in Flash*Freeze mode |Schmitt Trigger |Odt_Static |Odt Imp (Ohm) |Low Power Exit |Input Delay |Slew |Pre-Emphasis |Output Drive (mA) |Output Load (pF) |
-------|------------------------|-------------------------------------------|--------------|---------|----------|-------------------------------|--------------|-----------------------------------|----------------|-----------|--------------|---------------|------------|-----|-------------|------------------|-----------------|
A1                               VDDI0                                       Reserved       
A2      MDDR_DQ_0[1]             DDRIO54NB0/MDDR_DQ1                         Fixed          SSTL15I   Inout      TRISTATE                        None           ---                                 ---              Off         40             Off             Off          ---   ---           ---                5                 
A3      MDDR_DM_RDQS_0[0]        DDRIO51PB0/MDDR_DM_RDQS0                    Fixed          SSTL15I   Inout      TRISTATE                        None           ---                                 ---              Off         40             Off             Off          ---   ---           ---                5                 
A4      MDDR_DQS_N_0[0]          DDRIO52NB0/MDDR_DQS0_N                      Fixed          SSTL15I   Inout      TRISTATE                        None           ---                                 ---              Off         40             Off             Off          ---   ---           ---                5                 
A5      MDDR_DQS_0[0]            DDRIO52PB0/MDDR_DQS0                        Fixed          SSTL15I   Inout      TRISTATE                        None           ---                                 ---              Off         40             Off             Off          ---   ---           ---                5                 
A6                               VSS                                         Reserved       
A7      MDDR_DQ_0[7]             DDRIO49PB0/MDDR_DQ7                         Fixed          SSTL15I   Inout      TRISTATE                        None           ---                                 ---              Off         40             Off             Off          ---   ---           ---                5                 
A8      MDDR_DQS_TMATCH_0_OUT_0  DDRIO49NB0/MDDR_TMATCH_0_OUT                Fixed          SSTL15I   Output     TRISTATE                        None           ---                                 ---              ---         ---            ---             ---          ---   ---           ---                5                 
A9                               DDRIO46PB0/MDDR_DQS1                        Unassigned     
A10                              DDRIO46NB0/MDDR_DQS1_N                      Unassigned     
A11                              VDDI0                                       Reserved       
A12     MDDR_CAS_N_0             DDRIO40NB0/MDDR_CAS_N                       Fixed          SSTL15I   Output     TRISTATE                        None           ---                                 ---              ---         ---            ---             ---          ---   ---           ---                5                 
A13     MDDR_RESET_N_0           DDRIO40PB0/MDDR_RESET_N                     Fixed          SSTL15I   Output     TRISTATE                        None           ---                                 ---              ---         ---            ---             ---          ---   ---           ---                5                 
A14     MDDR_CLK_0               DDRIO39PB0/MDDR_CLK                         Fixed          SSTL15I   Output     TRISTATE                        None           ---                                 ---              ---         ---            ---             ---          ---   ---           ---                5                 
A15     MDDR_CLK_N_0             DDRIO39NB0/MDDR_CLK_N                       Fixed          SSTL15I   Output     TRISTATE                        None           ---                                 ---              ---         ---            ---             ---          ---   ---           ---                5                 
A16                              VSS                                         Reserved       
B1                               DDRIO58NB0/MDDR_DQS_ECC_N                   Unassigned     
B2      MDDR_DQ_0[0]             DDRIO54PB0/MDDR_DQ0                         Fixed          SSTL15I   Inout      TRISTATE                        None           ---                                 ---              Off         40             Off             Off          ---   ---           ---                5                 
B3      MDDR_DQ_0[4]             DDRIO51NB0/MDDR_DQ4                         Fixed          SSTL15I   Inout      TRISTATE                        None           ---                                 ---              Off         40             Off             Off          ---   ---           ---                5                 
B4                               VDDI0                                       Reserved       
B5      MDDR_DQ_0[3]             DDRIO53NB0/MDDR_DQ3                         Fixed          SSTL15I   Inout      TRISTATE                        None           ---                                 ---              Off         40             Off             Off          ---   ---           ---                5                 
B6      MDDR_DQ_0[2]             DDRIO53PB0/MDDR_DQ2                         Fixed          SSTL15I   Inout      TRISTATE                        None           ---                                 ---              Off         40             Off             Off          ---   ---           ---                5                 
B7      MDDR_DQ_0[5]             DDRIO50PB0/MDDR_DQ5                         Fixed          SSTL15I   Inout      TRISTATE                        None           ---                                 ---              Off         40             Off             Off          ---   ---           ---                5                 
B8      MDDR_DQS_TMATCH_0_IN_0   DDRIO45PB0/MDDR_TMATCH_0_IN                 Fixed          SSTL15I   Input      TRISTATE                        None           ---                                 ---              Off         40             Off             Off          ---   ---           ---                ---               
B9                               VSS                                         Reserved       
B10                              DDRIO44NB0/MDDR_DQ13                        Unassigned     
B11                              DDRIO44PB0/MDDR_DQ12                        Unassigned     
B12     MDDR_RAS_N_0             DDRIO42PB0/MDDR_RAS_N                       Fixed          SSTL15I   Output     TRISTATE                        None           ---                                 ---              ---         ---            ---             ---          ---   ---           ---                5                 
B13     MDDR_BA_0[2]             DDRIO37PB0/MDDR_BA2                         Fixed          SSTL15I   Output     TRISTATE                        None           ---                                 ---              ---         ---            ---             ---          ---   ---           ---                5                 
B14                              VDDI0                                       Reserved       
B15     MDDR_ADDR_0[15]          DDRIO29NB0/MDDR_ADDR15                      Fixed          SSTL15I   Output     TRISTATE                        None           ---                                 ---              ---         ---            ---             ---          ---   ---           ---                5                 
B16     MDDR_ADDR_0[3]           DDRIO35PB0/MDDR_ADDR3                       Fixed          SSTL15I   Output     TRISTATE                        None           ---                                 ---              ---         ---            ---             ---          ---   ---           ---                5                 
C1                               DDRIO58PB0/MDDR_DQS_ECC                     Unassigned     
C2                               VSS                                         Reserved       
C3                               DDRIO57NB0/MDDR_DM_RDQS_ECC                 Unassigned     
C4                               DDRIO57PB0/MDDR_TMATCH_ECC_IN               Unassigned     
C5                               DDRIO56PB0/MDDR_DQ_ECC1                     Unassigned     
C6      MDDR_DQ_0[6]             DDRIO50NB0/MDDR_DQ6                         Fixed          SSTL15I   Inout      TRISTATE                        None           ---                                 ---              Off         40             Off             Off          ---   ---           ---                5                 
C7                               VDDI0                                       Reserved       
C8                               DDRIO48PB0/MDDR_DQ8                         Unassigned     
C9                               DDRIO48NB0/MDDR_DQ9                         Unassigned     
C10                              DDRIO45NB0/MDDR_DM_RDQS1                    Unassigned     
C11     MDDR_WE_N_0              DDRIO42NB0/MDDR_WE_N                        Fixed          SSTL15I   Output     TRISTATE                        None           ---                                 ---              ---         ---            ---             ---          ---   ---           ---                5                 
C12     MDDR_BA_0[0]             DDRIO38PB0/MDDR_BA0                         Fixed          SSTL15I   Output     TRISTATE                        None           ---                                 ---              ---         ---            ---             ---          ---   ---           ---                5                 
C13                              VSS                                         Reserved       
C14     MDDR_ADDR_0[0]           DDRIO37NB0/MDDR_ADDR0                       Fixed          SSTL15I   Output     TRISTATE                        None           ---                                 ---              ---         ---            ---             ---          ---   ---           ---                5                 
C15     MDDR_ADDR_0[14]          DDRIO29PB0/MDDR_ADDR14                      Fixed          SSTL15I   Output     TRISTATE                        None           ---                                 ---              ---         ---            ---             ---          ---   ---           ---                5                 
C16     MDDR_ADDR_0[4]           DDRIO35NB0/MDDR_ADDR4                       Fixed          SSTL15I   Output     TRISTATE                        None           ---                                 ---              ---         ---            ---             ---          ---   ---           ---                5                 
D1                               DDRIO55PB0/CCC_NE0_CLKI3                    Special        
D2                               DDRIO55NB0                                  Unassigned     
D3                               DDRIO60PB0/MDDR_TMATCH_ECC_OUT              Unassigned     
D4                               DDRIO59PB0/GB0                              Special        
D5                               VSS                                         Reserved       
D6                               DDRIO56NB0/MDDR_DQ_ECC0                     Unassigned     
D7                               DDRIO47PB0/MDDR_DQ10                        Unassigned     
D8                               DDRIO47NB0/MDDR_DQ11                        Unassigned     
D9                               DDRIO43PB0/MDDR_DQ14                        Unassigned     
D10                              VDDI0                                       Reserved       
D11     MDDR_CS_N_0              DDRIO41NB0/MDDR_CS_N                        Fixed          SSTL15I   Output     TRISTATE                        None           ---                                 ---              ---         ---            ---             ---          ---   ---           ---                5                 
D12     MDDR_BA_0[1]             DDRIO38NB0/MDDR_BA1                         Fixed          SSTL15I   Output     TRISTATE                        None           ---                                 ---              ---         ---            ---             ---          ---   ---           ---                5                 
D13     MDDR_ADDR_0[13]          DDRIO30NB0/MDDR_ADDR13                      Fixed          SSTL15I   Output     TRISTATE                        None           ---                                 ---              ---         ---            ---             ---          ---   ---           ---                5                 
D14     MDDR_ADDR_0[12]          DDRIO30PB0/MDDR_ADDR12                      Fixed          SSTL15I   Output     TRISTATE                        None           ---                                 ---              ---         ---            ---             ---          ---   ---           ---                5                 
D15                              VSS                                         Reserved       
D16     MDDR_ADDR_0[5]           DDRIO34PB0/MDDR_ADDR5                       Fixed          SSTL15I   Output     TRISTATE                        None           ---                                 ---              ---         ---            ---             ---          ---   ---           ---                5                 
E1                               MDDR_IMP_CALIB_ECC                          Reserved       
E2                               DDRIO60NB0/CCC_NE1_CLKI3                    Special        
E3                               VDDI0                                       Reserved       
E4                               DDRIO59NB0/GB4                              Special        
E5                               NC                                          Reserved       
E6                               NC                                          Reserved       
E7                               VREF                                        Reserved       
E8                               DDRIO43NB0/MDDR_DQ15                        Unassigned     
E9                               VREF                                        Reserved       
E10     MDDR_CKE_0               DDRIO41PB0/MDDR_CKE                         Fixed          SSTL15I   Output     TRISTATE                        None           ---                                 ---              ---         ---            ---             ---          ---   ---           ---                5                 
E11     MDDR_ADDR_0[1]           DDRIO36PB0/MDDR_ADDR1                       Fixed          SSTL15I   Output     TRISTATE                        None           ---                                 ---              ---         ---            ---             ---          ---   ---           ---                5                 
E12     MDDR_ADDR_0[2]           DDRIO36NB0/MDDR_ADDR2                       Fixed          SSTL15I   Output     TRISTATE                        None           ---                                 ---              ---         ---            ---             ---          ---   ---           ---                5                 
E13                              VDDI0                                       Reserved       
E14     MDDR_ADDR_0[10]          DDRIO31PB0/MDDR_ADDR10                      Fixed          SSTL15I   Output     TRISTATE                        None           ---                                 ---              ---         ---            ---             ---          ---   ---           ---                5                 
E15     MDDR_ADDR_0[9]           DDRIO32NB0/MDDR_ADDR9                       Fixed          SSTL15I   Output     TRISTATE                        None           ---                                 ---              ---         ---            ---             ---          ---   ---           ---                5                 
E16     MDDR_ADDR_0[6]           DDRIO34NB0/MDDR_ADDR6                       Fixed          SSTL15I   Output     TRISTATE                        None           ---                                 ---              ---         ---            ---             ---          ---   ---           ---                5                 
F1                               VSS                                         Reserved       
F2                               MSIO79NB7                                   Unassigned     
F3                               MSIO78NB7                                   Unassigned     
F4                               MSIO78PB7/GB2                               Special        
F5                               MSIO75NB7                                   Unassigned     
F6                               VDDI7                                       Reserved       
F7                               VSS                                         Reserved       
F8                               VDDI0                                       Reserved       
F9                               VSS                                         Reserved       
F10                              VDDI0                                       Reserved       
F11                              CCC_NE0_NE1_MSS_MDDR_PLL_VDDA               Reserved       
F12                              CCC_NE0_NE1_MSS_MDDR_PLL_VSSA               Reserved       
F13     MDDR_ADDR_0[11]          DDRIO31NB0/MDDR_ADDR11                      Fixed          SSTL15I   Output     TRISTATE                        None           ---                                 ---              ---         ---            ---             ---          ---   ---           ---                5                 
F14     MDDR_ADDR_0[8]           DDRIO32PB0/MDDR_ADDR8                       Fixed          SSTL15I   Output     TRISTATE                        None           ---                                 ---              ---         ---            ---             ---          ---   ---           ---                5                 
F15     MDDR_ADDR_0[7]           DDRIO33NB0/MDDR_ADDR7                       Fixed          SSTL15I   Output     TRISTATE                        None           ---                                 ---              ---         ---            ---             ---          ---   ---           ---                5                 
F16     MDDR_ODT_0               DDRIO33PB0/MDDR_ODT                         Fixed          SSTL15I   Output     TRISTATE                        None           ---                                 ---              ---         ---            ---             ---          ---   ---           ---                5                 
G1                               MSIO79PB7/GB1                               Special        
G2                               MSIO80NB7                                   Unassigned     
G3                               MSIO80PB7                                   Unassigned     
G4                               VSS                                         Reserved       
G5                               MSIO75PB7                                   Unassigned     
G6                               VSS                                         Reserved       
G7                               VDD                                         Reserved       
G8                               VSS                                         Reserved       
G9                               VDD                                         Reserved       
G10                              VSS                                         Reserved       
G11                              VDDI1                                       Reserved       
G12                              MSI26NB1/MMUART_0_TXD/GPIO_27_B             Unassigned     
G13                              MSIO27PB1/MMUART_0_RXD/GPIO_28_B            Unassigned     
G14                              MSIO18NB2/GPIO_9_A                          Unassigned     
G15                              VSS                                         Reserved       
G16                              MSIO19NB2/GPIO_14_A                         Unassigned     
H1                               MSIOD85PB6/CCC_NE1_CLKI1                    Special        
H2                               VDDI7                                       Reserved       
H3                               MSIO81PB7                                   Unassigned     
H4                               MSIO81NB7                                   Unassigned     
H5                               MSIOD86PB6                                  Unassigned     
H6                               VDDI6                                       Reserved       
H7                               VSS                                         Reserved       
H8                               VDD                                         Reserved       
H9                               VSS                                         Reserved       
H10                              VPP                                         Reserved       
H11                              FLASH_GOLDEN_N                              Reserved       
H12                              MSIO21NB1/MMUART_1_TXD/GPIO_24_B            Unassigned     
H13                              MSIO22NB1/MMUART_1_RXD/GPIO_26_B            Unassigned     
H14     MMUART_0_RXD_F2M         MSIO18PB2/GPIO_8_A                          Fixed          LVCMOS25  Input      TRISTATE                        None           No                                  Off              ---         ---            Off             Off          ---   ---           ---                ---               
H15     MMUART_0_TXD_M2F         MSIO19PB2/GPIO_10_A                         Fixed          LVCMOS25  Output     TRISTATE                        None           No                                  ---              ---         ---            ---             ---          SLOW  ---           4                  5                 
H16                              MSIO11NB2/I2C_1_SCL/GPIO_1_A/CCC_NE0_CLKI2  Special        
J1                               MSIOD100PB5                                 Unassigned     
J2                               MSIOD100NB5                                 Unassigned     
J3                               MSIOD84PB6/CCC_NE1_CLKI2                    Special        
J4                               VSS                                         Reserved       
J5                               MSIOD83PB6                                  Unassigned     
J6                               VSS                                         Reserved       
J7                               VDD                                         Reserved       
J8                               VSS                                         Reserved       
J9                               VDD                                         Reserved       
J10                              VSS                                         Reserved       
J11                              VDDI2                                       Reserved       
J12                              MSIO13NB2/SPI_0_SS0/GPIO_7_A                Unassigned     
J13                              MSIO12NB2/SPI_0_SDI/GPIO_5_A                Unassigned     
J14                              MSIO12PB2/SPI_0_CLK                         Unassigned     
J15                              VDDI2                                       Reserved       
J16                              MSIO11PB2/I2C_1_SDA/GPIO_0_A/CCC_NE0_CLKI1  Special        
K1                               MSIOD101NB5                                 Unassigned     
K2                               VDDI5                                       Reserved       
K3                               DNC                                         Reserved       
K4                               VSS                                         Reserved       
K5                               VPP                                         Reserved       
K6                               NC                                          Reserved       
K7                               VSS                                         Reserved       
K8                               VDD                                         Reserved       
K9                               VSS                                         Reserved       
K10                              VDD                                         Reserved       
K11                              VPPNVM                                      Reserved       
K12                              MSIO13PB2/SPI_0_SDO/GPIO_6_A                Unassigned     
K13                              VSS                                         Reserved       
K14                              MSIO6PB2/USB_DATA6_B                        Unassigned     
K15                              MSIO6NB2                                    Unassigned     
K16                              MSIO4PB2/USB_DATA2_B                        Unassigned     
L1                               MSIOD101PB5                                 Unassigned     
L2                               DNC                                         Reserved       
L3                               VDD                                         Reserved       
L4                               VSS                                         Reserved       
L5                               NC                                          Reserved       
L6                               VSS                                         Reserved       
L7                               VDD                                         Reserved       
L8                               VSS                                         Reserved       
L9                               VPP                                         Reserved       
L10                              VSSNVM                                      Reserved       
L11                              MSIO3PB2/USB_DATA0_B                        Unassigned     
L12                              MSIO3NB2/USB_DATA1_B                        Unassigned     
L13                              MSIO5NB2/USB_DATA5_B                        Unassigned     
L14                              MSIO5PB2/USB_DATA4_B                        Unassigned     
L15                              MSIO4NB2/USB_DATA3_B                        Unassigned     
L16                              VSS                                         Reserved       
M1                               VSS                                         Reserved       
M2                               VSS                                         Reserved       
M3                               VSS                                         Reserved       
M4                               VDD                                         Reserved       
M5                               VDD                                         Reserved       
M6                               VDD                                         Reserved       
M7                               MSIO104PB4/GB3                              Special        
M8                               MSIO105NB4                                  Unassigned     
M9                               MSIO114PB4                                  Unassigned     
M10                              MSIO114NB4                                  Unassigned     
M11     DEVRST_N_0               DEVRST_N                                    Dedicated      
M12                              JTAGSEL                                     Reserved       
M13                              MSIO2NB2/USB_NXT_B                          Unassigned     
M14                              VDDI2                                       Reserved       
M15                              MSIO0PB2                                    Unassigned     
M16                              MSIO1NB2/USB_DIR_B                          Unassigned     
N1                               VSS                                         Reserved       
N2                               VSS                                         Reserved       
N3                               VSS                                         Reserved       
N4                               VSS                                         Reserved       
N5                               VDD                                         Reserved       
N6                               VSS                                         Reserved       
N7                               MSIO104NB4/GB7                              Special        
N8                               MSIO105PB4/CCC_NE0_CLKI0                    Special        
N9                               VSS                                         Reserved       
N10                              MSIO109NB4                                  Unassigned     
N11                              JTAG_TMS/M3_TMS/M3_SWDIO                    Reserved       
N12                              VDDI3                                       Reserved       
N13                              JTAG_TRSTB/M3_TRSTB                         Reserved       
N14                              MSIO2PB2/USB_STP_B                          Unassigned     
N15                              MSIO0NB2/USB_DATA7_B                        Unassigned     
N16                              MSIO1PB2/USB_XCLK_B                         Unassigned     
P1                               VSS                                         Reserved       
P2                               VSS                                         Reserved       
P3                               VSS                                         Reserved       
P4                               VSS                                         Reserved       
P5                               VSS                                         Reserved       
P6                               MSIO103PB4/PROBE_A                          User Reserved  
P7                               MSIO103NB4/PROBE_B                          User Reserved  
P8                               MSIO112NB4                                  Unassigned     
P9                               MSIO113PB4                                  Unassigned     
P10                              MSIO109PB4                                  Unassigned     
P11                              VDDI4                                       Reserved       
P12                              MSIO117PB4                                  Unassigned     
P13                              MSIO117NB4                                  Unassigned     
P14                              JTAG_TDO/M3_TDO/M3_SWO                      Reserved       
P15                              VSS                                         Reserved       
P16                              JTAG_TDI/M3_TDI                             Reserved       
R1                               VSS                                         Reserved       
R2                               DNC                                         Reserved       
R3                               VSS                                         Reserved       
R4                               DNC                                         Reserved       
R5                               VSS                                         Reserved       
R6                               MSIO102PB4                                  Unassigned     
R7                               VDDI4                                       Reserved       
R8                               MSIO112PB4                                  Unassigned     
R9                               MSIO106NB4                                  Unassigned     
R10                              MSIO113NB4                                  Unassigned     
R11                              MSIO115NB4                                  Unassigned     
R12                              MSIO116NB4                                  Unassigned     
R13                              MSIO118NB4                                  Unassigned     
R14                              JTAG_TCK/M3_TCK                             Reserved       
R15                              XTLOSC_MAIN_EXTAL                           Reserved       
R16                              XTLOSC_MAIN_XTAL                            Reserved       
T1                               VSS                                         Reserved       
T2                               DNC                                         Reserved       
T3                               VSS                                         Reserved       
T4                               DNC                                         Reserved       
T5                               VSS                                         Reserved       
T6                               MSIO102NB4/CCC_NE1_CLKI0                    Special        
T7                               MSIO110PB4                                  Unassigned     
T8                               MSIO110NB4                                  Unassigned     
T9                               MSIO106PB4                                  Unassigned     
T10                              VSS                                         Reserved       
T11                              MSIO115PB4                                  Unassigned     
T12                              MSIO116PB4                                  Unassigned     
T13                              MSIO118PB4                                  Unassigned     
T14                              VSS                                         Reserved       
T15                              XTLOSC_AUX_XTAL                             Reserved       
T16                              XTLOSC_AUX_EXTAL                            Reserved       
