----------------------------------------------------------------
-Pin Report - Date: Mon Mar 18 12:23:50 2024 Pinchecksum: NOT-AVAILABLE
-Product: Designer
-Release: v2023.2
-Version: 2023.2.0.8
-Design Name: TMR_3PS
-Family: SmartFusion2
-Die: M2S010
-Package: 256 VF
-----------------------------------------------------------------

Port                    |Pin |Fixed |Function                     |Bank     |I/O Std   |Direction                      |I/O state in Flash*Freeze mode |Resistor Pull                      |I/O available in Flash*Freeze mode |Schmitt Trigger |Odt_Static    |Odt Imp (Ohm)  |Low Power Exit |Input Delay |Slew         |Pre-Emphasis      |Output Drive (mA) |Output Load (pF) |
------------------------|----|------|-----------------------------|---------|----------|-------------------------------|-------------------------------|-----------------------------------|-----------------------------------|----------------|--------------|---------------|---------------|------------|-------------|------------------|------------------|-----------------|
DEVRST_N_0               M11  Fixed  DEVRST_N                      ---       
MDDR_ADDR_0[0]           C14  Yes    DDRIO37NB0/MDDR_ADDR0         Bank0     SSTL15I    Output                          TRISTATE                        None                                ---                                 ---              ---            ---             ---             ---          ---           ---                ---                5                 
MDDR_ADDR_0[1]           E11  Yes    DDRIO36PB0/MDDR_ADDR1         Bank0     SSTL15I    Output                          TRISTATE                        None                                ---                                 ---              ---            ---             ---             ---          ---           ---                ---                5                 
MDDR_ADDR_0[2]           E12  Yes    DDRIO36NB0/MDDR_ADDR2         Bank0     SSTL15I    Output                          TRISTATE                        None                                ---                                 ---              ---            ---             ---             ---          ---           ---                ---                5                 
MDDR_ADDR_0[3]           B16  Yes    DDRIO35PB0/MDDR_ADDR3         Bank0     SSTL15I    Output                          TRISTATE                        None                                ---                                 ---              ---            ---             ---             ---          ---           ---                ---                5                 
MDDR_ADDR_0[4]           C16  Yes    DDRIO35NB0/MDDR_ADDR4         Bank0     SSTL15I    Output                          TRISTATE                        None                                ---                                 ---              ---            ---             ---             ---          ---           ---                ---                5                 
MDDR_ADDR_0[5]           D16  Yes    DDRIO34PB0/MDDR_ADDR5         Bank0     SSTL15I    Output                          TRISTATE                        None                                ---                                 ---              ---            ---             ---             ---          ---           ---                ---                5                 
MDDR_ADDR_0[6]           E16  Yes    DDRIO34NB0/MDDR_ADDR6         Bank0     SSTL15I    Output                          TRISTATE                        None                                ---                                 ---              ---            ---             ---             ---          ---           ---                ---                5                 
MDDR_ADDR_0[7]           F15  Yes    DDRIO33NB0/MDDR_ADDR7         Bank0     SSTL15I    Output                          TRISTATE                        None                                ---                                 ---              ---            ---             ---             ---          ---           ---                ---                5                 
MDDR_ADDR_0[8]           F14  Yes    DDRIO32PB0/MDDR_ADDR8         Bank0     SSTL15I    Output                          TRISTATE                        None                                ---                                 ---              ---            ---             ---             ---          ---           ---                ---                5                 
MDDR_ADDR_0[9]           E15  Yes    DDRIO32NB0/MDDR_ADDR9         Bank0     SSTL15I    Output                          TRISTATE                        None                                ---                                 ---              ---            ---             ---             ---          ---           ---                ---                5                 
MDDR_ADDR_0[10]          E14  Yes    DDRIO31PB0/MDDR_ADDR10        Bank0     SSTL15I    Output                          TRISTATE                        None                                ---                                 ---              ---            ---             ---             ---          ---           ---                ---                5                 
MDDR_ADDR_0[11]          F13  Yes    DDRIO31NB0/MDDR_ADDR11        Bank0     SSTL15I    Output                          TRISTATE                        None                                ---                                 ---              ---            ---             ---             ---          ---           ---                ---                5                 
MDDR_ADDR_0[12]          D14  Yes    DDRIO30PB0/MDDR_ADDR12        Bank0     SSTL15I    Output                          TRISTATE                        None                                ---                                 ---              ---            ---             ---             ---          ---           ---                ---                5                 
MDDR_ADDR_0[13]          D13  Yes    DDRIO30NB0/MDDR_ADDR13        Bank0     SSTL15I    Output                          TRISTATE                        None                                ---                                 ---              ---            ---             ---             ---          ---           ---                ---                5                 
MDDR_ADDR_0[14]          C15  Yes    DDRIO29PB0/MDDR_ADDR14        Bank0     SSTL15I    Output                          TRISTATE                        None                                ---                                 ---              ---            ---             ---             ---          ---           ---                ---                5                 
MDDR_ADDR_0[15]          B15  Yes    DDRIO29NB0/MDDR_ADDR15        Bank0     SSTL15I    Output                          TRISTATE                        None                                ---                                 ---              ---            ---             ---             ---          ---           ---                ---                5                 
MDDR_BA_0[0]             C12  Yes    DDRIO38PB0/MDDR_BA0           Bank0     SSTL15I    Output                          TRISTATE                        None                                ---                                 ---              ---            ---             ---             ---          ---           ---                ---                5                 
MDDR_BA_0[1]             D12  Yes    DDRIO38NB0/MDDR_BA1           Bank0     SSTL15I    Output                          TRISTATE                        None                                ---                                 ---              ---            ---             ---             ---          ---           ---                ---                5                 
MDDR_BA_0[2]             B13  Yes    DDRIO37PB0/MDDR_BA2           Bank0     SSTL15I    Output                          TRISTATE                        None                                ---                                 ---              ---            ---             ---             ---          ---           ---                ---                5                 
MDDR_CAS_N_0             A12  Yes    DDRIO40NB0/MDDR_CAS_N         Bank0     SSTL15I    Output                          TRISTATE                        None                                ---                                 ---              ---            ---             ---             ---          ---           ---                ---                5                 
MDDR_CKE_0               E10  Yes    DDRIO41PB0/MDDR_CKE           Bank0     SSTL15I    Output                          TRISTATE                        None                                ---                                 ---              ---            ---             ---             ---          ---           ---                ---                5                 
MDDR_CLK_0               A14  Yes    DDRIO39PB0/MDDR_CLK           Bank0     SSTL15I    Output                          TRISTATE                        None                                ---                                 ---              ---            ---             ---             ---          ---           ---                ---                5                 
MDDR_CLK_N_0             A15  Yes    DDRIO39NB0/MDDR_CLK_N         Bank0     SSTL15I    Output                          TRISTATE                        None                                ---                                 ---              ---            ---             ---             ---          ---           ---                ---                5                 
MDDR_CS_N_0              D11  Yes    DDRIO41NB0/MDDR_CS_N          Bank0     SSTL15I    Output                          TRISTATE                        None                                ---                                 ---              ---            ---             ---             ---          ---           ---                ---                5                 
MDDR_DM_RDQS_0[0]        A3   Yes    DDRIO51PB0/MDDR_DM_RDQS0      Bank0     SSTL15I    Inout                           TRISTATE                        None                                ---                                 ---              Off            40              Off             Off          ---           ---                ---                5                 
MDDR_DQ_0[0]             B2   Yes    DDRIO54PB0/MDDR_DQ0           Bank0     SSTL15I    Inout                           TRISTATE                        None                                ---                                 ---              Off            40              Off             Off          ---           ---                ---                5                 
MDDR_DQ_0[1]             A2   Yes    DDRIO54NB0/MDDR_DQ1           Bank0     SSTL15I    Inout                           TRISTATE                        None                                ---                                 ---              Off            40              Off             Off          ---           ---                ---                5                 
MDDR_DQ_0[2]             B6   Yes    DDRIO53PB0/MDDR_DQ2           Bank0     SSTL15I    Inout                           TRISTATE                        None                                ---                                 ---              Off            40              Off             Off          ---           ---                ---                5                 
MDDR_DQ_0[3]             B5   Yes    DDRIO53NB0/MDDR_DQ3           Bank0     SSTL15I    Inout                           TRISTATE                        None                                ---                                 ---              Off            40              Off             Off          ---           ---                ---                5                 
MDDR_DQ_0[4]             B3   Yes    DDRIO51NB0/MDDR_DQ4           Bank0     SSTL15I    Inout                           TRISTATE                        None                                ---                                 ---              Off            40              Off             Off          ---           ---                ---                5                 
MDDR_DQ_0[5]             B7   Yes    DDRIO50PB0/MDDR_DQ5           Bank0     SSTL15I    Inout                           TRISTATE                        None                                ---                                 ---              Off            40              Off             Off          ---           ---                ---                5                 
MDDR_DQ_0[6]             C6   Yes    DDRIO50NB0/MDDR_DQ6           Bank0     SSTL15I    Inout                           TRISTATE                        None                                ---                                 ---              Off            40              Off             Off          ---           ---                ---                5                 
MDDR_DQ_0[7]             A7   Yes    DDRIO49PB0/MDDR_DQ7           Bank0     SSTL15I    Inout                           TRISTATE                        None                                ---                                 ---              Off            40              Off             Off          ---           ---                ---                5                 
MDDR_DQS_0[0]            A5   Yes    DDRIO52PB0/MDDR_DQS0          Bank0     SSTL15I    Inout                           TRISTATE                        None                                ---                                 ---              Off            40              Off             Off          ---           ---                ---                5                 
MDDR_DQS_N_0[0]          A4   Yes    DDRIO52NB0/MDDR_DQS0_N        Bank0     SSTL15I    Inout                           TRISTATE                        None                                ---                                 ---              Off            40              Off             Off          ---           ---                ---                5                 
MDDR_DQS_TMATCH_0_IN_0   B8   Yes    DDRIO45PB0/MDDR_TMATCH_0_IN   Bank0     SSTL15I    Input                           TRISTATE                        None                                ---                                 ---              Off            40              Off             Off          ---           ---                ---                ---               
MDDR_DQS_TMATCH_0_OUT_0  A8   Yes    DDRIO49NB0/MDDR_TMATCH_0_OUT  Bank0     SSTL15I    Output                          TRISTATE                        None                                ---                                 ---              ---            ---             ---             ---          ---           ---                ---                5                 
MDDR_ODT_0               F16  Yes    DDRIO33PB0/MDDR_ODT           Bank0     SSTL15I    Output                          TRISTATE                        None                                ---                                 ---              ---            ---             ---             ---          ---           ---                ---                5                 
MDDR_RAS_N_0             B12  Yes    DDRIO42PB0/MDDR_RAS_N         Bank0     SSTL15I    Output                          TRISTATE                        None                                ---                                 ---              ---            ---             ---             ---          ---           ---                ---                5                 
MDDR_RESET_N_0           A13  Yes    DDRIO40PB0/MDDR_RESET_N       Bank0     SSTL15I    Output                          TRISTATE                        None                                ---                                 ---              ---            ---             ---             ---          ---           ---                ---                5                 
MDDR_WE_N_0              C11  Yes    DDRIO42NB0/MDDR_WE_N          Bank0     SSTL15I    Output                          TRISTATE                        None                                ---                                 ---              ---            ---             ---             ---          ---           ---                ---                5                 
MMUART_0_RXD_F2M         H14  Yes    MSIO18PB2/GPIO_8_A            Bank2     LVCMOS25   Input                           TRISTATE                        None                                No                                  Off              ---            ---             Off             Off          ---           ---                ---                ---               
MMUART_0_TXD_M2F         H15  Yes    MSIO19PB2/GPIO_10_A           Bank2     LVCMOS25   Output                          TRISTATE                        None                                No                                  ---              ---            ---             ---             ---          SLOW          ---                4                  5                 
