Archive member included to satisfy reference by file (symbol)

c:/microchip/softconsole-v2021.1/arm-none-eabi-gcc/bin/../lib/gcc/arm-none-eabi/9.2.1/../../../../arm-none-eabi/lib/thumb/v7-m/nofp\libg_nano.a(lib_a-errno.o)
                              ./CMSIS/startup_gcc/newlib_stubs.o (__errno)
c:/microchip/softconsole-v2021.1/arm-none-eabi-gcc/bin/../lib/gcc/arm-none-eabi/9.2.1/../../../../arm-none-eabi/lib/thumb/v7-m/nofp\libg_nano.a(lib_a-exit.o)
                              c:/microchip/softconsole-v2021.1/arm-none-eabi-gcc/bin/../lib/gcc/arm-none-eabi/9.2.1/../../../../arm-none-eabi/lib/thumb/v7-m/nofp/crt0.o (exit)
c:/microchip/softconsole-v2021.1/arm-none-eabi-gcc/bin/../lib/gcc/arm-none-eabi/9.2.1/../../../../arm-none-eabi/lib/thumb/v7-m/nofp\libg_nano.a(lib_a-impure.o)
                              c:/microchip/softconsole-v2021.1/arm-none-eabi-gcc/bin/../lib/gcc/arm-none-eabi/9.2.1/../../../../arm-none-eabi/lib/thumb/v7-m/nofp\libg_nano.a(lib_a-exit.o) (_global_impure_ptr)
c:/microchip/softconsole-v2021.1/arm-none-eabi-gcc/bin/../lib/gcc/arm-none-eabi/9.2.1/../../../../arm-none-eabi/lib/thumb/v7-m/nofp\libg_nano.a(lib_a-init.o)
                              c:/microchip/softconsole-v2021.1/arm-none-eabi-gcc/bin/../lib/gcc/arm-none-eabi/9.2.1/../../../../arm-none-eabi/lib/thumb/v7-m/nofp/crt0.o (__libc_init_array)
c:/microchip/softconsole-v2021.1/arm-none-eabi-gcc/bin/../lib/gcc/arm-none-eabi/9.2.1/../../../../arm-none-eabi/lib/thumb/v7-m/nofp\libg_nano.a(lib_a-malloc.o)
                              ./uart_functions/uart_functions.o (free)
c:/microchip/softconsole-v2021.1/arm-none-eabi-gcc/bin/../lib/gcc/arm-none-eabi/9.2.1/../../../../arm-none-eabi/lib/thumb/v7-m/nofp\libg_nano.a(lib_a-memcpy-stub.o)
                              ./drivers/mss_sys_services/mss_sys_services.o (memcpy)
c:/microchip/softconsole-v2021.1/arm-none-eabi-gcc/bin/../lib/gcc/arm-none-eabi/9.2.1/../../../../arm-none-eabi/lib/thumb/v7-m/nofp\libg_nano.a(lib_a-memset.o)
                              c:/microchip/softconsole-v2021.1/arm-none-eabi-gcc/bin/../lib/gcc/arm-none-eabi/9.2.1/../../../../arm-none-eabi/lib/thumb/v7-m/nofp/crt0.o (memset)
c:/microchip/softconsole-v2021.1/arm-none-eabi-gcc/bin/../lib/gcc/arm-none-eabi/9.2.1/../../../../arm-none-eabi/lib/thumb/v7-m/nofp\libg_nano.a(lib_a-nano-freer.o)
                              c:/microchip/softconsole-v2021.1/arm-none-eabi-gcc/bin/../lib/gcc/arm-none-eabi/9.2.1/../../../../arm-none-eabi/lib/thumb/v7-m/nofp\libg_nano.a(lib_a-malloc.o) (_free_r)
c:/microchip/softconsole-v2021.1/arm-none-eabi-gcc/bin/../lib/gcc/arm-none-eabi/9.2.1/../../../../arm-none-eabi/lib/thumb/v7-m/nofp\libg_nano.a(lib_a-nano-mallocr.o)
                              c:/microchip/softconsole-v2021.1/arm-none-eabi-gcc/bin/../lib/gcc/arm-none-eabi/9.2.1/../../../../arm-none-eabi/lib/thumb/v7-m/nofp\libg_nano.a(lib_a-malloc.o) (_malloc_r)
c:/microchip/softconsole-v2021.1/arm-none-eabi-gcc/bin/../lib/gcc/arm-none-eabi/9.2.1/../../../../arm-none-eabi/lib/thumb/v7-m/nofp\libg_nano.a(lib_a-sbrkr.o)
                              c:/microchip/softconsole-v2021.1/arm-none-eabi-gcc/bin/../lib/gcc/arm-none-eabi/9.2.1/../../../../arm-none-eabi/lib/thumb/v7-m/nofp\libg_nano.a(lib_a-nano-mallocr.o) (_sbrk_r)
c:/microchip/softconsole-v2021.1/arm-none-eabi-gcc/bin/../lib/gcc/arm-none-eabi/9.2.1/../../../../arm-none-eabi/lib/thumb/v7-m/nofp\libg_nano.a(lib_a-strtol.o)
                              ./uart_functions/uart_functions.o (strtol)
c:/microchip/softconsole-v2021.1/arm-none-eabi-gcc/bin/../lib/gcc/arm-none-eabi/9.2.1/../../../../arm-none-eabi/lib/thumb/v7-m/nofp\libg_nano.a(lib_a-vasprintf.o)
                              ./uart_functions/uart_functions.o (vasprintf)
c:/microchip/softconsole-v2021.1/arm-none-eabi-gcc/bin/../lib/gcc/arm-none-eabi/9.2.1/../../../../arm-none-eabi/lib/thumb/v7-m/nofp\libg_nano.a(lib_a-ctype_.o)
                              c:/microchip/softconsole-v2021.1/arm-none-eabi-gcc/bin/../lib/gcc/arm-none-eabi/9.2.1/../../../../arm-none-eabi/lib/thumb/v7-m/nofp\libg_nano.a(lib_a-strtol.o) (_ctype_)
c:/microchip/softconsole-v2021.1/arm-none-eabi-gcc/bin/../lib/gcc/arm-none-eabi/9.2.1/../../../../arm-none-eabi/lib/thumb/v7-m/nofp\libg_nano.a(lib_a-mlock.o)
                              c:/microchip/softconsole-v2021.1/arm-none-eabi-gcc/bin/../lib/gcc/arm-none-eabi/9.2.1/../../../../arm-none-eabi/lib/thumb/v7-m/nofp\libg_nano.a(lib_a-nano-freer.o) (__malloc_lock)
c:/microchip/softconsole-v2021.1/arm-none-eabi-gcc/bin/../lib/gcc/arm-none-eabi/9.2.1/../../../../arm-none-eabi/lib/thumb/v7-m/nofp\libg_nano.a(lib_a-nano-svfprintf.o)
                              c:/microchip/softconsole-v2021.1/arm-none-eabi-gcc/bin/../lib/gcc/arm-none-eabi/9.2.1/../../../../arm-none-eabi/lib/thumb/v7-m/nofp\libg_nano.a(lib_a-vasprintf.o) (_svfprintf_r)
[...]
Memory Configuration

Name             Origin             Length             Attributes
ram              0x0000000020000000 0x0000000000010000 xrw
*default*        0x0000000000000000 0xffffffffffffffff

Linker script and memory map

LOAD c:/microchip/softconsole-v2021.1/arm-none-eabi-gcc/bin/../lib/gcc/arm-none-eabi/9.2.1/thumb/v7-m/nofp/crti.o
LOAD c:/microchip/softconsole-v2021.1/arm-none-eabi-gcc/bin/../lib/gcc/arm-none-eabi/9.2.1/thumb/v7-m/nofp/crtbegin.o
LOAD c:/microchip/softconsole-v2021.1/arm-none-eabi-gcc/bin/../lib/gcc/arm-none-eabi/9.2.1/../../../../arm-none-eabi/lib/thumb/v7-m/nofp/crt0.o
LOAD ./uart_functions/uart_functions.o
LOAD ./hal/CortexM3/GNU/hal.o
LOAD ./hal/CortexM3/GNU/hw_reg_access.o
LOAD ./hal/CortexM3/cortex_nvic.o
LOAD ./drivers_config/sys_config/sys_config.o
LOAD ./drivers/mss_uart/mss_uart.o
LOAD ./drivers/mss_sys_services/mss_comblk.o
LOAD ./drivers/mss_sys_services/mss_sys_services.o
LOAD ./drivers/mss_nvm/mss_nvm.o
LOAD ./drivers/mss_hpdma/mss_hpdma.o
LOAD ./CMSIS/startup_gcc/newlib_stubs.o
LOAD ./CMSIS/startup_gcc/startup_m2sxxx.o
LOAD ./CMSIS/system_m2sxxx.o
LOAD ./main.o
START GROUP
LOAD c:/microchip/softconsole-v2021.1/arm-none-eabi-gcc/bin/../lib/gcc/arm-none-eabi/9.2.1/thumb/v7-m/nofp\libgcc.a
LOAD c:/microchip/softconsole-v2021.1/arm-none-eabi-gcc/bin/../lib/gcc/arm-none-eabi/9.2.1/../../../../arm-none-eabi/lib/thumb/v7-m/nofp\libg_nano.a
LOAD c:/microchip/softconsole-v2021.1/arm-none-eabi-gcc/bin/../lib/gcc/arm-none-eabi/9.2.1/../../../../arm-none-eabi/lib/thumb/v7-m/nofp\libc_nano.a
END GROUP
START GROUP
LOAD c:/microchip/softconsole-v2021.1/arm-none-eabi-gcc/bin/../lib/gcc/arm-none-eabi/9.2.1/thumb/v7-m/nofp\libgcc.a
LOAD c:/microchip/softconsole-v2021.1/arm-none-eabi-gcc/bin/../lib/gcc/arm-none-eabi/9.2.1/../../../../arm-none-eabi/lib/thumb/v7-m/nofp\libc_nano.a
END GROUP
LOAD c:/microchip/softconsole-v2021.1/arm-none-eabi-gcc/bin/../lib/gcc/arm-none-eabi/9.2.1/thumb/v7-m/nofp/crtend.o
LOAD c:/microchip/softconsole-v2021.1/arm-none-eabi-gcc/bin/../lib/gcc/arm-none-eabi/9.2.1/thumb/v7-m/nofp/crtn.o
START GROUP
LOAD c:/microchip/softconsole-v2021.1/arm-none-eabi-gcc/bin/../lib/gcc/arm-none-eabi/9.2.1/../../../../arm-none-eabi/lib/thumb/v7-m/nofp\libc.a
LOAD c:/microchip/softconsole-v2021.1/arm-none-eabi-gcc/bin/../lib/gcc/arm-none-eabi/9.2.1/thumb/v7-m/nofp\libgcc.a
LOAD c:/microchip/softconsole-v2021.1/arm-none-eabi-gcc/bin/../lib/gcc/arm-none-eabi/9.2.1/../../../../arm-none-eabi/lib/thumb/v7-m/nofp\libm.a
END GROUP
                0x0000000000000000                __DYNAMIC = 0x0
                0x0000000020000000                RAM_START_ADDRESS = 0x20000000
                0x0000000000010000                RAM_SIZE = 0x10000
                0x0000000000001000                MAIN_STACK_SIZE = 0x1000
                0x0000000000001000                MIN_SIZE_HEAP = 0x1000
                0x0000000020010000                PROVIDE (__main_stack_start = (RAM_START_ADDRESS + RAM_SIZE))
                0x0000000020010000                PROVIDE (_estack = __main_stack_start)
                0x0000000000000000                PROVIDE (__mirrored_nvm = 0x0)
                0x0000000000000000                PROVIDE (__smartfusion2_memory_remap = 0x0)

.vector_table   0x0000000020000000      0x190
                0x0000000020000000                __vector_table_load = LOADADDR (.vector_table)
                0x0000000020000000                __vector_table_start = .
                0x0000000020000000                __vector_table_vma_base_address = .
 *(.isr_vector)
 .isr_vector    0x0000000020000000      0x190 ./CMSIS/startup_gcc/startup_m2sxxx.o
                0x0000000020000000                g_pfnVectors
                0x0000000020000190                . = ALIGN (0x10)
                0x0000000020000190                _evector_table = .

.boot_code      0x0000000020000190      0x330
 *(.boot_code)
 .boot_code     0x0000000020000190      0x324 ./CMSIS/startup_gcc/startup_m2sxxx.o
                0x0000000020000190                Reset_Handler
                0x000000002000037e                NMI_Handler
                0x0000000020000380                HardFault_Handler
                0x0000000020000382                MemManage_Handler
                0x0000000020000384                BusFault_Handler
                0x0000000020000386                UsageFault_Handler
                0x0000000020000388                SVC_Handler
                0x000000002000038a                DebugMon_Handler
                0x000000002000038c                PendSV_Handler
                0x000000002000038e                SysTick_Handler
                0x0000000020000390                WdogWakeup_IRQHandler
                0x0000000020000392                RTC_Wakeup_IRQHandler
                0x0000000020000394                SPI0_IRQHandler
                0x0000000020000396                SPI1_IRQHandler
                0x0000000020000398                I2C0_IRQHandler
                0x000000002000039a                I2C0_SMBAlert_IRQHandler
                0x000000002000039c                I2C0_SMBus_IRQHandler
                0x000000002000039e                I2C1_IRQHandler
                0x00000000200003a0                I2C1_SMBAlert_IRQHandler
                0x00000000200003a2                I2C1_SMBus_IRQHandler
                0x00000000200003a8                EthernetMAC_IRQHandler
                0x00000000200003aa                DMA_IRQHandler
                0x00000000200003ac                Timer1_IRQHandler
                0x00000000200003ae                Timer2_IRQHandler
                0x00000000200003b0                CAN_IRQHandler
                0x00000000200003b2                ENVM0_IRQHandler
                0x00000000200003b4                ENVM1_IRQHandler
                0x00000000200003b8                USB_IRQHandler
                0x00000000200003ba                USB_DMA_IRQHandler
                0x00000000200003bc                PLL_Lock_IRQHandler
                0x00000000200003be                PLL_LockLost_IRQHandler
                0x00000000200003c0                CommSwitchError_IRQHandler
                0x00000000200003c2                CacheError_IRQHandler
                0x00000000200003c4                DDR_IRQHandler
                0x00000000200003ca                ECC_Error_IRQHandler
                0x00000000200003cc                MDDR_IOCalib_IRQHandler
                0x00000000200003ce                FAB_PLL_Lock_IRQHandler
                0x00000000200003d0                FAB_PLL_LockLost_IRQHandler
                0x00000000200003d2                FIC64_IRQHandler
                0x00000000200003d4                FabricIrq0_IRQHandler
                0x00000000200003d6                FabricIrq1_IRQHandler
                0x00000000200003d8                FabricIrq2_IRQHandler
                0x00000000200003da                FabricIrq3_IRQHandler
                0x00000000200003dc                FabricIrq4_IRQHandler
                0x00000000200003de                FabricIrq5_IRQHandler
                0x00000000200003e0                FabricIrq6_IRQHandler
                0x00000000200003e2                FabricIrq7_IRQHandler
                0x00000000200003e4                FabricIrq8_IRQHandler
                0x00000000200003e6                FabricIrq9_IRQHandler
                0x00000000200003e8                FabricIrq10_IRQHandler
                0x00000000200003ea                FabricIrq11_IRQHandler
                0x00000000200003ec                FabricIrq12_IRQHandler
                0x00000000200003ee                FabricIrq13_IRQHandler
                0x00000000200003f0                FabricIrq14_IRQHandler
                0x00000000200003f2                FabricIrq15_IRQHandler
                0x00000000200003f4                GPIO0_IRQHandler
                0x00000000200003f6                GPIO1_IRQHandler
                0x00000000200003f8                GPIO2_IRQHandler
                0x00000000200003fa                GPIO3_IRQHandler
                0x00000000200003fc                GPIO4_IRQHandler
                0x00000000200003fe                GPIO5_IRQHandler
                0x0000000020000400                GPIO6_IRQHandler
                0x0000000020000402                GPIO7_IRQHandler
                0x0000000020000404                GPIO8_IRQHandler
                0x0000000020000406                GPIO9_IRQHandler
                0x0000000020000408                GPIO10_IRQHandler
                0x000000002000040a                GPIO11_IRQHandler
                0x000000002000040c                GPIO12_IRQHandler
                0x000000002000040e                GPIO13_IRQHandler
                0x0000000020000410                GPIO14_IRQHandler
                0x0000000020000412                GPIO15_IRQHandler
                0x0000000020000414                GPIO16_IRQHandler
                0x0000000020000416                GPIO17_IRQHandler
                0x0000000020000418                GPIO18_IRQHandler
                0x000000002000041a                GPIO19_IRQHandler
                0x000000002000041c                GPIO20_IRQHandler
                0x000000002000041e                GPIO21_IRQHandler
                0x0000000020000420                GPIO22_IRQHandler
                0x0000000020000422                GPIO23_IRQHandler
                0x0000000020000424                GPIO24_IRQHandler
                0x0000000020000426                GPIO25_IRQHandler
                0x0000000020000428                GPIO26_IRQHandler
                0x000000002000042a                GPIO27_IRQHandler
                0x000000002000042c                GPIO28_IRQHandler
                0x000000002000042e                GPIO29_IRQHandler
                0x0000000020000430                GPIO30_IRQHandler
                0x0000000020000432                GPIO31_IRQHandler
                0x0000000020000434                mscc_post_hw_cfg_init
                0x00000000200004c0                . = ALIGN (0x10)
 *fill*         0x00000000200004b4        0xc 

.text           0x00000000200004c0     0x29e0
 CREATE_OBJECT_SYMBOLS
                0x00000000200004c0                __text_load = LOADADDR (.text)
                0x00000000200004c0                __text_start = .
 *(.text .text.* .gnu.linkonce.t.*)
 .text.__do_global_dtors_aux
                0x00000000200004c0       0x24 c:/microchip/softconsole-v2021.1/arm-none-eabi-gcc/bin/../lib/gcc/arm-none-eabi/9.2.1/thumb/v7-m/nofp/crtbegin.o
 .text.frame_dummy
                0x00000000200004e4       0x1c c:/microchip/softconsole-v2021.1/arm-none-eabi-gcc/bin/../lib/gcc/arm-none-eabi/9.2.1/thumb/v7-m/nofp/crtbegin.o
 .text.UART_read
                0x0000000020000500       0x44 ./uart_functions/uart_functions.o
 .text.scannumber
                0x0000000020000544       0x60 ./uart_functions/uart_functions.o
                0x0000000020000544                scannumber
 .text.UART_printf
                0x00000000200005a4       0x50 ./uart_functions/uart_functions.o
                0x00000000200005a4                UART_printf
 .text.NVIC_ClearPendingIRQ
                0x00000000200005f4       0x34 ./drivers/mss_uart/mss_uart.o
 .text.set_bit_reg8
                0x0000000020000628       0x38 ./drivers/mss_uart/mss_uart.o
 .text.clear_bit_reg8
                0x0000000020000660       0x38 ./drivers/mss_uart/mss_uart.o
 .text.read_bit_reg8
                0x0000000020000698       0x38 ./drivers/mss_uart/mss_uart.o
 .text.MSS_UART_init
                0x00000000200006d0       0x70 ./drivers/mss_uart/mss_uart.o
                0x00000000200006d0                MSS_UART_init
 .text.MSS_UART_polled_tx
                0x0000000020000740       0xc4 ./drivers/mss_uart/mss_uart.o
                0x0000000020000740                MSS_UART_polled_tx
 .text.MSS_UART_polled_tx_string
                0x0000000020000804       0xb4 ./drivers/mss_uart/mss_uart.o
                0x0000000020000804                MSS_UART_polled_tx_string
 .text.MSS_UART_get_rx
                0x00000000200008b8       0xc0 ./drivers/mss_uart/mss_uart.o
                0x00000000200008b8                MSS_UART_get_rx
 .text.UART0_IRQHandler
                0x0000000020000978       0x20 ./drivers/mss_uart/mss_uart.o
                0x0000000020000978                UART0_IRQHandler
 .text.UART1_IRQHandler
                0x0000000020000998       0x20 ./drivers/mss_uart/mss_uart.o
                0x0000000020000998                UART1_IRQHandler
 .text.config_baud_divisors
                0x00000000200009b8      0x148 ./drivers/mss_uart/mss_uart.o
 .text.global_init
                0x0000000020000b00      0x1d8 ./drivers/mss_uart/mss_uart.o
 .text.MSS_UART_isr
                0x0000000020000cd8      0x1f0 ./drivers/mss_uart/mss_uart.o
 .text.default_tx_handler
                0x0000000020000ec8       0xe8 ./drivers/mss_uart/mss_uart.o
 .text.ComBlk_IRQHandler
                0x0000000020000fb0       0x48 ./drivers/mss_sys_services/mss_comblk.o
                0x0000000020000fb0                ComBlk_IRQHandler
 .text.handle_tx_okay_irq
                0x0000000020000ff8      0x1b0 ./drivers/mss_sys_services/mss_comblk.o
 .text.handle_rx_okay_irq
                0x00000000200011a8      0x204 ./drivers/mss_sys_services/mss_comblk.o
 .text.complete_request
                0x00000000200013ac       0x40 ./drivers/mss_sys_services/mss_comblk.o
 .text.abort_current_cmd
                0x00000000200013ec       0x4c ./drivers/mss_sys_services/mss_comblk.o
 .text.fill_tx_fifo
                0x0000000020001438       0x64 ./drivers/mss_sys_services/mss_comblk.o
 .text.process_sys_ctrl_command
                0x000000002000149c       0x28 ./drivers/mss_sys_services/mss_comblk.o
 .text.start_transfer
                0x00000000200014c4      0x14c ./drivers/mss_hpdma/mss_hpdma.o
 .text.HPDMA_Complete_IRQHandler
                0x0000000020001610       0xf4 ./drivers/mss_hpdma/mss_hpdma.o
                0x0000000020001610                HPDMA_Complete_IRQHandler
 .text.HPDMA_Error_IRQHandler
                0x0000000020001704      0x100 ./drivers/mss_hpdma/mss_hpdma.o
                0x0000000020001704                HPDMA_Error_IRQHandler
 .text._exit    0x0000000020001804        0xc ./CMSIS/startup_gcc/newlib_stubs.o
                0x0000000020001804                _exit
 .text._write_r
                0x0000000020001810       0x1c ./CMSIS/startup_gcc/newlib_stubs.o
                0x0000000020001810                _write_r
 .text._sbrk    0x000000002000182c       0x9c ./CMSIS/startup_gcc/newlib_stubs.o
                0x000000002000182c                _sbrk
 .text.SystemInit
                0x00000000200018c8       0x70 ./CMSIS/system_m2sxxx.o
                0x00000000200018c8                SystemInit
 .text.SystemCoreClockUpdate
                0x0000000020001938       0xf4 ./CMSIS/system_m2sxxx.o
                0x0000000020001938                SystemCoreClockUpdate
 .text.get_rcosc_25_50mhz_frequency
                0x0000000020001a2c       0x3c ./CMSIS/system_m2sxxx.o
 .text.set_clock_frequency_globals
                0x0000000020001a68       0x5c ./CMSIS/system_m2sxxx.o
 .text.copy_cfg16_to_regs
                0x0000000020001ac4       0x40 ./CMSIS/system_m2sxxx.o
 .text.config_ddr_subsys
                0x0000000020001b04       0xe8 ./CMSIS/system_m2sxxx.o
 .text.get_silicon_revision
                0x0000000020001bec       0x48 ./CMSIS/system_m2sxxx.o
 .text.silicon_workarounds
                0x0000000020001c34       0x20 ./CMSIS/system_m2sxxx.o
 .text.m2s050_rev_a_workarounds
                0x0000000020001c54       0x30 ./CMSIS/system_m2sxxx.o
 .text.main     0x0000000020001c84      0x138 ./main.o
                0x0000000020001c84                main
 .text.multiplyMatrices
                0x0000000020001dbc       0xc8 ./main.o
                0x0000000020001dbc                multiplyMatrices
 .text.printMatrix
                0x0000000020001e84       0x6c ./main.o
                0x0000000020001e84                printMatrix
 .text.edit_matrices
                0x0000000020001ef0       0x6c ./main.o
                0x0000000020001ef0                edit_matrices
 .text.MATRIX_ADDR
                0x0000000020001f5c       0x58 ./main.o
                0x0000000020001f5c                MATRIX_ADDR
 .text.__libc_init_array
                0x0000000020001fb4       0x48 c:/microchip/softconsole-v2021.1/arm-none-eabi-gcc/bin/../lib/gcc/arm-none-eabi/9.2.1/../../../../arm-none-eabi/lib/thumb/v7-m/nofp\libg_nano.a(lib_a-init.o)
                0x0000000020001fb4                __libc_init_array
 .text.free     0x0000000020001ffc       0x10 c:/microchip/softconsole-v2021.1/arm-none-eabi-gcc/bin/../lib/gcc/arm-none-eabi/9.2.1/../../../../arm-none-eabi/lib/thumb/v7-m/nofp\libg_nano.a(lib_a-malloc.o)
                0x0000000020001ffc                free
 .text.memcpy   0x000000002000200c       0x1c c:/microchip/softconsole-v2021.1/arm-none-eabi-gcc/bin/../lib/gcc/arm-none-eabi/9.2.1/../../../../arm-none-eabi/lib/thumb/v7-m/nofp\libg_nano.a(lib_a-memcpy-stub.o)
                0x000000002000200c                memcpy
 .text._free_r  0x0000000020002028       0x98 c:/microchip/softconsole-v2021.1/arm-none-eabi-gcc/bin/../lib/gcc/arm-none-eabi/9.2.1/../../../../arm-none-eabi/lib/thumb/v7-m/nofp\libg_nano.a(lib_a-nano-freer.o)
                0x0000000020002028                _free_r
 .text._malloc_r
                0x00000000200020c0       0xb4 c:/microchip/softconsole-v2021.1/arm-none-eabi-gcc/bin/../lib/gcc/arm-none-eabi/9.2.1/../../../../arm-none-eabi/lib/thumb/v7-m/nofp\libg_nano.a(lib_a-nano-mallocr.o)
                0x00000000200020c0                _malloc_r
 .text._sbrk_r  0x0000000020002174       0x20 c:/microchip/softconsole-v2021.1/arm-none-eabi-gcc/bin/../lib/gcc/arm-none-eabi/9.2.1/../../../../arm-none-eabi/lib/thumb/v7-m/nofp\libg_nano.a(lib_a-sbrkr.o)
                0x0000000020002174                _sbrk_r
 .text._strtol_l.isra.0
                0x0000000020002194       0xf4 c:/microchip/softconsole-v2021.1/arm-none-eabi-gcc/bin/../lib/gcc/arm-none-eabi/9.2.1/../../../../arm-none-eabi/lib/thumb/v7-m/nofp\libg_nano.a(lib_a-strtol.o)
 .text.strtol   0x0000000020002288       0x14 c:/microchip/softconsole-v2021.1/arm-none-eabi-gcc/bin/../lib/gcc/arm-none-eabi/9.2.1/../../../../arm-none-eabi/lib/thumb/v7-m/nofp\libg_nano.a(lib_a-strtol.o)
                0x0000000020002288                strtol
 .text._vasprintf_r
                0x000000002000229c       0x30 c:/microchip/softconsole-v2021.1/arm-none-eabi-gcc/bin/../lib/gcc/arm-none-eabi/9.2.1/../../../../arm-none-eabi/lib/thumb/v7-m/nofp\libg_nano.a(lib_a-vasprintf.o)
                0x000000002000229c                _vasprintf_r
                0x000000002000229c                _vasiprintf_r
 .text.vasprintf
                0x00000000200022cc       0x14 c:/microchip/softconsole-v2021.1/arm-none-eabi-gcc/bin/../lib/gcc/arm-none-eabi/9.2.1/../../../../arm-none-eabi/lib/thumb/v7-m/nofp\libg_nano.a(lib_a-vasprintf.o)
                0x00000000200022cc                vasprintf
                0x00000000200022cc                vasiprintf
 .text.__malloc_lock
                0x00000000200022e0        0xc c:/microchip/softconsole-v2021.1/arm-none-eabi-gcc/bin/../lib/gcc/arm-none-eabi/9.2.1/../../../../arm-none-eabi/lib/thumb/v7-m/nofp\libg_nano.a(lib_a-mlock.o)
                0x00000000200022e0                __malloc_lock
 .text.__malloc_unlock
                0x00000000200022ec        0xc c:/microchip/softconsole-v2021.1/arm-none-eabi-gcc/bin/../lib/gcc/arm-none-eabi/9.2.1/../../../../arm-none-eabi/lib/thumb/v7-m/nofp\libg_nano.a(lib_a-mlock.o)
                0x00000000200022ec                __malloc_unlock
 .text.__ssputs_r
                0x00000000200022f8       0xb6 c:/microchip/softconsole-v2021.1/arm-none-eabi-gcc/bin/../lib/gcc/arm-none-eabi/9.2.1/../../../../arm-none-eabi/lib/thumb/v7-m/nofp\libg_nano.a(lib_a-nano-svfprintf.o)
                0x00000000200022f8                __ssputs_r
 *fill*         0x00000000200023ae        0x2 
 .text._svfprintf_r
                0x00000000200023b0      0x200 c:/microchip/softconsole-v2021.1/arm-none-eabi-gcc/bin/../lib/gcc/arm-none-eabi/9.2.1/../../../../arm-none-eabi/lib/thumb/v7-m/nofp\libg_nano.a(lib_a-nano-svfprintf.o)
                0x00000000200023b0                _svfiprintf_r
                0x00000000200023b0                _svfprintf_r
 .text._printf_common
                0x00000000200025b0       0xde c:/microchip/softconsole-v2021.1/arm-none-eabi-gcc/bin/../lib/gcc/arm-none-eabi/9.2.1/../../../../arm-none-eabi/lib/thumb/v7-m/nofp\libg_nano.a(lib_a-nano-vfprintf_i.o)
                0x00000000200025b0                _printf_common
 *fill*         0x000000002000268e        0x2 
 .text._printf_i
                0x0000000020002690      0x24c c:/microchip/softconsole-v2021.1/arm-none-eabi-gcc/bin/../lib/gcc/arm-none-eabi/9.2.1/../../../../arm-none-eabi/lib/thumb/v7-m/nofp\libg_nano.a(lib_a-nano-vfprintf_i.o)
                0x0000000020002690                _printf_i
 .text.__retarget_lock_acquire_recursive
                0x00000000200028dc        0x2 c:/microchip/softconsole-v2021.1/arm-none-eabi-gcc/bin/../lib/gcc/arm-none-eabi/9.2.1/../../../../arm-none-eabi/lib/thumb/v7-m/nofp\libg_nano.a(lib_a-lock.o)
                0x00000000200028dc                __retarget_lock_acquire_recursive
 .text.__retarget_lock_release_recursive
                0x00000000200028de        0x2 c:/microchip/softconsole-v2021.1/arm-none-eabi-gcc/bin/../lib/gcc/arm-none-eabi/9.2.1/../../../../arm-none-eabi/lib/thumb/v7-m/nofp\libg_nano.a(lib_a-lock.o)
                0x00000000200028de                __retarget_lock_release_recursive
 .text.memchr   0x00000000200028e0       0x1c c:/microchip/softconsole-v2021.1/arm-none-eabi-gcc/bin/../lib/gcc/arm-none-eabi/9.2.1/../../../../arm-none-eabi/lib/thumb/v7-m/nofp\libg_nano.a(lib_a-memchr-stub.o)
                0x00000000200028e0                memchr
 .text.memmove  0x00000000200028fc       0x34 c:/microchip/softconsole-v2021.1/arm-none-eabi-gcc/bin/../lib/gcc/arm-none-eabi/9.2.1/../../../../arm-none-eabi/lib/thumb/v7-m/nofp\libg_nano.a(lib_a-memmove.o)
                0x00000000200028fc                memmove
 .text._realloc_r
                0x0000000020002930       0x4c c:/microchip/softconsole-v2021.1/arm-none-eabi-gcc/bin/../lib/gcc/arm-none-eabi/9.2.1/../../../../arm-none-eabi/lib/thumb/v7-m/nofp\libg_nano.a(lib_a-nano-reallocr.o)
                0x0000000020002930                _realloc_r
 .text._malloc_usable_size_r
                0x000000002000297c       0x10 c:/microchip/softconsole-v2021.1/arm-none-eabi-gcc/bin/../lib/gcc/arm-none-eabi/9.2.1/../../../../arm-none-eabi/lib/thumb/v7-m/nofp\libg_nano.a(lib_a-nano-msizer.o)
                0x000000002000297c                _malloc_usable_size_r
 *(.plt)
 *(.gnu.warning)
 *(.glue_7t)
 .glue_7t       0x000000002000298c        0x0 linker stubs
 *(.glue_7)
 .glue_7        0x000000002000298c        0x0 linker stubs
 *(.vfp11_veneer)
 .vfp11_veneer  0x000000002000298c        0x0 linker stubs
                0x000000002000298c                . = ALIGN (0x4)
 *crtbegin.o(.ctors)
 *(EXCLUDE_FILE(*crtend.o) .ctors)
 *(SORT_BY_NAME(.ctors.*))
 *crtend.o(.ctors)
 *crtbegin.o(.dtors)
 *(EXCLUDE_FILE(*crtend.o) .dtors)
 *(SORT_BY_NAME(.dtors.*))
 *crtend.o(.dtors)
 *(.rodata .rodata.* .gnu.linkonce.r.*)
 .rodata.g_m2s_mddr_addr
                0x000000002000298c        0x4 ./drivers_config/sys_config/sys_config.o
                0x000000002000298c                g_m2s_mddr_addr
 .rodata.g_m2s_mddr_subsys_config
                0x0000000020002990      0x10a ./drivers_config/sys_config/sys_config.o
                0x0000000020002990                g_m2s_mddr_subsys_config
 *fill*         0x0000000020002a9a        0x2 
 .rodata        0x0000000020002a9c       0x30 ./CMSIS/startup_gcc/newlib_stubs.o
 .rodata        0x0000000020002acc        0x8 ./CMSIS/system_m2sxxx.o
 .rodata.gp_my_uart
                0x0000000020002ad4        0x4 ./main.o
                0x0000000020002ad4                gp_my_uart
 .rodata        0x0000000020002ad8      0x267 ./main.o
 .rodata._ctype_
                0x0000000020002d3f      0x101 c:/microchip/softconsole-v2021.1/arm-none-eabi-gcc/bin/../lib/gcc/arm-none-eabi/9.2.1/../../../../arm-none-eabi/lib/thumb/v7-m/nofp\libg_nano.a(lib_a-ctype_.o)
                0x0000000020002d3f                _ctype_
 .rodata._svfprintf_r.str1.1
                0x0000000020002e40       0x11 c:/microchip/softconsole-v2021.1/arm-none-eabi-gcc/bin/../lib/gcc/arm-none-eabi/9.2.1/../../../../arm-none-eabi/lib/thumb/v7-m/nofp\libg_nano.a(lib_a-nano-svfprintf.o)
 .rodata._printf_i.str1.1
                0x0000000020002e51       0x22 c:/microchip/softconsole-v2021.1/arm-none-eabi-gcc/bin/../lib/gcc/arm-none-eabi/9.2.1/../../../../arm-none-eabi/lib/thumb/v7-m/nofp\libg_nano.a(lib_a-nano-vfprintf_i.o)
 *(.ARM.extab* .gnu.linkonce.armextab.*)
 *(.gcc_except_table)
 *(.eh_frame_hdr)
 *(.eh_frame)
 *fill*         0x0000000020002e73        0x1 
 .eh_frame      0x0000000020002e74        0x0 c:/microchip/softconsole-v2021.1/arm-none-eabi-gcc/bin/../lib/gcc/arm-none-eabi/9.2.1/thumb/v7-m/nofp/crtbegin.o
 *(.vector_table)
 *(.init)
 .init          0x0000000020002e74        0x4 c:/microchip/softconsole-v2021.1/arm-none-eabi-gcc/bin/../lib/gcc/arm-none-eabi/9.2.1/thumb/v7-m/nofp/crti.o
                0x0000000020002e74                _init
 .init          0x0000000020002e78        0x8 c:/microchip/softconsole-v2021.1/arm-none-eabi-gcc/bin/../lib/gcc/arm-none-eabi/9.2.1/thumb/v7-m/nofp/crtn.o
 *(.fini)
 .fini          0x0000000020002e80        0x4 c:/microchip/softconsole-v2021.1/arm-none-eabi-gcc/bin/../lib/gcc/arm-none-eabi/9.2.1/thumb/v7-m/nofp/crti.o
                0x0000000020002e80                _fini
 .fini          0x0000000020002e84        0x8 c:/microchip/softconsole-v2021.1/arm-none-eabi-gcc/bin/../lib/gcc/arm-none-eabi/9.2.1/thumb/v7-m/nofp/crtn.o
                0x0000000020002e8c                PROVIDE (__preinit_array_start = .)
 *(.preinit_array)
                0x0000000020002e8c                PROVIDE (__preinit_array_end = .)
                0x0000000020002e8c                PROVIDE (__init_array_start = .)
 *(SORT_BY_NAME(.init_array.*))
 *(.init_array)
 .init_array    0x0000000020002e8c        0x4 c:/microchip/softconsole-v2021.1/arm-none-eabi-gcc/bin/../lib/gcc/arm-none-eabi/9.2.1/thumb/v7-m/nofp/crtbegin.o
                0x0000000020002e90                PROVIDE (__init_array_end = .)
                [!provide]                        PROVIDE (__fini_array_start = .)
 *(.fini_array)
 .fini_array    0x0000000020002e90        0x4 c:/microchip/softconsole-v2021.1/arm-none-eabi-gcc/bin/../lib/gcc/arm-none-eabi/9.2.1/thumb/v7-m/nofp/crtbegin.o
 *(SORT_BY_NAME(.fini_array.*))
                [!provide]                        PROVIDE (__fini_array_end = .)
                0x0000000020002ea0                . = ALIGN (0x10)
 *fill*         0x0000000020002e94        0xc 
                0x0000000020002ea0                __exidx_start = .

.v4_bx          0x0000000020002ea0        0x0
 .v4_bx         0x0000000020002ea0        0x0 linker stubs

.iplt           0x0000000020002ea0        0x0
 .iplt          0x0000000020002ea0        0x0 c:/microchip/softconsole-v2021.1/arm-none-eabi-gcc/bin/../lib/gcc/arm-none-eabi/9.2.1/thumb/v7-m/nofp/crtbegin.o

.rel.dyn        0x0000000020002ea0        0x0
 .rel.iplt      0x0000000020002ea0        0x0 c:/microchip/softconsole-v2021.1/arm-none-eabi-gcc/bin/../lib/gcc/arm-none-eabi/9.2.1/thumb/v7-m/nofp/crtbegin.o

.ARM.exidx
 *(.ARM.exidx* .gnu.linkonce.armexidx.*)
                0x0000000020002ea0                __exidx_end = .
                0x0000000020002ea0                _etext = .
                [!provide]                        PROVIDE (__text_end = .)

.data           0x0000000020002ea0       0x80
                0x0000000020002ea0                __data_load = LOADADDR (.data)
                0x0000000020002ea0                _sidata = LOADADDR (.data)
                0x0000000020002ea0                __data_start = .
                0x0000000020002ea0                _sdata = .
 *(.jcr)
 *(.got.plt)
 *(.got)
 *(.shdata)
 *(.data .data.* .gnu.linkonce.d.*)
 .data.SystemCoreClock
                0x0000000020002ea0        0x4 ./CMSIS/system_m2sxxx.o
                0x0000000020002ea0                SystemCoreClock
 .data.g_FrequencyPCLK0
                0x0000000020002ea4        0x4 ./CMSIS/system_m2sxxx.o
                0x0000000020002ea4                g_FrequencyPCLK0
 .data.g_FrequencyPCLK1
                0x0000000020002ea8        0x4 ./CMSIS/system_m2sxxx.o
                0x0000000020002ea8                g_FrequencyPCLK1
 .data.g_FrequencyPCLK2
                0x0000000020002eac        0x4 ./CMSIS/system_m2sxxx.o
                0x0000000020002eac                g_FrequencyPCLK2
 .data.g_FrequencyFIC0
                0x0000000020002eb0        0x4 ./CMSIS/system_m2sxxx.o
                0x0000000020002eb0                g_FrequencyFIC0
 .data.g_FrequencyFIC1
                0x0000000020002eb4        0x4 ./CMSIS/system_m2sxxx.o
                0x0000000020002eb4                g_FrequencyFIC1
 .data.g_FrequencyFIC64
                0x0000000020002eb8        0x4 ./CMSIS/system_m2sxxx.o
                0x0000000020002eb8                g_FrequencyFIC64
 .data._impure_ptr
                0x0000000020002ebc        0x4 c:/microchip/softconsole-v2021.1/arm-none-eabi-gcc/bin/../lib/gcc/arm-none-eabi/9.2.1/../../../../arm-none-eabi/lib/thumb/v7-m/nofp\libg_nano.a(lib_a-impure.o)
                0x0000000020002ebc                _impure_ptr
 .data.impure_data
                0x0000000020002ec0       0x60 c:/microchip/softconsole-v2021.1/arm-none-eabi-gcc/bin/../lib/gcc/arm-none-eabi/9.2.1/../../../../arm-none-eabi/lib/thumb/v7-m/nofp\libg_nano.a(lib_a-impure.o)
                0x0000000020002f20                . = ALIGN (0x10)
                0x0000000020002f20                _edata = .

.igot.plt       0x0000000020002f20        0x0
 .igot.plt      0x0000000020002f20        0x0 c:/microchip/softconsole-v2021.1/arm-none-eabi-gcc/bin/../lib/gcc/arm-none-eabi/9.2.1/thumb/v7-m/nofp/crtbegin.o

.bss            0x0000000020002f20      0x110
                0x0000000020002f20                __bss_start__ = .
                0x0000000020002f20                _sbss = .
 *(.shbss)
 *(.bss .bss.* .gnu.linkonce.b.*)
 .bss.completed.8911
                0x0000000020002f20        0x1 c:/microchip/softconsole-v2021.1/arm-none-eabi-gcc/bin/../lib/gcc/arm-none-eabi/9.2.1/thumb/v7-m/nofp/crtbegin.o
 *fill*         0x0000000020002f21        0x3 
 .bss.object.8916
                0x0000000020002f24       0x18 c:/microchip/softconsole-v2021.1/arm-none-eabi-gcc/bin/../lib/gcc/arm-none-eabi/9.2.1/thumb/v7-m/nofp/crtbegin.o
 .bss.g_comblk_cmd_opcode
                0x0000000020002f3c        0x1 ./drivers/mss_sys_services/mss_comblk.o
 *fill*         0x0000000020002f3d        0x3 
 .bss.g_comblk_p_cmd
                0x0000000020002f40        0x4 ./drivers/mss_sys_services/mss_comblk.o
 .bss.g_comblk_cmd_size
                0x0000000020002f44        0x2 ./drivers/mss_sys_services/mss_comblk.o
 *fill*         0x0000000020002f46        0x2 
 .bss.g_comblk_p_data
                0x0000000020002f48        0x4 ./drivers/mss_sys_services/mss_comblk.o
 .bss.g_comblk_data_size
                0x0000000020002f4c        0x4 ./drivers/mss_sys_services/mss_comblk.o
 .bss.g_comblk_p_response
                0x0000000020002f50        0x4 ./drivers/mss_sys_services/mss_comblk.o
 .bss.g_comblk_response_size
                0x0000000020002f54        0x2 ./drivers/mss_sys_services/mss_comblk.o
 .bss.g_comblk_response_idx
                0x0000000020002f56        0x2 ./drivers/mss_sys_services/mss_comblk.o
 .bss.g_comblk_completion_handler
                0x0000000020002f58        0x4 ./drivers/mss_sys_services/mss_comblk.o
 .bss.g_comblk_page_handler
                0x0000000020002f5c        0x4 ./drivers/mss_sys_services/mss_comblk.o
 .bss.g_request_in_progress
                0x0000000020002f60        0x1 ./drivers/mss_sys_services/mss_comblk.o
 .bss.g_comblk_state
                0x0000000020002f61        0x1 ./drivers/mss_sys_services/mss_comblk.o
 *fill*         0x0000000020002f62        0x2 
 .bss.g_async_event_handler
                0x0000000020002f64        0x4 ./drivers/mss_sys_services/mss_comblk.o
 .bss.g_transfer
                0x0000000020002f68       0x18 ./drivers/mss_hpdma/mss_hpdma.o
 .bss.g_hpdma_end_desc
                0x0000000020002f80        0x4 ./drivers/mss_hpdma/mss_hpdma.o
 .bss.g_hpdma_current_desc
                0x0000000020002f84        0x4 ./drivers/mss_hpdma/mss_hpdma.o
 .bss.heap_end.5162
                0x0000000020002f88        0x4 ./CMSIS/startup_gcc/newlib_stubs.o
 .bss.__malloc_free_list
                0x0000000020002f8c        0x4 c:/microchip/softconsole-v2021.1/arm-none-eabi-gcc/bin/../lib/gcc/arm-none-eabi/9.2.1/../../../../arm-none-eabi/lib/thumb/v7-m/nofp\libg_nano.a(lib_a-nano-mallocr.o)
                0x0000000020002f8c                __malloc_free_list
 .bss.__malloc_sbrk_start
                0x0000000020002f90        0x4 c:/microchip/softconsole-v2021.1/arm-none-eabi-gcc/bin/../lib/gcc/arm-none-eabi/9.2.1/../../../../arm-none-eabi/lib/thumb/v7-m/nofp\libg_nano.a(lib_a-nano-mallocr.o)
                0x0000000020002f90                __malloc_sbrk_start
 *(COMMON)
 COMMON         0x0000000020002f94       0x80 ./drivers/mss_uart/mss_uart.o
                0x0000000020002f94                g_mss_uart1
                0x0000000020002fd4                g_mss_uart0
 COMMON         0x0000000020003014        0x4 c:/microchip/softconsole-v2021.1/arm-none-eabi-gcc/bin/../lib/gcc/arm-none-eabi/9.2.1/../../../../arm-none-eabi/lib/thumb/v7-m/nofp\libg_nano.a(lib_a-reent.o)
                0x0000000020003014                errno
 COMMON         0x0000000020003018        0x9 c:/microchip/softconsole-v2021.1/arm-none-eabi-gcc/bin/../lib/gcc/arm-none-eabi/9.2.1/../../../../arm-none-eabi/lib/thumb/v7-m/nofp\libg_nano.a(lib_a-lock.o)
                0x0000000020003018                __lock___atexit_recursive_mutex
                0x0000000020003019                __lock___arc4random_mutex
                0x000000002000301a                __lock___env_recursive_mutex
                0x000000002000301b                __lock___sinit_recursive_mutex
                0x000000002000301c                __lock___malloc_recursive_mutex
                0x000000002000301d                __lock___at_quick_exit_mutex
                0x000000002000301e                __lock___dd_hash_mutex
                0x000000002000301f                __lock___tz_mutex
                0x0000000020003020                __lock___sfp_recursive_mutex
                0x0000000020003030                . = ALIGN (0x10)
 *fill*         0x0000000020003021        0xf 
                0x0000000020003030                __bss_end__ = .
                0x0000000020003030                _end = .
                0x0000000020003030                __end = _end
                0x0000000020003030                _ebss = .
                [!provide]                        PROVIDE (end = .)

.heap           0x0000000020003030     0xbfd0
                0x0000000020003030                __heap_start__ = .
                0x0000000020004030                . = (. + MIN_SIZE_HEAP)
 *fill*         0x0000000020003030     0x1000 
                0x000000002000f000                . = (. + (((ABSOLUTE (RAM_START_ADDRESS) + RAM_SIZE) - MAIN_STACK_SIZE) - .))
 *fill*         0x0000000020004030     0xafd0 
                0x000000002000f000                _eheap = .

.stack          0x000000002000f000     0x1000
                0x000000002000f000                __stack_start__ = .
                0x0000000020010000                . = (. + MAIN_STACK_SIZE)
 *fill*         0x000000002000f000     0x1000 
                0x0000000020010000                _estack = .

.stab
 *(.stab)

.stabstr
 *(.stabstr)

.debug
 *(.debug)

.line
 *(.line)

.debug_srcinfo
 *(.debug_srcinfo)

.debug_sfnames
 *(.debug_sfnames)

.debug_aranges  0x0000000000000000      0x490
 *(.debug_aranges)
 .debug_aranges
                0x0000000000000000       0x30 ./uart_functions/uart_functions.o
 .debug_aranges
                0x0000000000000030       0x18 ./drivers_config/sys_config/sys_config.o
 .debug_aranges
                0x0000000000000048      0x1d0 ./drivers/mss_uart/mss_uart.o
 .debug_aranges
                0x0000000000000218       0x90 ./drivers/mss_sys_services/mss_comblk.o
 .debug_aranges
                0x00000000000002a8       0x80 ./drivers/mss_hpdma/mss_hpdma.o
 .debug_aranges
                0x0000000000000328       0xa8 ./CMSIS/startup_gcc/newlib_stubs.o
 .debug_aranges
                0x00000000000003d0       0x20 ./CMSIS/startup_gcc/startup_m2sxxx.o
 .debug_aranges
                0x00000000000003f0       0x60 ./CMSIS/system_m2sxxx.o
 .debug_aranges
                0x0000000000000450       0x40 ./main.o

.debug_pubnames
 *(.debug_pubnames)

.debug_info     0x0000000000000000     0x8762
 *(.debug_info .gnu.linkonce.wi.*)
 .debug_info    0x0000000000000000      0x7af ./uart_functions/uart_functions.o
 .debug_info    0x00000000000007af     0x10eb ./drivers_config/sys_config/sys_config.o
 .debug_info    0x000000000000189a     0x1cc5 ./drivers/mss_uart/mss_uart.o
 .debug_info    0x000000000000355f      0xb0d ./drivers/mss_sys_services/mss_comblk.o
 .debug_info    0x000000000000406c     0x1169 ./drivers/mss_hpdma/mss_hpdma.o
 .debug_info    0x00000000000051d5      0x692 ./CMSIS/startup_gcc/newlib_stubs.o
 .debug_info    0x0000000000005867       0x9e ./CMSIS/startup_gcc/startup_m2sxxx.o
 .debug_info    0x0000000000005905     0x1bd7 ./CMSIS/system_m2sxxx.o
 .debug_info    0x00000000000074dc     0x1286 ./main.o

.debug_abbrev   0x0000000000000000     0x104c
 *(.debug_abbrev)
 .debug_abbrev  0x0000000000000000      0x1d4 ./uart_functions/uart_functions.o
 .debug_abbrev  0x00000000000001d4      0x10d ./drivers_config/sys_config/sys_config.o
 .debug_abbrev  0x00000000000002e1      0x2e6 ./drivers/mss_uart/mss_uart.o
 .debug_abbrev  0x00000000000005c7      0x1d2 ./drivers/mss_sys_services/mss_comblk.o
 .debug_abbrev  0x0000000000000799      0x246 ./drivers/mss_hpdma/mss_hpdma.o
 .debug_abbrev  0x00000000000009df      0x1c4 ./CMSIS/startup_gcc/newlib_stubs.o
 .debug_abbrev  0x0000000000000ba3       0x14 ./CMSIS/startup_gcc/startup_m2sxxx.o
 .debug_abbrev  0x0000000000000bb7      0x1e1 ./CMSIS/system_m2sxxx.o
 .debug_abbrev  0x0000000000000d98      0x2b4 ./main.o

.debug_line     0x0000000000000000     0x2e20
 *(.debug_line)
 .debug_line    0x0000000000000000      0x3f0 ./uart_functions/uart_functions.o
 .debug_line    0x00000000000003f0      0x2c6 ./drivers_config/sys_config/sys_config.o
 .debug_line    0x00000000000006b6      0xe31 ./drivers/mss_uart/mss_uart.o
 .debug_line    0x00000000000014e7      0x53d ./drivers/mss_sys_services/mss_comblk.o
 .debug_line    0x0000000000001a24      0x467 ./drivers/mss_hpdma/mss_hpdma.o
 .debug_line    0x0000000000001e8b      0x41a ./CMSIS/startup_gcc/newlib_stubs.o
 .debug_line    0x00000000000022a5      0x190 ./CMSIS/startup_gcc/startup_m2sxxx.o
 .debug_line    0x0000000000002435      0x3b2 ./CMSIS/system_m2sxxx.o
 .debug_line    0x00000000000027e7      0x639 ./main.o

.debug_frame    0x0000000000000000     0x1664
 *(.debug_frame)
 .debug_frame   0x0000000000000000       0x98 ./uart_functions/uart_functions.o
 .debug_frame   0x0000000000000098      0x820 ./drivers/mss_uart/mss_uart.o
 .debug_frame   0x00000000000008b8      0x240 ./drivers/mss_sys_services/mss_comblk.o
 .debug_frame   0x0000000000000af8      0x210 ./drivers/mss_hpdma/mss_hpdma.o
 .debug_frame   0x0000000000000d08      0x2a8 ./CMSIS/startup_gcc/newlib_stubs.o
 .debug_frame   0x0000000000000fb0      0x160 ./CMSIS/system_m2sxxx.o
 .debug_frame   0x0000000000001110       0xc0 ./main.o
 .debug_frame   0x00000000000011d0       0x2c c:/microchip/softconsole-v2021.1/arm-none-eabi-gcc/bin/../lib/gcc/arm-none-eabi/9.2.1/../../../../arm-none-eabi/lib/thumb/v7-m/nofp\libg_nano.a(lib_a-init.o)
 .debug_frame   0x00000000000011fc       0x30 c:/microchip/softconsole-v2021.1/arm-none-eabi-gcc/bin/../lib/gcc/arm-none-eabi/9.2.1/../../../../arm-none-eabi/lib/thumb/v7-m/nofp\libg_nano.a(lib_a-malloc.o)
 .debug_frame   0x000000000000122c       0x28 c:/microchip/softconsole-v2021.1/arm-none-eabi-gcc/bin/../lib/gcc/arm-none-eabi/9.2.1/../../../../arm-none-eabi/lib/thumb/v7-m/nofp\libg_nano.a(lib_a-memcpy-stub.o)
 .debug_frame   0x0000000000001254       0x38 c:/microchip/softconsole-v2021.1/arm-none-eabi-gcc/bin/../lib/gcc/arm-none-eabi/9.2.1/../../../../arm-none-eabi/lib/thumb/v7-m/nofp\libg_nano.a(lib_a-nano-freer.o)
 .debug_frame   0x000000000000128c       0x30 c:/microchip/softconsole-v2021.1/arm-none-eabi-gcc/bin/../lib/gcc/arm-none-eabi/9.2.1/../../../../arm-none-eabi/lib/thumb/v7-m/nofp\libg_nano.a(lib_a-nano-mallocr.o)
 .debug_frame   0x00000000000012bc       0x2c c:/microchip/softconsole-v2021.1/arm-none-eabi-gcc/bin/../lib/gcc/arm-none-eabi/9.2.1/../../../../arm-none-eabi/lib/thumb/v7-m/nofp\libg_nano.a(lib_a-sbrkr.o)
 .debug_frame   0x00000000000012e8       0x64 c:/microchip/softconsole-v2021.1/arm-none-eabi-gcc/bin/../lib/gcc/arm-none-eabi/9.2.1/../../../../arm-none-eabi/lib/thumb/v7-m/nofp\libg_nano.a(lib_a-strtol.o)
 .debug_frame   0x000000000000134c       0x40 c:/microchip/softconsole-v2021.1/arm-none-eabi-gcc/bin/../lib/gcc/arm-none-eabi/9.2.1/../../../../arm-none-eabi/lib/thumb/v7-m/nofp\libg_nano.a(lib_a-vasprintf.o)
 .debug_frame   0x000000000000138c       0x30 c:/microchip/softconsole-v2021.1/arm-none-eabi-gcc/bin/../lib/gcc/arm-none-eabi/9.2.1/../../../../arm-none-eabi/lib/thumb/v7-m/nofp\libg_nano.a(lib_a-mlock.o)
 .debug_frame   0x00000000000013bc       0x90 c:/microchip/softconsole-v2021.1/arm-none-eabi-gcc/bin/../lib/gcc/arm-none-eabi/9.2.1/../../../../arm-none-eabi/lib/thumb/v7-m/nofp\libg_nano.a(lib_a-nano-svfprintf.o)
 .debug_frame   0x000000000000144c       0x60 c:/microchip/softconsole-v2021.1/arm-none-eabi-gcc/bin/../lib/gcc/arm-none-eabi/9.2.1/../../../../arm-none-eabi/lib/thumb/v7-m/nofp\libg_nano.a(lib_a-nano-vfprintf_i.o)
 .debug_frame   0x00000000000014ac       0x5c c:/microchip/softconsole-v2021.1/arm-none-eabi-gcc/bin/../lib/gcc/arm-none-eabi/9.2.1/../../../../arm-none-eabi/lib/thumb/v7-m/nofp\libg_nano.a(lib_a-reent.o)
 .debug_frame   0x0000000000001508       0xb0 c:/microchip/softconsole-v2021.1/arm-none-eabi-gcc/bin/../lib/gcc/arm-none-eabi/9.2.1/../../../../arm-none-eabi/lib/thumb/v7-m/nofp\libg_nano.a(lib_a-lock.o)
 .debug_frame   0x00000000000015b8       0x28 c:/microchip/softconsole-v2021.1/arm-none-eabi-gcc/bin/../lib/gcc/arm-none-eabi/9.2.1/../../../../arm-none-eabi/lib/thumb/v7-m/nofp\libg_nano.a(lib_a-memchr-stub.o)
 .debug_frame   0x00000000000015e0       0x28 c:/microchip/softconsole-v2021.1/arm-none-eabi-gcc/bin/../lib/gcc/arm-none-eabi/9.2.1/../../../../arm-none-eabi/lib/thumb/v7-m/nofp\libg_nano.a(lib_a-memmove.o)
 .debug_frame   0x0000000000001608       0x3c c:/microchip/softconsole-v2021.1/arm-none-eabi-gcc/bin/../lib/gcc/arm-none-eabi/9.2.1/../../../../arm-none-eabi/lib/thumb/v7-m/nofp\libg_nano.a(lib_a-nano-reallocr.o)
 .debug_frame   0x0000000000001644       0x20 c:/microchip/softconsole-v2021.1/arm-none-eabi-gcc/bin/../lib/gcc/arm-none-eabi/9.2.1/../../../../arm-none-eabi/lib/thumb/v7-m/nofp\libg_nano.a(lib_a-nano-msizer.o)

.debug_str      0x0000000000000000    0x17fd7
 *(.debug_str)
 .debug_str     0x0000000000000000     0xc636 ./uart_functions/uart_functions.o
                                       0xc935 (size before relaxing)
 .debug_str     0x000000000000c636     0x2e6f ./drivers_config/sys_config/sys_config.o
                                       0xb349 (size before relaxing)
 .debug_str     0x000000000000f4a5     0x16c7 ./drivers/mss_uart/mss_uart.o
                                       0xb0a4 (size before relaxing)
 .debug_str     0x0000000000010b6c      0x4e0 ./drivers/mss_sys_services/mss_comblk.o
                                       0x94e3 (size before relaxing)
 .debug_str     0x000000000001104c      0x775 ./drivers/mss_hpdma/mss_hpdma.o
                                       0x9dfd (size before relaxing)
 .debug_str     0x00000000000117c1     0x1a1d ./CMSIS/startup_gcc/newlib_stubs.o
                                       0x6a35 (size before relaxing)
 .debug_str     0x00000000000131de      0x67a ./CMSIS/system_m2sxxx.o
                                       0xa3ff (size before relaxing)
 .debug_str     0x0000000000013858     0x477f ./main.o
                                       0xe54d (size before relaxing)

.debug_loc
 *(.debug_loc)

.debug_macinfo
 *(.debug_macinfo)

.debug_weaknames
 *(.debug_weaknames)

.debug_funcnames
 *(.debug_funcnames)

.debug_typenames
 *(.debug_typenames)

.debug_varnames
 *(.debug_varnames)

.note.gnu.arm.ident
 *(.note.gnu.arm.ident)

.ARM.attributes
                0x0000000000000000       0x29
 *(.ARM.attributes)
 .ARM.attributes
                0x0000000000000000       0x1d c:/microchip/softconsole-v2021.1/arm-none-eabi-gcc/bin/../lib/gcc/arm-none-eabi/9.2.1/thumb/v7-m/nofp/crti.o
 .ARM.attributes
                0x000000000000001d       0x2d c:/microchip/softconsole-v2021.1/arm-none-eabi-gcc/bin/../lib/gcc/arm-none-eabi/9.2.1/thumb/v7-m/nofp/crtbegin.o
 .ARM.attributes
                0x000000000000004a       0x1b c:/microchip/softconsole-v2021.1/arm-none-eabi-gcc/bin/../lib/gcc/arm-none-eabi/9.2.1/../../../../arm-none-eabi/lib/thumb/v7-m/nofp/crt0.o
 .ARM.attributes
                0x0000000000000065       0x33 ./uart_functions/uart_functions.o
 .ARM.attributes
                0x0000000000000098       0x21 ./hal/CortexM3/GNU/hal.o
 .ARM.attributes
                0x00000000000000b9       0x21 ./hal/CortexM3/GNU/hw_reg_access.o
 .ARM.attributes
                0x00000000000000da       0x33 ./hal/CortexM3/cortex_nvic.o
 .ARM.attributes
                0x000000000000010d       0x33 ./drivers_config/sys_config/sys_config.o
 .ARM.attributes
                0x0000000000000140       0x33 ./drivers/mss_uart/mss_uart.o
 .ARM.attributes
                0x0000000000000173       0x33 ./drivers/mss_sys_services/mss_comblk.o
 .ARM.attributes
                0x00000000000001a6       0x33 ./drivers/mss_sys_services/mss_sys_services.o
 .ARM.attributes
                0x00000000000001d9       0x33 ./drivers/mss_nvm/mss_nvm.o
 .ARM.attributes
                0x000000000000020c       0x33 ./drivers/mss_hpdma/mss_hpdma.o
 .ARM.attributes
                0x000000000000023f       0x33 ./CMSIS/startup_gcc/newlib_stubs.o
 .ARM.attributes
                0x0000000000000272       0x21 ./CMSIS/startup_gcc/startup_m2sxxx.o
 .ARM.attributes
                0x0000000000000293       0x33 ./CMSIS/system_m2sxxx.o
 .ARM.attributes
                0x00000000000002c6       0x2d ./main.o
 .ARM.attributes
                0x00000000000002f3       0x2d c:/microchip/softconsole-v2021.1/arm-none-eabi-gcc/bin/../lib/gcc/arm-none-eabi/9.2.1/../../../../arm-none-eabi/lib/thumb/v7-m/nofp\libg_nano.a(lib_a-errno.o)
 .ARM.attributes
                0x0000000000000320       0x2d c:/microchip/softconsole-v2021.1/arm-none-eabi-gcc/bin/../lib/gcc/arm-none-eabi/9.2.1/../../../../arm-none-eabi/lib/thumb/v7-m/nofp\libg_nano.a(lib_a-exit.o)
 .ARM.attributes
                0x000000000000034d       0x2d c:/microchip/softconsole-v2021.1/arm-none-eabi-gcc/bin/../lib/gcc/arm-none-eabi/9.2.1/../../../../arm-none-eabi/lib/thumb/v7-m/nofp\libg_nano.a(lib_a-impure.o)
 .ARM.attributes
                0x000000000000037a       0x2d c:/microchip/softconsole-v2021.1/arm-none-eabi-gcc/bin/../lib/gcc/arm-none-eabi/9.2.1/../../../../arm-none-eabi/lib/thumb/v7-m/nofp\libg_nano.a(lib_a-init.o)
 .ARM.attributes
                0x00000000000003a7       0x2d c:/microchip/softconsole-v2021.1/arm-none-eabi-gcc/bin/../lib/gcc/arm-none-eabi/9.2.1/../../../../arm-none-eabi/lib/thumb/v7-m/nofp\libg_nano.a(lib_a-malloc.o)
 .ARM.attributes
                0x00000000000003d4       0x2d c:/microchip/softconsole-v2021.1/arm-none-eabi-gcc/bin/../lib/gcc/arm-none-eabi/9.2.1/../../../../arm-none-eabi/lib/thumb/v7-m/nofp\libg_nano.a(lib_a-memcpy-stub.o)
 .ARM.attributes
                0x0000000000000401       0x2d c:/microchip/softconsole-v2021.1/arm-none-eabi-gcc/bin/../lib/gcc/arm-none-eabi/9.2.1/../../../../arm-none-eabi/lib/thumb/v7-m/nofp\libg_nano.a(lib_a-memset.o)
 .ARM.attributes
                0x000000000000042e       0x2d c:/microchip/softconsole-v2021.1/arm-none-eabi-gcc/bin/../lib/gcc/arm-none-eabi/9.2.1/../../../../arm-none-eabi/lib/thumb/v7-m/nofp\libg_nano.a(lib_a-nano-freer.o)
 .ARM.attributes
                0x000000000000045b       0x2d c:/microchip/softconsole-v2021.1/arm-none-eabi-gcc/bin/../lib/gcc/arm-none-eabi/9.2.1/../../../../arm-none-eabi/lib/thumb/v7-m/nofp\libg_nano.a(lib_a-nano-mallocr.o)
 .ARM.attributes
                0x0000000000000488       0x2d c:/microchip/softconsole-v2021.1/arm-none-eabi-gcc/bin/../lib/gcc/arm-none-eabi/9.2.1/../../../../arm-none-eabi/lib/thumb/v7-m/nofp\libg_nano.a(lib_a-sbrkr.o)
 .ARM.attributes
                0x00000000000004b5       0x2d c:/microchip/softconsole-v2021.1/arm-none-eabi-gcc/bin/../lib/gcc/arm-none-eabi/9.2.1/../../../../arm-none-eabi/lib/thumb/v7-m/nofp\libg_nano.a(lib_a-strtol.o)
 .ARM.attributes
                0x00000000000004e2       0x2d c:/microchip/softconsole-v2021.1/arm-none-eabi-gcc/bin/../lib/gcc/arm-none-eabi/9.2.1/../../../../arm-none-eabi/lib/thumb/v7-m/nofp\libg_nano.a(lib_a-vasprintf.o)
 .ARM.attributes
                0x000000000000050f       0x2d c:/microchip/softconsole-v2021.1/arm-none-eabi-gcc/bin/../lib/gcc/arm-none-eabi/9.2.1/../../../../arm-none-eabi/lib/thumb/v7-m/nofp\libg_nano.a(lib_a-ctype_.o)
 .ARM.attributes
                0x000000000000053c       0x2d c:/microchip/softconsole-v2021.1/arm-none-eabi-gcc/bin/../lib/gcc/arm-none-eabi/9.2.1/../../../../arm-none-eabi/lib/thumb/v7-m/nofp\libg_nano.a(lib_a-mlock.o)
 .ARM.attributes
                0x0000000000000569       0x2d c:/microchip/softconsole-v2021.1/arm-none-eabi-gcc/bin/../lib/gcc/arm-none-eabi/9.2.1/../../../../arm-none-eabi/lib/thumb/v7-m/nofp\libg_nano.a(lib_a-nano-svfprintf.o)
 .ARM.attributes
                0x0000000000000596       0x2d c:/microchip/softconsole-v2021.1/arm-none-eabi-gcc/bin/../lib/gcc/arm-none-eabi/9.2.1/../../../../arm-none-eabi/lib/thumb/v7-m/nofp\libg_nano.a(lib_a-nano-vfprintf_i.o)
 .ARM.attributes
                0x00000000000005c3       0x2d c:/microchip/softconsole-v2021.1/arm-none-eabi-gcc/bin/../lib/gcc/arm-none-eabi/9.2.1/../../../../arm-none-eabi/lib/thumb/v7-m/nofp\libg_nano.a(lib_a-reent.o)
 .ARM.attributes
                0x00000000000005f0       0x2d c:/microchip/softconsole-v2021.1/arm-none-eabi-gcc/bin/../lib/gcc/arm-none-eabi/9.2.1/../../../../arm-none-eabi/lib/thumb/v7-m/nofp\libg_nano.a(lib_a-lock.o)
 .ARM.attributes
                0x000000000000061d       0x2d c:/microchip/softconsole-v2021.1/arm-none-eabi-gcc/bin/../lib/gcc/arm-none-eabi/9.2.1/../../../../arm-none-eabi/lib/thumb/v7-m/nofp\libg_nano.a(lib_a-memchr-stub.o)
 .ARM.attributes
                0x000000000000064a       0x2d c:/microchip/softconsole-v2021.1/arm-none-eabi-gcc/bin/../lib/gcc/arm-none-eabi/9.2.1/../../../../arm-none-eabi/lib/thumb/v7-m/nofp\libg_nano.a(lib_a-memmove.o)
 .ARM.attributes
                0x0000000000000677       0x2d c:/microchip/softconsole-v2021.1/arm-none-eabi-gcc/bin/../lib/gcc/arm-none-eabi/9.2.1/../../../../arm-none-eabi/lib/thumb/v7-m/nofp\libg_nano.a(lib_a-nano-reallocr.o)
 .ARM.attributes
                0x00000000000006a4       0x2d c:/microchip/softconsole-v2021.1/arm-none-eabi-gcc/bin/../lib/gcc/arm-none-eabi/9.2.1/../../../../arm-none-eabi/lib/thumb/v7-m/nofp\libg_nano.a(lib_a-nano-msizer.o)
 .ARM.attributes
                0x00000000000006d1       0x2d c:/microchip/softconsole-v2021.1/arm-none-eabi-gcc/bin/../lib/gcc/arm-none-eabi/9.2.1/thumb/v7-m/nofp/crtend.o
 .ARM.attributes
                0x00000000000006fe       0x1d c:/microchip/softconsole-v2021.1/arm-none-eabi-gcc/bin/../lib/gcc/arm-none-eabi/9.2.1/thumb/v7-m/nofp/crtn.o

/DISCARD/
 *(.note.GNU-stack)
 *(.isr_vector)
OUTPUT(Prueba43_Multiplicacion_Matries_5_V2.elf elf32-littlearm)

.debug_ranges   0x0000000000000000      0x3e8
 .debug_ranges  0x0000000000000000       0x20 ./uart_functions/uart_functions.o
 .debug_ranges  0x0000000000000020      0x1c0 ./drivers/mss_uart/mss_uart.o
 .debug_ranges  0x00000000000001e0       0x80 ./drivers/mss_sys_services/mss_comblk.o
 .debug_ranges  0x0000000000000260       0x70 ./drivers/mss_hpdma/mss_hpdma.o
 .debug_ranges  0x00000000000002d0       0x98 ./CMSIS/startup_gcc/newlib_stubs.o
 .debug_ranges  0x0000000000000368       0x50 ./CMSIS/system_m2sxxx.o
 .debug_ranges  0x00000000000003b8       0x30 ./main.o

.debug_macro    0x0000000000000000     0x6cad
 .debug_macro   0x0000000000000000      0x1cd ./uart_functions/uart_functions.o
 .debug_macro   0x00000000000001cd      0x862 ./uart_functions/uart_functions.o
 .debug_macro   0x0000000000000a2f       0x22 ./uart_functions/uart_functions.o
 .debug_macro   0x0000000000000a51       0x44 ./uart_functions/uart_functions.o
 .debug_macro   0x0000000000000a95       0x58 ./uart_functions/uart_functions.o
 .debug_macro   0x0000000000000aed       0x22 ./uart_functions/uart_functions.o
 .debug_macro   0x0000000000000b0f      0x1df ./uart_functions/uart_functions.o
 .debug_macro   0x0000000000000cee       0x26 ./uart_functions/uart_functions.o
 .debug_macro   0x0000000000000d14       0x3a ./uart_functions/uart_functions.o
 .debug_macro   0x0000000000000d4e       0x34 ./uart_functions/uart_functions.o
 .debug_macro   0x0000000000000d82      0xc83 ./uart_functions/uart_functions.o
 .debug_macro   0x0000000000001a05      0x265 ./uart_functions/uart_functions.o
 .debug_macro   0x0000000000001c6a      0x16d ./uart_functions/uart_functions.o
 .debug_macro   0x0000000000001dd7      0x177 ./uart_functions/uart_functions.o
 .debug_macro   0x0000000000001f4e       0x58 ./uart_functions/uart_functions.o
 .debug_macro   0x0000000000001fa6       0x35 ./uart_functions/uart_functions.o
 .debug_macro   0x0000000000001fdb       0x9c ./uart_functions/uart_functions.o
 .debug_macro   0x0000000000002077       0x16 ./uart_functions/uart_functions.o
 .debug_macro   0x000000000000208d       0x35 ./uart_functions/uart_functions.o
 .debug_macro   0x00000000000020c2      0x27a ./uart_functions/uart_functions.o
 .debug_macro   0x000000000000233c       0x10 ./uart_functions/uart_functions.o
 .debug_macro   0x000000000000234c       0x52 ./uart_functions/uart_functions.o
 .debug_macro   0x000000000000239e       0x16 ./uart_functions/uart_functions.o
 .debug_macro   0x00000000000023b4       0x43 ./uart_functions/uart_functions.o
 .debug_macro   0x00000000000023f7      0x180 ./uart_functions/uart_functions.o
 .debug_macro   0x0000000000002577       0x10 ./uart_functions/uart_functions.o
 .debug_macro   0x0000000000002587       0x22 ./uart_functions/uart_functions.o
 .debug_macro   0x00000000000025a9       0xbe ./uart_functions/uart_functions.o
 .debug_macro   0x0000000000002667       0x16 ./uart_functions/uart_functions.o
 .debug_macro   0x000000000000267d      0x197 ./uart_functions/uart_functions.o
 .debug_macro   0x0000000000002814       0x16 ./uart_functions/uart_functions.o
 .debug_macro   0x000000000000282a       0x16 ./uart_functions/uart_functions.o
 .debug_macro   0x0000000000002840       0x29 ./uart_functions/uart_functions.o
 .debug_macro   0x0000000000002869       0x52 ./uart_functions/uart_functions.o
 .debug_macro   0x00000000000028bb       0xac ./uart_functions/uart_functions.o
 .debug_macro   0x0000000000002967       0xb2 ./drivers_config/sys_config/sys_config.o
 .debug_macro   0x0000000000002a19       0x3a ./drivers_config/sys_config/sys_config.o
 .debug_macro   0x0000000000002a53       0x34 ./drivers_config/sys_config/sys_config.o
 .debug_macro   0x0000000000002a87      0x57c ./drivers_config/sys_config/sys_config.o
 .debug_macro   0x0000000000003003      0x168 ./drivers/mss_uart/mss_uart.o
 .debug_macro   0x000000000000316b       0xe2 ./drivers/mss_uart/mss_uart.o
 .debug_macro   0x000000000000324d       0x22 ./drivers/mss_uart/mss_uart.o
 .debug_macro   0x000000000000326f      0x14b ./drivers/mss_sys_services/mss_comblk.o
 .debug_macro   0x00000000000033ba      0x134 ./drivers/mss_hpdma/mss_hpdma.o
 .debug_macro   0x00000000000034ee       0x4a ./drivers/mss_hpdma/mss_hpdma.o
 .debug_macro   0x0000000000003538       0x10 ./drivers/mss_hpdma/mss_hpdma.o
 .debug_macro   0x0000000000003548      0x186 ./CMSIS/startup_gcc/newlib_stubs.o
 .debug_macro   0x00000000000036ce      0x10e ./CMSIS/startup_gcc/newlib_stubs.o
 .debug_macro   0x00000000000037dc       0x86 ./CMSIS/startup_gcc/newlib_stubs.o
 .debug_macro   0x0000000000003862       0x16 ./CMSIS/startup_gcc/newlib_stubs.o
 .debug_macro   0x0000000000003878      0x48e ./CMSIS/startup_gcc/newlib_stubs.o
 .debug_macro   0x0000000000003d06       0x16 ./CMSIS/startup_gcc/newlib_stubs.o
 .debug_macro   0x0000000000003d1c       0x10 ./CMSIS/startup_gcc/newlib_stubs.o
 .debug_macro   0x0000000000003d2c       0x10 ./CMSIS/startup_gcc/newlib_stubs.o
 .debug_macro   0x0000000000003d3c       0x10 ./CMSIS/startup_gcc/newlib_stubs.o
 .debug_macro   0x0000000000003d4c       0x35 ./CMSIS/startup_gcc/newlib_stubs.o
 .debug_macro   0x0000000000003d81      0x122 ./CMSIS/startup_gcc/newlib_stubs.o
 .debug_macro   0x0000000000003ea3       0x10 ./CMSIS/startup_gcc/newlib_stubs.o
 .debug_macro   0x0000000000003eb3      0x241 ./CMSIS/startup_gcc/newlib_stubs.o
 .debug_macro   0x00000000000040f4      0x163 ./CMSIS/system_m2sxxx.o
 .debug_macro   0x0000000000004257      0x270 ./main.o
 .debug_macro   0x00000000000044c7      0xa84 ./main.o
 .debug_macro   0x0000000000004f4b       0x22 ./main.o
 .debug_macro   0x0000000000004f6d       0x5e ./main.o
 .debug_macro   0x0000000000004fcb       0x18 ./main.o
 .debug_macro   0x0000000000004fe3       0x94 ./main.o
 .debug_macro   0x0000000000005077       0x35 ./main.o
 .debug_macro   0x00000000000050ac       0x34 ./main.o
 .debug_macro   0x00000000000050e0       0x57 ./main.o
 .debug_macro   0x0000000000005137       0x97 ./main.o
 .debug_macro   0x00000000000051ce      0x339 ./main.o
 .debug_macro   0x0000000000005507       0xfd ./main.o
 .debug_macro   0x0000000000005604       0x58 ./main.o
 .debug_macro   0x000000000000565c       0x1f ./main.o
 .debug_macro   0x000000000000567b       0x43 ./main.o
 .debug_macro   0x00000000000056be       0x20 ./main.o
 .debug_macro   0x00000000000056de      0x18e ./main.o
 .debug_macro   0x000000000000586c       0x10 ./main.o
 .debug_macro   0x000000000000587c       0x6a ./main.o
 .debug_macro   0x00000000000058e6       0x1c ./main.o
 .debug_macro   0x0000000000005902       0x52 ./main.o
 .debug_macro   0x0000000000005954       0x40 ./main.o
 .debug_macro   0x0000000000005994       0x40 ./main.o
 .debug_macro   0x00000000000059d4       0xd7 ./main.o
 .debug_macro   0x0000000000005aab       0x1c ./main.o
 .debug_macro   0x0000000000005ac7       0x3d ./main.o
 .debug_macro   0x0000000000005b04      0x16f ./main.o
 .debug_macro   0x0000000000005c73       0x35 ./main.o
 .debug_macro   0x0000000000005ca8       0x29 ./main.o
 .debug_macro   0x0000000000005cd1       0xef ./main.o
 .debug_macro   0x0000000000005dc0      0x1df ./main.o
 .debug_macro   0x0000000000005f9f       0x34 ./main.o
 .debug_macro   0x0000000000005fd3       0x34 ./main.o
 .debug_macro   0x0000000000006007      0xca6 ./main.o

.comment        0x0000000000000000       0xd6
 .comment       0x0000000000000000       0x70 ./uart_functions/uart_functions.o
                                         0x71 (size before relaxing)
 .comment       0x0000000000000070       0x71 ./drivers_config/sys_config/sys_config.o
 .comment       0x0000000000000070       0x71 ./drivers/mss_uart/mss_uart.o
 .comment       0x0000000000000070       0x71 ./drivers/mss_sys_services/mss_comblk.o
 .comment       0x0000000000000070       0x71 ./drivers/mss_hpdma/mss_hpdma.o
 .comment       0x0000000000000070       0x71 ./CMSIS/startup_gcc/newlib_stubs.o
 .comment       0x0000000000000070       0x71 ./CMSIS/system_m2sxxx.o
 .comment       0x0000000000000070       0x66 ./main.o
                                         0x67 (size before relaxing)
