Resource Usage Report for TOP_2VER 

Mapping to part: m2s010vf400-1
Cell usage:
CCC             1 use
CLKINT          13 uses
MSS_010         1 use
RCOSC_25_50MHZ  1 use
RCOSC_25_50MHZ_FAB  1 use
SYSRESET        1 use
CFG1           7 uses
CFG2           66 uses
CFG3           114 uses
CFG4           152 uses

Carry cells:
ARI1            140 uses - used for arithmetic functions


Sequential Cells: 
SLE            728 uses

DSP Blocks:    0 of 22 (0%)

I/O ports: 44
I/O primitives: 41
BIBUF          9 uses
BIBUF_DIFF     1 use
INBUF          2 uses
OUTBUF         28 uses
OUTBUF_DIFF    1 use


Global Clock Buffers: 13

Total LUTs:    479

Extra resources required for RAM and MACC interface logic during P&R:

RAM64x18 Interface Logic : SLEs = 0; LUTs = 0;
RAM1K18  Interface Logic : SLEs = 432; LUTs = 432;
MACC     Interface Logic : SLEs = 0; LUTs = 0;

Total number of SLEs after P&R:  728 + 0 + 432 + 0 = 1160;
Total number of LUTs after P&R:  479 + 0 + 432 + 0 = 911;

