Archive member included because of file (symbol)

c:/microsemi/softconsole_v4.0/arm-none-eabi-gcc/bin/../lib/gcc/arm-none-eabi/4.9.3/../../../../arm-none-eabi/lib/armv7-m\libg_nano.a(lib_a-errno.o)
                              ./CMSIS/startup_gcc/newlib_stubs.o (__errno)
c:/microsemi/softconsole_v4.0/arm-none-eabi-gcc/bin/../lib/gcc/arm-none-eabi/4.9.3/../../../../arm-none-eabi/lib/armv7-m\libg_nano.a(lib_a-exit.o)
                              c:/microsemi/softconsole_v4.0/arm-none-eabi-gcc/bin/../lib/gcc/arm-none-eabi/4.9.3/../../../../arm-none-eabi/lib/armv7-m/crt0.o (exit)
c:/microsemi/softconsole_v4.0/arm-none-eabi-gcc/bin/../lib/gcc/arm-none-eabi/4.9.3/../../../../arm-none-eabi/lib/armv7-m\libg_nano.a(lib_a-impure.o)
                              c:/microsemi/softconsole_v4.0/arm-none-eabi-gcc/bin/../lib/gcc/arm-none-eabi/4.9.3/../../../../arm-none-eabi/lib/armv7-m\libg_nano.a(lib_a-exit.o) (_global_impure_ptr)
c:/microsemi/softconsole_v4.0/arm-none-eabi-gcc/bin/../lib/gcc/arm-none-eabi/4.9.3/../../../../arm-none-eabi/lib/armv7-m\libg_nano.a(lib_a-init.o)
                              c:/microsemi/softconsole_v4.0/arm-none-eabi-gcc/bin/../lib/gcc/arm-none-eabi/4.9.3/../../../../arm-none-eabi/lib/armv7-m/crt0.o (__libc_init_array)
c:/microsemi/softconsole_v4.0/arm-none-eabi-gcc/bin/../lib/gcc/arm-none-eabi/4.9.3/../../../../arm-none-eabi/lib/armv7-m\libg_nano.a(lib_a-malloc.o)
                              ./main.o (malloc)
c:/microsemi/softconsole_v4.0/arm-none-eabi-gcc/bin/../lib/gcc/arm-none-eabi/4.9.3/../../../../arm-none-eabi/lib/armv7-m\libg_nano.a(lib_a-memcpy.o)
                              ./drivers/mss_sys_services/mss_sys_services.o (memcpy)
c:/microsemi/softconsole_v4.0/arm-none-eabi-gcc/bin/../lib/gcc/arm-none-eabi/4.9.3/../../../../arm-none-eabi/lib/armv7-m\libg_nano.a(lib_a-memset.o)
                              c:/microsemi/softconsole_v4.0/arm-none-eabi-gcc/bin/../lib/gcc/arm-none-eabi/4.9.3/../../../../arm-none-eabi/lib/armv7-m/crt0.o (memset)
c:/microsemi/softconsole_v4.0/arm-none-eabi-gcc/bin/../lib/gcc/arm-none-eabi/4.9.3/../../../../arm-none-eabi/lib/armv7-m\libg_nano.a(lib_a-nano-freer.o)
                              c:/microsemi/softconsole_v4.0/arm-none-eabi-gcc/bin/../lib/gcc/arm-none-eabi/4.9.3/../../../../arm-none-eabi/lib/armv7-m\libg_nano.a(lib_a-malloc.o) (_free_r)
c:/microsemi/softconsole_v4.0/arm-none-eabi-gcc/bin/../lib/gcc/arm-none-eabi/4.9.3/../../../../arm-none-eabi/lib/armv7-m\libg_nano.a(lib_a-nano-mallocr.o)
                              c:/microsemi/softconsole_v4.0/arm-none-eabi-gcc/bin/../lib/gcc/arm-none-eabi/4.9.3/../../../../arm-none-eabi/lib/armv7-m\libg_nano.a(lib_a-malloc.o) (_malloc_r)
c:/microsemi/softconsole_v4.0/arm-none-eabi-gcc/bin/../lib/gcc/arm-none-eabi/4.9.3/../../../../arm-none-eabi/lib/armv7-m\libg_nano.a(lib_a-sbrkr.o)
                              c:/microsemi/softconsole_v4.0/arm-none-eabi-gcc/bin/../lib/gcc/arm-none-eabi/4.9.3/../../../../arm-none-eabi/lib/armv7-m\libg_nano.a(lib_a-nano-mallocr.o) (_sbrk_r)
c:/microsemi/softconsole_v4.0/arm-none-eabi-gcc/bin/../lib/gcc/arm-none-eabi/4.9.3/../../../../arm-none-eabi/lib/armv7-m\libg_nano.a(lib_a-sprintf.o)
                              ./main.o (sprintf)
c:/microsemi/softconsole_v4.0/arm-none-eabi-gcc/bin/../lib/gcc/arm-none-eabi/4.9.3/../../../../arm-none-eabi/lib/armv7-m\libg_nano.a(lib_a-nano-svfprintf.o)
                              c:/microsemi/softconsole_v4.0/arm-none-eabi-gcc/bin/../lib/gcc/arm-none-eabi/4.9.3/../../../../arm-none-eabi/lib/armv7-m\libg_nano.a(lib_a-sprintf.o) (_svfprintf_r)
c:/microsemi/softconsole_v4.0/arm-none-eabi-gcc/bin/../lib/gcc/arm-none-eabi/4.9.3/../../../../arm-none-eabi/lib/armv7-m\libg_nano.a(lib_a-nano-vfprintf_i.o)
                              c:/microsemi/softconsole_v4.0/arm-none-eabi-gcc/bin/../lib/gcc/arm-none-eabi/4.9.3/../../../../arm-none-eabi/lib/armv7-m\libg_nano.a(lib_a-nano-svfprintf.o) (_printf_i)
c:/microsemi/softconsole_v4.0/arm-none-eabi-gcc/bin/../lib/gcc/arm-none-eabi/4.9.3/../../../../arm-none-eabi/lib/armv7-m\libg_nano.a(lib_a-reent.o)
                              c:/microsemi/softconsole_v4.0/arm-none-eabi-gcc/bin/../lib/gcc/arm-none-eabi/4.9.3/../../../../arm-none-eabi/lib/armv7-m\libg_nano.a(lib_a-sbrkr.o) (errno)
c:/microsemi/softconsole_v4.0/arm-none-eabi-gcc/bin/../lib/gcc/arm-none-eabi/4.9.3/../../../../arm-none-eabi/lib/armv7-m\libg_nano.a(lib_a-memchr.o)
                              c:/microsemi/softconsole_v4.0/arm-none-eabi-gcc/bin/../lib/gcc/arm-none-eabi/4.9.3/../../../../arm-none-eabi/lib/armv7-m\libg_nano.a(lib_a-nano-svfprintf.o) (memchr)
c:/microsemi/softconsole_v4.0/arm-none-eabi-gcc/bin/../lib/gcc/arm-none-eabi/4.9.3/../../../../arm-none-eabi/lib/armv7-m\libg_nano.a(lib_a-memmove.o)
[...]
Memory Configuration

Name             Origin             Length             Attributes
rom              0x00000000         0x00040000         xr
ram              0x20000000         0x00010000         xrw
*default*        0x00000000         0xffffffff

Linker script and memory map

LOAD c:/microsemi/softconsole_v4.0/arm-none-eabi-gcc/bin/../lib/gcc/arm-none-eabi/4.9.3/armv7-m/crti.o
LOAD c:/microsemi/softconsole_v4.0/arm-none-eabi-gcc/bin/../lib/gcc/arm-none-eabi/4.9.3/armv7-m/crtbegin.o
LOAD c:/microsemi/softconsole_v4.0/arm-none-eabi-gcc/bin/../lib/gcc/arm-none-eabi/4.9.3/../../../../arm-none-eabi/lib/armv7-m/crt0.o
LOAD ./hal/CortexM3/GNU/hal.o
LOAD ./hal/CortexM3/GNU/hw_reg_access.o
LOAD ./hal/CortexM3/cortex_nvic.o
LOAD ./drivers_config/sys_config/sys_config.o
LOAD ./drivers/mss_uart/mss_uart.o
LOAD ./drivers/mss_sys_services/mss_comblk.o
LOAD ./drivers/mss_sys_services/mss_sys_services.o
LOAD ./drivers/mss_nvm/mss_nvm.o
LOAD ./drivers/mss_hpdma/mss_hpdma.o
LOAD ./drivers/mss_gpio/mss_gpio.o
LOAD ./CMSIS/startup_gcc/newlib_stubs.o
LOAD ./CMSIS/startup_gcc/startup_m2sxxx.o
LOAD ./CMSIS/system_m2sxxx.o
LOAD ./main.o
START GROUP
LOAD c:/microsemi/softconsole_v4.0/arm-none-eabi-gcc/bin/../lib/gcc/arm-none-eabi/4.9.3/armv7-m\libgcc.a
LOAD c:/microsemi/softconsole_v4.0/arm-none-eabi-gcc/bin/../lib/gcc/arm-none-eabi/4.9.3/../../../../arm-none-eabi/lib/armv7-m\libg_nano.a
LOAD c:/microsemi/softconsole_v4.0/arm-none-eabi-gcc/bin/../lib/gcc/arm-none-eabi/4.9.3/../../../../arm-none-eabi/lib/armv7-m\libc_nano.a
END GROUP
START GROUP
LOAD c:/microsemi/softconsole_v4.0/arm-none-eabi-gcc/bin/../lib/gcc/arm-none-eabi/4.9.3/armv7-m\libgcc.a
LOAD c:/microsemi/softconsole_v4.0/arm-none-eabi-gcc/bin/../lib/gcc/arm-none-eabi/4.9.3/../../../../arm-none-eabi/lib/armv7-m\libc_nano.a
END GROUP
LOAD c:/microsemi/softconsole_v4.0/arm-none-eabi-gcc/bin/../lib/gcc/arm-none-eabi/4.9.3/armv7-m/crtend.o
LOAD c:/microsemi/softconsole_v4.0/arm-none-eabi-gcc/bin/../lib/gcc/arm-none-eabi/4.9.3/armv7-m/crtn.o
START GROUP
LOAD c:/microsemi/softconsole_v4.0/arm-none-eabi-gcc/bin/../lib/gcc/arm-none-eabi/4.9.3/../../../../arm-none-eabi/lib/armv7-m\libc.a
LOAD c:/microsemi/softconsole_v4.0/arm-none-eabi-gcc/bin/../lib/gcc/arm-none-eabi/4.9.3/armv7-m\libgcc.a
LOAD c:/microsemi/softconsole_v4.0/arm-none-eabi-gcc/bin/../lib/gcc/arm-none-eabi/4.9.3/../../../../arm-none-eabi/lib/armv7-m\libm.a
END GROUP
                0x00000000                __DYNAMIC = 0x0
                0x20000000                RAM_START_ADDRESS = 0x20000000
                0x00010000                RAM_SIZE = 0x10000
                0x00001000                MAIN_STACK_SIZE = 0x1000
                0x00001000                MIN_SIZE_HEAP = 0x1000
                0x20010000                PROVIDE (__main_stack_start, (RAM_START_ADDRESS + RAM_SIZE))
                0x2000f000                PROVIDE (__process_stack_start, (__main_stack_start - MAIN_STACK_SIZE))
                0x20010000                PROVIDE (_estack, __main_stack_start)
                0x00000000                PROVIDE (__mirrored_nvm, 0x0)
                0x00000000                PROVIDE (__smartfusion2_memory_remap, 0x0)

.vector_table   0x00000000      0x190
                0x00000000                __vector_table_load = LOADADDR (.vector_table)
                0x00000000                __vector_table_start = .
                0x00000000                __vector_table_vma_base_address = .
 *(.isr_vector)
 .isr_vector    0x00000000      0x190 ./CMSIS/startup_gcc/startup_m2sxxx.o
                0x00000000                g_pfnVectors
                0x00000190                . = ALIGN (0x10)
                0x00000190                _evector_table = .

.boot_code      0x00000190      0x330
 *(.boot_code)
 .boot_code     0x00000190      0x324 ./CMSIS/startup_gcc/startup_m2sxxx.o
                0x00000190                Reset_Handler
                0x0000037e                NMI_Handler
                0x00000380                HardFault_Handler
                0x00000382                MemManage_Handler
                0x00000384                BusFault_Handler
                0x00000386                UsageFault_Handler
                0x00000388                SVC_Handler
                0x0000038a                DebugMon_Handler
                0x0000038c                PendSV_Handler
                0x0000038e                SysTick_Handler
                0x00000390                WdogWakeup_IRQHandler
                0x00000392                RTC_Wakeup_IRQHandler
                0x00000394                SPI0_IRQHandler
                0x00000396                SPI1_IRQHandler
                0x00000398                I2C0_IRQHandler
                0x0000039a                I2C0_SMBAlert_IRQHandler
                0x0000039c                I2C0_SMBus_IRQHandler
                0x0000039e                I2C1_IRQHandler
                0x000003a0                I2C1_SMBAlert_IRQHandler
                0x000003a2                I2C1_SMBus_IRQHandler
                0x000003a8                EthernetMAC_IRQHandler
                0x000003aa                DMA_IRQHandler
                0x000003ac                Timer1_IRQHandler
                0x000003ae                Timer2_IRQHandler
                0x000003b0                CAN_IRQHandler
                0x000003b2                ENVM0_IRQHandler
                0x000003b4                ENVM1_IRQHandler
                0x000003b8                USB_IRQHandler
                0x000003ba                USB_DMA_IRQHandler
                0x000003bc                PLL_Lock_IRQHandler
                0x000003be                PLL_LockLost_IRQHandler
                0x000003c0                CommSwitchError_IRQHandler
                0x000003c2                CacheError_IRQHandler
                0x000003c4                DDR_IRQHandler
                0x000003ca                ECC_Error_IRQHandler
                0x000003cc                MDDR_IOCalib_IRQHandler
                0x000003ce                FAB_PLL_Lock_IRQHandler
                0x000003d0                FAB_PLL_LockLost_IRQHandler
                0x000003d2                FIC64_IRQHandler
                0x000003d4                FabricIrq0_IRQHandler
                0x000003d6                FabricIrq1_IRQHandler
                0x000003d8                FabricIrq2_IRQHandler
                0x000003da                FabricIrq3_IRQHandler
                0x000003dc                FabricIrq4_IRQHandler
                0x000003de                FabricIrq5_IRQHandler
                0x000003e0                FabricIrq6_IRQHandler
                0x000003e2                FabricIrq7_IRQHandler
                0x000003e4                FabricIrq8_IRQHandler
                0x000003e6                FabricIrq9_IRQHandler
                0x000003e8                FabricIrq10_IRQHandler
                0x000003ea                FabricIrq11_IRQHandler
                0x000003ec                FabricIrq12_IRQHandler
                0x000003ee                FabricIrq13_IRQHandler
                0x000003f0                FabricIrq14_IRQHandler
                0x000003f2                FabricIrq15_IRQHandler
                0x000003f4                GPIO0_IRQHandler
                0x000003f6                GPIO1_IRQHandler
                0x000003f8                GPIO2_IRQHandler
                0x000003fa                GPIO3_IRQHandler
                0x000003fc                GPIO4_IRQHandler
                0x000003fe                GPIO5_IRQHandler
                0x00000400                GPIO6_IRQHandler
                0x00000402                GPIO7_IRQHandler
                0x00000404                GPIO8_IRQHandler
                0x00000406                GPIO9_IRQHandler
                0x00000408                GPIO10_IRQHandler
                0x0000040a                GPIO11_IRQHandler
                0x0000040c                GPIO12_IRQHandler
                0x0000040e                GPIO13_IRQHandler
                0x00000410                GPIO14_IRQHandler
                0x00000412                GPIO15_IRQHandler
                0x00000414                GPIO16_IRQHandler
                0x00000416                GPIO17_IRQHandler
                0x00000418                GPIO18_IRQHandler
                0x0000041a                GPIO19_IRQHandler
                0x0000041c                GPIO20_IRQHandler
                0x0000041e                GPIO21_IRQHandler
                0x00000420                GPIO22_IRQHandler
                0x00000422                GPIO23_IRQHandler
                0x00000424                GPIO24_IRQHandler
                0x00000426                GPIO25_IRQHandler
                0x00000428                GPIO26_IRQHandler
                0x0000042a                GPIO27_IRQHandler
                0x0000042c                GPIO28_IRQHandler
                0x0000042e                GPIO29_IRQHandler
                0x00000430                GPIO30_IRQHandler
                0x00000432                GPIO31_IRQHandler
                0x00000434                mscc_post_hw_cfg_init
                0x000004c0                . = ALIGN (0x10)
 *fill*         0x000004b4        0xc 

.text           0x000004c0     0x2030
 CREATE_OBJECT_SYMBOLS
                0x000004c0                __text_load = LOADADDR (.text)
                0x000004c0                __text_start = .
 *(.text .text.* .gnu.linkonce.t.*)
 .text          0x000004c0       0x5c c:/microsemi/softconsole_v4.0/arm-none-eabi-gcc/bin/../lib/gcc/arm-none-eabi/4.9.3/armv7-m/crtbegin.o
 .text.NVIC_ClearPendingIRQ
                0x0000051c       0x34 ./drivers/mss_uart/mss_uart.o
 .text.set_bit_reg8
                0x00000550       0x38 ./drivers/mss_uart/mss_uart.o
 .text.clear_bit_reg8
                0x00000588       0x38 ./drivers/mss_uart/mss_uart.o
 .text.read_bit_reg8
                0x000005c0       0x38 ./drivers/mss_uart/mss_uart.o
 .text.MSS_UART_init
                0x000005f8       0x70 ./drivers/mss_uart/mss_uart.o
                0x000005f8                MSS_UART_init
 .text.MSS_UART_polled_tx_string
                0x00000668       0xb4 ./drivers/mss_uart/mss_uart.o
                0x00000668                MSS_UART_polled_tx_string
 .text.UART0_IRQHandler
                0x0000071c       0x20 ./drivers/mss_uart/mss_uart.o
                0x0000071c                UART0_IRQHandler
 .text.UART1_IRQHandler
                0x0000073c       0x20 ./drivers/mss_uart/mss_uart.o
                0x0000073c                UART1_IRQHandler
 .text.config_baud_divisors
                0x0000075c      0x148 ./drivers/mss_uart/mss_uart.o
 .text.global_init
                0x000008a4      0x1d8 ./drivers/mss_uart/mss_uart.o
 .text.MSS_UART_isr
                0x00000a7c      0x1f0 ./drivers/mss_uart/mss_uart.o
 .text.default_tx_handler
                0x00000c6c       0xe8 ./drivers/mss_uart/mss_uart.o
 .text.ComBlk_IRQHandler
                0x00000d54       0x48 ./drivers/mss_sys_services/mss_comblk.o
                0x00000d54                ComBlk_IRQHandler
 .text.handle_tx_okay_irq
                0x00000d9c      0x1b0 ./drivers/mss_sys_services/mss_comblk.o
 .text.handle_rx_okay_irq
                0x00000f4c      0x204 ./drivers/mss_sys_services/mss_comblk.o
 .text.complete_request
                0x00001150       0x40 ./drivers/mss_sys_services/mss_comblk.o
 .text.abort_current_cmd
                0x00001190       0x4c ./drivers/mss_sys_services/mss_comblk.o
 .text.fill_tx_fifo
                0x000011dc       0x64 ./drivers/mss_sys_services/mss_comblk.o
 .text.process_sys_ctrl_command
                0x00001240       0x28 ./drivers/mss_sys_services/mss_comblk.o
 .text.start_transfer
                0x00001268      0x14c ./drivers/mss_hpdma/mss_hpdma.o
 .text.HPDMA_Complete_IRQHandler
                0x000013b4       0xf4 ./drivers/mss_hpdma/mss_hpdma.o
                0x000013b4                HPDMA_Complete_IRQHandler
 .text.HPDMA_Error_IRQHandler
                0x000014a8      0x100 ./drivers/mss_hpdma/mss_hpdma.o
                0x000014a8                HPDMA_Error_IRQHandler
 .text._exit    0x000015a8        0xc ./CMSIS/startup_gcc/newlib_stubs.o
                0x000015a8                _exit
 .text._write_r
                0x000015b4       0x1c ./CMSIS/startup_gcc/newlib_stubs.o
                0x000015b4                _write_r
 .text._sbrk    0x000015d0       0x9c ./CMSIS/startup_gcc/newlib_stubs.o
                0x000015d0                _sbrk
 .text.SystemInit
                0x0000166c       0x20 ./CMSIS/system_m2sxxx.o
                0x0000166c                SystemInit
 .text.SystemCoreClockUpdate
                0x0000168c       0xf4 ./CMSIS/system_m2sxxx.o
                0x0000168c                SystemCoreClockUpdate
 .text.get_rcosc_25_50mhz_frequency
                0x00001780       0x3c ./CMSIS/system_m2sxxx.o
 .text.set_clock_frequency_globals
                0x000017bc       0x5c ./CMSIS/system_m2sxxx.o
 .text.get_silicon_revision
                0x00001818       0x48 ./CMSIS/system_m2sxxx.o
 .text.silicon_workarounds
                0x00001860       0x20 ./CMSIS/system_m2sxxx.o
 .text.m2s050_rev_a_workarounds
                0x00001880       0x30 ./CMSIS/system_m2sxxx.o
 .text.main     0x000018b0       0xb8 ./main.o
                0x000018b0                main
 .text.multiplyMatrices
                0x00001968      0x10c ./main.o
                0x00001968                multiplyMatrices
 .text.printMatrix
                0x00001a74       0x7c ./main.o
                0x00001a74                printMatrix
 .text.__libc_init_array
                0x00001af0       0x4c c:/microsemi/softconsole_v4.0/arm-none-eabi-gcc/bin/../lib/gcc/arm-none-eabi/4.9.3/../../../../arm-none-eabi/lib/armv7-m\libg_nano.a(lib_a-init.o)
                0x00001af0                __libc_init_array
 .text.malloc   0x00001b3c       0x10 c:/microsemi/softconsole_v4.0/arm-none-eabi-gcc/bin/../lib/gcc/arm-none-eabi/4.9.3/../../../../arm-none-eabi/lib/armv7-m\libg_nano.a(lib_a-malloc.o)
                0x00001b3c                malloc
 .text.free     0x00001b4c       0x10 c:/microsemi/softconsole_v4.0/arm-none-eabi-gcc/bin/../lib/gcc/arm-none-eabi/4.9.3/../../../../arm-none-eabi/lib/armv7-m\libg_nano.a(lib_a-malloc.o)
                0x00001b4c                free
 .text.memcpy   0x00001b5c       0x16 c:/microsemi/softconsole_v4.0/arm-none-eabi-gcc/bin/../lib/gcc/arm-none-eabi/4.9.3/../../../../arm-none-eabi/lib/armv7-m\libg_nano.a(lib_a-memcpy.o)
                0x00001b5c                memcpy
 *fill*         0x00001b72        0x2 
 .text._free_r  0x00001b74       0x88 c:/microsemi/softconsole_v4.0/arm-none-eabi-gcc/bin/../lib/gcc/arm-none-eabi/4.9.3/../../../../arm-none-eabi/lib/armv7-m\libg_nano.a(lib_a-nano-freer.o)
                0x00001b74                _free_r
 .text._malloc_r
                0x00001bfc       0xac c:/microsemi/softconsole_v4.0/arm-none-eabi-gcc/bin/../lib/gcc/arm-none-eabi/4.9.3/../../../../arm-none-eabi/lib/armv7-m\libg_nano.a(lib_a-nano-mallocr.o)
                0x00001bfc                _malloc_r
 .text._sbrk_r  0x00001ca8       0x20 c:/microsemi/softconsole_v4.0/arm-none-eabi-gcc/bin/../lib/gcc/arm-none-eabi/4.9.3/../../../../arm-none-eabi/lib/armv7-m\libg_nano.a(lib_a-sbrkr.o)
                0x00001ca8                _sbrk_r
 .text.sprintf  0x00001cc8       0x48 c:/microsemi/softconsole_v4.0/arm-none-eabi-gcc/bin/../lib/gcc/arm-none-eabi/4.9.3/../../../../arm-none-eabi/lib/armv7-m\libg_nano.a(lib_a-sprintf.o)
                0x00001cc8                siprintf
                0x00001cc8                sprintf
 .text.__ssputs_r
                0x00001d10       0xb2 c:/microsemi/softconsole_v4.0/arm-none-eabi-gcc/bin/../lib/gcc/arm-none-eabi/4.9.3/../../../../arm-none-eabi/lib/armv7-m\libg_nano.a(lib_a-nano-svfprintf.o)
                0x00001d10                __ssputs_r
 *fill*         0x00001dc2        0x2 
 .text._svfprintf_r
                0x00001dc4      0x1e4 c:/microsemi/softconsole_v4.0/arm-none-eabi-gcc/bin/../lib/gcc/arm-none-eabi/4.9.3/../../../../arm-none-eabi/lib/armv7-m\libg_nano.a(lib_a-nano-svfprintf.o)
                0x00001dc4                _svfiprintf_r
                0x00001dc4                _svfprintf_r
 .text._printf_common
                0x00001fa8       0xea c:/microsemi/softconsole_v4.0/arm-none-eabi-gcc/bin/../lib/gcc/arm-none-eabi/4.9.3/../../../../arm-none-eabi/lib/armv7-m\libg_nano.a(lib_a-nano-vfprintf_i.o)
                0x00001fa8                _printf_common
 *fill*         0x00002092        0x2 
 .text._printf_i
                0x00002094      0x240 c:/microsemi/softconsole_v4.0/arm-none-eabi-gcc/bin/../lib/gcc/arm-none-eabi/4.9.3/../../../../arm-none-eabi/lib/armv7-m\libg_nano.a(lib_a-nano-vfprintf_i.o)
                0x00002094                _printf_i
 .text.memchr   0x000022d4       0x1c c:/microsemi/softconsole_v4.0/arm-none-eabi-gcc/bin/../lib/gcc/arm-none-eabi/4.9.3/../../../../arm-none-eabi/lib/armv7-m\libg_nano.a(lib_a-memchr.o)
                0x000022d4                memchr
 .text.memmove  0x000022f0       0x36 c:/microsemi/softconsole_v4.0/arm-none-eabi-gcc/bin/../lib/gcc/arm-none-eabi/4.9.3/../../../../arm-none-eabi/lib/armv7-m\libg_nano.a(lib_a-memmove.o)
                0x000022f0                memmove
 .text._realloc_r
                0x00002326       0x4c c:/microsemi/softconsole_v4.0/arm-none-eabi-gcc/bin/../lib/gcc/arm-none-eabi/4.9.3/../../../../arm-none-eabi/lib/armv7-m\libg_nano.a(lib_a-nano-reallocr.o)
                0x00002326                _realloc_r
 .text._malloc_usable_size_r
                0x00002372       0x14 c:/microsemi/softconsole_v4.0/arm-none-eabi-gcc/bin/../lib/gcc/arm-none-eabi/4.9.3/../../../../arm-none-eabi/lib/armv7-m\libg_nano.a(lib_a-nano-msizer.o)
                0x00002372                _malloc_usable_size_r
 *(.plt)
 *(.gnu.warning)
 *(.glue_7t)
 .glue_7t       0x00000000        0x0 linker stubs
 *(.glue_7)
 .glue_7        0x00000000        0x0 linker stubs
 *(.vfp11_veneer)
 .vfp11_veneer  0x00000000        0x0 linker stubs
                0x00002388                . = ALIGN (0x4)
 *fill*         0x00002386        0x2 
 *crtbegin.o(.ctors)
 *(EXCLUDE_FILE(*crtend.o) .ctors)
 *(SORT(.ctors.*))
 *crtend.o(.ctors)
 *crtbegin.o(.dtors)
 *(EXCLUDE_FILE(*crtend.o) .dtors)
 *(SORT(.dtors.*))
 *crtend.o(.dtors)
 *(.rodata .rodata.* .gnu.linkonce.r.*)
 .rodata        0x00002388       0x30 ./CMSIS/startup_gcc/newlib_stubs.o
 .rodata        0x000023b8        0x8 ./CMSIS/system_m2sxxx.o
 .rodata        0x000023c0       0xd7 ./main.o
 .rodata.str1.1
                0x00002497        0x2 c:/microsemi/softconsole_v4.0/arm-none-eabi-gcc/bin/../lib/gcc/arm-none-eabi/4.9.3/../../../../arm-none-eabi/lib/armv7-m\libg_nano.a(lib_a-impure.o)
 .rodata.str1.1
                0x00002499       0x11 c:/microsemi/softconsole_v4.0/arm-none-eabi-gcc/bin/../lib/gcc/arm-none-eabi/4.9.3/../../../../arm-none-eabi/lib/armv7-m\libg_nano.a(lib_a-nano-svfprintf.o)
 .rodata.str1.1
                0x000024aa       0x22 c:/microsemi/softconsole_v4.0/arm-none-eabi-gcc/bin/../lib/gcc/arm-none-eabi/4.9.3/../../../../arm-none-eabi/lib/armv7-m\libg_nano.a(lib_a-nano-vfprintf_i.o)
 *(.ARM.extab* .gnu.linkonce.armextab.*)
 *(.gcc_except_table)
 *(.eh_frame_hdr)
 *(.eh_frame)
 .eh_frame      0x000024cc        0x0 c:/microsemi/softconsole_v4.0/arm-none-eabi-gcc/bin/../lib/gcc/arm-none-eabi/4.9.3/armv7-m/crtbegin.o
 *(.vector_table)
 *(.init)
 .init          0x000024cc        0x4 c:/microsemi/softconsole_v4.0/arm-none-eabi-gcc/bin/../lib/gcc/arm-none-eabi/4.9.3/armv7-m/crti.o
                0x000024cc                _init
 .init          0x000024d0        0x8 c:/microsemi/softconsole_v4.0/arm-none-eabi-gcc/bin/../lib/gcc/arm-none-eabi/4.9.3/armv7-m/crtn.o
 *(.fini)
 .fini          0x000024d8        0x4 c:/microsemi/softconsole_v4.0/arm-none-eabi-gcc/bin/../lib/gcc/arm-none-eabi/4.9.3/armv7-m/crti.o
                0x000024d8                _fini
 .fini          0x000024dc        0x8 c:/microsemi/softconsole_v4.0/arm-none-eabi-gcc/bin/../lib/gcc/arm-none-eabi/4.9.3/armv7-m/crtn.o
                0x000024e4                PROVIDE (__preinit_array_start, .)
 *(.preinit_array)
                0x000024e4                PROVIDE (__preinit_array_end, .)
                0x000024e4                PROVIDE (__init_array_start, .)
 *(SORT(.init_array.*))
 *(.init_array)
 .init_array    0x000024e4        0x4 c:/microsemi/softconsole_v4.0/arm-none-eabi-gcc/bin/../lib/gcc/arm-none-eabi/4.9.3/armv7-m/crtbegin.o
                0x000024e8                PROVIDE (__init_array_end, .)
                0x000024e8                PROVIDE (__fini_array_start, .)
 *(.fini_array)
 .fini_array    0x000024e8        0x4 c:/microsemi/softconsole_v4.0/arm-none-eabi-gcc/bin/../lib/gcc/arm-none-eabi/4.9.3/armv7-m/crtbegin.o
 *(SORT(.fini_array.*))
                0x000024ec                PROVIDE (__fini_array_end, .)
                0x000024f0                . = ALIGN (0x10)
 *fill*         0x000024ec        0x4 
                0x000024f0                __exidx_start = .

.v4_bx          0x000024f0        0x0
 .v4_bx         0x00000000        0x0 linker stubs

.iplt           0x000024f0        0x0
 .iplt          0x00000000        0x0 c:/microsemi/softconsole_v4.0/arm-none-eabi-gcc/bin/../lib/gcc/arm-none-eabi/4.9.3/armv7-m/crtbegin.o

.rel.dyn        0x000024f0        0x0
 .rel.iplt      0x00000000        0x0 c:/microsemi/softconsole_v4.0/arm-none-eabi-gcc/bin/../lib/gcc/arm-none-eabi/4.9.3/armv7-m/crtbegin.o

.ARM.exidx
 *(.ARM.exidx* .gnu.linkonce.armexidx.*)
                0x000024f0                __exidx_end = .
                0x000024f0                _etext = .

.data           0x20000000       0x90 load address 0x000024f0
                0x000024f0                __data_load = LOADADDR (.data)
                0x000024f0                _sidata = LOADADDR (.data)
                0x20000000                __data_start = .
                0x20000000                _sdata = .
 *(.jcr)
 .jcr           0x20000000        0x0 c:/microsemi/softconsole_v4.0/arm-none-eabi-gcc/bin/../lib/gcc/arm-none-eabi/4.9.3/armv7-m/crtbegin.o
 .jcr           0x20000000        0x4 c:/microsemi/softconsole_v4.0/arm-none-eabi-gcc/bin/../lib/gcc/arm-none-eabi/4.9.3/armv7-m/crtend.o
 *(.got.plt)
 *(.got)
 *(.shdata)
 *(.data .data.* .gnu.linkonce.d.*)
 .data.SystemCoreClock
                0x20000004        0x4 ./CMSIS/system_m2sxxx.o
                0x20000004                SystemCoreClock
 .data.g_FrequencyPCLK0
                0x20000008        0x4 ./CMSIS/system_m2sxxx.o
                0x20000008                g_FrequencyPCLK0
 .data.g_FrequencyPCLK1
                0x2000000c        0x4 ./CMSIS/system_m2sxxx.o
                0x2000000c                g_FrequencyPCLK1
 .data.g_FrequencyPCLK2
                0x20000010        0x4 ./CMSIS/system_m2sxxx.o
                0x20000010                g_FrequencyPCLK2
 .data.g_FrequencyFIC0
                0x20000014        0x4 ./CMSIS/system_m2sxxx.o
                0x20000014                g_FrequencyFIC0
 .data.g_FrequencyFIC1
                0x20000018        0x4 ./CMSIS/system_m2sxxx.o
                0x20000018                g_FrequencyFIC1
 .data.g_FrequencyFIC64
                0x2000001c        0x4 ./CMSIS/system_m2sxxx.o
                0x2000001c                g_FrequencyFIC64
 .data.impure_data
                0x20000020       0x60 c:/microsemi/softconsole_v4.0/arm-none-eabi-gcc/bin/../lib/gcc/arm-none-eabi/4.9.3/../../../../arm-none-eabi/lib/armv7-m\libg_nano.a(lib_a-impure.o)
 .data._impure_ptr
                0x20000080        0x4 c:/microsemi/softconsole_v4.0/arm-none-eabi-gcc/bin/../lib/gcc/arm-none-eabi/4.9.3/../../../../arm-none-eabi/lib/armv7-m\libg_nano.a(lib_a-impure.o)
                0x20000080                _impure_ptr
                0x20000090                . = ALIGN (0x10)
 *fill*         0x20000084        0xc 
                0x20000090                _edata = .

.igot.plt       0x20000090        0x0 load address 0x00002580
 .igot.plt      0x00000000        0x0 c:/microsemi/softconsole_v4.0/arm-none-eabi-gcc/bin/../lib/gcc/arm-none-eabi/4.9.3/armv7-m/crtbegin.o

.bss            0x20000090      0x120 load address 0x00002580
                0x20000090                __bss_start__ = .
                0x20000090                _sbss = .
 *(.shbss)
 *(.bss .bss.* .gnu.linkonce.b.*)
 .bss           0x20000090       0x1c c:/microsemi/softconsole_v4.0/arm-none-eabi-gcc/bin/../lib/gcc/arm-none-eabi/4.9.3/armv7-m/crtbegin.o
 .bss.g_comblk_cmd_opcode
                0x200000ac        0x1 ./drivers/mss_sys_services/mss_comblk.o
 *fill*         0x200000ad        0x3 
 .bss.g_comblk_p_cmd
                0x200000b0        0x4 ./drivers/mss_sys_services/mss_comblk.o
 .bss.g_comblk_cmd_size
                0x200000b4        0x2 ./drivers/mss_sys_services/mss_comblk.o
 *fill*         0x200000b6        0x2 
 .bss.g_comblk_p_data
                0x200000b8        0x4 ./drivers/mss_sys_services/mss_comblk.o
 .bss.g_comblk_data_size
                0x200000bc        0x4 ./drivers/mss_sys_services/mss_comblk.o
 .bss.g_comblk_p_response
                0x200000c0        0x4 ./drivers/mss_sys_services/mss_comblk.o
 .bss.g_comblk_response_size
                0x200000c4        0x2 ./drivers/mss_sys_services/mss_comblk.o
 .bss.g_comblk_response_idx
                0x200000c6        0x2 ./drivers/mss_sys_services/mss_comblk.o
 .bss.g_comblk_completion_handler
                0x200000c8        0x4 ./drivers/mss_sys_services/mss_comblk.o
 .bss.g_comblk_page_handler
                0x200000cc        0x4 ./drivers/mss_sys_services/mss_comblk.o
 .bss.g_request_in_progress
                0x200000d0        0x1 ./drivers/mss_sys_services/mss_comblk.o
 .bss.g_comblk_state
                0x200000d1        0x1 ./drivers/mss_sys_services/mss_comblk.o
 *fill*         0x200000d2        0x2 
 .bss.g_async_event_handler
                0x200000d4        0x4 ./drivers/mss_sys_services/mss_comblk.o
 .bss.g_transfer
                0x200000d8       0x18 ./drivers/mss_hpdma/mss_hpdma.o
 .bss.g_hpdma_end_desc
                0x200000f0        0x4 ./drivers/mss_hpdma/mss_hpdma.o
 .bss.g_hpdma_current_desc
                0x200000f4        0x4 ./drivers/mss_hpdma/mss_hpdma.o
 .bss.heap_end.5162
                0x200000f8        0x4 ./CMSIS/startup_gcc/newlib_stubs.o
 .bss.__malloc_sbrk_start
                0x200000fc        0x4 c:/microsemi/softconsole_v4.0/arm-none-eabi-gcc/bin/../lib/gcc/arm-none-eabi/4.9.3/../../../../arm-none-eabi/lib/armv7-m\libg_nano.a(lib_a-nano-mallocr.o)
                0x200000fc                __malloc_sbrk_start
 .bss.__malloc_free_list
                0x20000100        0x4 c:/microsemi/softconsole_v4.0/arm-none-eabi-gcc/bin/../lib/gcc/arm-none-eabi/4.9.3/../../../../arm-none-eabi/lib/armv7-m\libg_nano.a(lib_a-nano-mallocr.o)
                0x20000100                __malloc_free_list
 *(COMMON)
 COMMON         0x20000104       0x80 ./drivers/mss_uart/mss_uart.o
                0x20000104                g_mss_uart1
                0x20000144                g_mss_uart0
 COMMON         0x20000184       0x1e ./main.o
                0x20000184                str
 *fill*         0x200001a2        0x2 
 COMMON         0x200001a4        0x4 c:/microsemi/softconsole_v4.0/arm-none-eabi-gcc/bin/../lib/gcc/arm-none-eabi/4.9.3/../../../../arm-none-eabi/lib/armv7-m\libg_nano.a(lib_a-reent.o)
                0x200001a4                errno
                0x200001b0                . = ALIGN (0x10)
 *fill*         0x200001a8        0x8 
                0x200001b0                __bss_end__ = .
                0x200001b0                _end = .
                0x200001b0                __end = _end
                0x200001b0                _ebss = .
                0x200001b0                PROVIDE (end, .)

.heap           0x200001b0     0xee50 load address 0x00002580
                0x200001b0                __heap_start__ = .
                0x200011b0                . = (. + MIN_SIZE_HEAP)
 *fill*         0x200001b0     0x1000 
                0x2000f000                . = (. + (((ABSOLUTE (RAM_START_ADDRESS) + RAM_SIZE) - MAIN_STACK_SIZE) - .))
 *fill*         0x200011b0     0xde50 
                0x2000f000                _eheap = .

.stack          0x2000f000     0x1000 load address 0x00002580
                0x2000f000                __stack_start__ = .
                0x20010000                . = (. + MAIN_STACK_SIZE)
 *fill*         0x2000f000     0x1000 
                0x20010000                _estack = .

.stab
 *(.stab)

.stabstr
 *(.stabstr)

.debug
 *(.debug)

.line
 *(.line)

.debug_srcinfo
 *(.debug_srcinfo)

.debug_sfnames
 *(.debug_sfnames)

.debug_aranges  0x00000000      0x778
 *(.debug_aranges)
 .debug_aranges
                0x00000000       0x20 ./hal/CortexM3/GNU/hal.o
 .debug_aranges
                0x00000020       0x20 ./hal/CortexM3/GNU/hw_reg_access.o
 .debug_aranges
                0x00000040       0x48 ./hal/CortexM3/cortex_nvic.o
 .debug_aranges
                0x00000088       0x18 ./drivers_config/sys_config/sys_config.o
 .debug_aranges
                0x000000a0      0x1d0 ./drivers/mss_uart/mss_uart.o
 .debug_aranges
                0x00000270       0x90 ./drivers/mss_sys_services/mss_comblk.o
 .debug_aranges
                0x00000300      0x1c8 ./drivers/mss_sys_services/mss_sys_services.o
 .debug_aranges
                0x000004c8       0x80 ./drivers/mss_nvm/mss_nvm.o
 .debug_aranges
                0x00000548       0x80 ./drivers/mss_hpdma/mss_hpdma.o
 .debug_aranges
                0x000005c8       0x68 ./drivers/mss_gpio/mss_gpio.o
 .debug_aranges
                0x00000630       0xa8 ./CMSIS/startup_gcc/newlib_stubs.o
 .debug_aranges
                0x000006d8       0x20 ./CMSIS/startup_gcc/startup_m2sxxx.o
 .debug_aranges
                0x000006f8       0x50 ./CMSIS/system_m2sxxx.o
 .debug_aranges
                0x00000748       0x30 ./main.o

.debug_pubnames
 *(.debug_pubnames)

.debug_info     0x00000000     0x9685
 *(.debug_info .gnu.linkonce.wi.*)
 .debug_info    0x00000000       0x8e ./hal/CortexM3/GNU/hal.o
 .debug_info    0x0000008e       0x98 ./hal/CortexM3/GNU/hw_reg_access.o
 .debug_info    0x00000126      0x18b ./hal/CortexM3/cortex_nvic.o
 .debug_info    0x000002b1       0x96 ./drivers_config/sys_config/sys_config.o
 .debug_info    0x00000347     0x1cc5 ./drivers/mss_uart/mss_uart.o
 .debug_info    0x0000200c      0xb0d ./drivers/mss_sys_services/mss_comblk.o
 .debug_info    0x00002b19     0x1e16 ./drivers/mss_sys_services/mss_sys_services.o
 .debug_info    0x0000492f     0x1158 ./drivers/mss_nvm/mss_nvm.o
 .debug_info    0x00005a87     0x1169 ./drivers/mss_hpdma/mss_hpdma.o
 .debug_info    0x00006bf0     0x1013 ./drivers/mss_gpio/mss_gpio.o
 .debug_info    0x00007c03      0x692 ./CMSIS/startup_gcc/newlib_stubs.o
 .debug_info    0x00008295       0x9a ./CMSIS/startup_gcc/startup_m2sxxx.o
 .debug_info    0x0000832f      0xaa3 ./CMSIS/system_m2sxxx.o
 .debug_info    0x00008dd2      0x8b3 ./main.o

.debug_abbrev   0x00000000     0x1305
 *(.debug_abbrev)
 .debug_abbrev  0x00000000       0x14 ./hal/CortexM3/GNU/hal.o
 .debug_abbrev  0x00000014       0x14 ./hal/CortexM3/GNU/hw_reg_access.o
 .debug_abbrev  0x00000028       0xa3 ./hal/CortexM3/cortex_nvic.o
 .debug_abbrev  0x000000cb       0x4e ./drivers_config/sys_config/sys_config.o
 .debug_abbrev  0x00000119      0x2e6 ./drivers/mss_uart/mss_uart.o
 .debug_abbrev  0x000003ff      0x1d2 ./drivers/mss_sys_services/mss_comblk.o
 .debug_abbrev  0x000005d1      0x251 ./drivers/mss_sys_services/mss_sys_services.o
 .debug_abbrev  0x00000822      0x1cb ./drivers/mss_nvm/mss_nvm.o
 .debug_abbrev  0x000009ed      0x246 ./drivers/mss_hpdma/mss_hpdma.o
 .debug_abbrev  0x00000c33      0x19a ./drivers/mss_gpio/mss_gpio.o
 .debug_abbrev  0x00000dcd      0x1c4 ./CMSIS/startup_gcc/newlib_stubs.o
 .debug_abbrev  0x00000f91       0x14 ./CMSIS/startup_gcc/startup_m2sxxx.o
 .debug_abbrev  0x00000fa5      0x189 ./CMSIS/system_m2sxxx.o
 .debug_abbrev  0x0000112e      0x1d7 ./main.o

.debug_line     0x00000000     0x42f0
 *(.debug_line)
 .debug_line    0x00000000       0x4d ./hal/CortexM3/GNU/hal.o
 .debug_line    0x0000004d       0x8b ./hal/CortexM3/GNU/hw_reg_access.o
 .debug_line    0x000000d8      0x2b0 ./hal/CortexM3/cortex_nvic.o
 .debug_line    0x00000388      0x2aa ./drivers_config/sys_config/sys_config.o
 .debug_line    0x00000632      0xe31 ./drivers/mss_uart/mss_uart.o
 .debug_line    0x00001463      0x53d ./drivers/mss_sys_services/mss_comblk.o
 .debug_line    0x000019a0      0xdaf ./drivers/mss_sys_services/mss_sys_services.o
 .debug_line    0x0000274f      0x689 ./drivers/mss_nvm/mss_nvm.o
 .debug_line    0x00002dd8      0x467 ./drivers/mss_hpdma/mss_hpdma.o
 .debug_line    0x0000323f      0x3df ./drivers/mss_gpio/mss_gpio.o
 .debug_line    0x0000361e      0x41a ./CMSIS/startup_gcc/newlib_stubs.o
 .debug_line    0x00003a38      0x190 ./CMSIS/startup_gcc/startup_m2sxxx.o
 .debug_line    0x00003bc8      0x354 ./CMSIS/system_m2sxxx.o
 .debug_line    0x00003f1c      0x3d4 ./main.o

.debug_frame    0x00000000     0x20f0
 *(.debug_frame)
 .debug_frame   0x00000000       0xf8 ./hal/CortexM3/cortex_nvic.o
 .debug_frame   0x000000f8      0x820 ./drivers/mss_uart/mss_uart.o
 .debug_frame   0x00000918      0x240 ./drivers/mss_sys_services/mss_comblk.o
 .debug_frame   0x00000b58      0x7e0 ./drivers/mss_sys_services/mss_sys_services.o
 .debug_frame   0x00001338      0x208 ./drivers/mss_nvm/mss_nvm.o
 .debug_frame   0x00001540      0x210 ./drivers/mss_hpdma/mss_hpdma.o
 .debug_frame   0x00001750      0x198 ./drivers/mss_gpio/mss_gpio.o
 .debug_frame   0x000018e8      0x2a8 ./CMSIS/startup_gcc/newlib_stubs.o
 .debug_frame   0x00001b90      0x10c ./CMSIS/system_m2sxxx.o
 .debug_frame   0x00001c9c       0x88 ./main.o
 .debug_frame   0x00001d24       0x20 c:/microsemi/softconsole_v4.0/arm-none-eabi-gcc/bin/../lib/gcc/arm-none-eabi/4.9.3/../../../../arm-none-eabi/lib/armv7-m\libg_nano.a(lib_a-errno.o)
 .debug_frame   0x00001d44       0x28 c:/microsemi/softconsole_v4.0/arm-none-eabi-gcc/bin/../lib/gcc/arm-none-eabi/4.9.3/../../../../arm-none-eabi/lib/armv7-m\libg_nano.a(lib_a-exit.o)
 .debug_frame   0x00001d6c       0x2c c:/microsemi/softconsole_v4.0/arm-none-eabi-gcc/bin/../lib/gcc/arm-none-eabi/4.9.3/../../../../arm-none-eabi/lib/armv7-m\libg_nano.a(lib_a-init.o)
 .debug_frame   0x00001d98       0x30 c:/microsemi/softconsole_v4.0/arm-none-eabi-gcc/bin/../lib/gcc/arm-none-eabi/4.9.3/../../../../arm-none-eabi/lib/armv7-m\libg_nano.a(lib_a-malloc.o)
 .debug_frame   0x00001dc8       0x28 c:/microsemi/softconsole_v4.0/arm-none-eabi-gcc/bin/../lib/gcc/arm-none-eabi/4.9.3/../../../../arm-none-eabi/lib/armv7-m\libg_nano.a(lib_a-memcpy.o)
 .debug_frame   0x00001df0       0x20 c:/microsemi/softconsole_v4.0/arm-none-eabi-gcc/bin/../lib/gcc/arm-none-eabi/4.9.3/../../../../arm-none-eabi/lib/armv7-m\libg_nano.a(lib_a-memset.o)
 .debug_frame   0x00001e10       0x2c c:/microsemi/softconsole_v4.0/arm-none-eabi-gcc/bin/../lib/gcc/arm-none-eabi/4.9.3/../../../../arm-none-eabi/lib/armv7-m\libg_nano.a(lib_a-nano-freer.o)
 .debug_frame   0x00001e3c       0x2c c:/microsemi/softconsole_v4.0/arm-none-eabi-gcc/bin/../lib/gcc/arm-none-eabi/4.9.3/../../../../arm-none-eabi/lib/armv7-m\libg_nano.a(lib_a-nano-mallocr.o)
 .debug_frame   0x00001e68       0x2c c:/microsemi/softconsole_v4.0/arm-none-eabi-gcc/bin/../lib/gcc/arm-none-eabi/4.9.3/../../../../arm-none-eabi/lib/armv7-m\libg_nano.a(lib_a-sbrkr.o)
 .debug_frame   0x00001e94       0x70 c:/microsemi/softconsole_v4.0/arm-none-eabi-gcc/bin/../lib/gcc/arm-none-eabi/4.9.3/../../../../arm-none-eabi/lib/armv7-m\libg_nano.a(lib_a-sprintf.o)
 .debug_frame   0x00001f04       0x8c c:/microsemi/softconsole_v4.0/arm-none-eabi-gcc/bin/../lib/gcc/arm-none-eabi/4.9.3/../../../../arm-none-eabi/lib/armv7-m\libg_nano.a(lib_a-nano-svfprintf.o)
 .debug_frame   0x00001f90       0x58 c:/microsemi/softconsole_v4.0/arm-none-eabi-gcc/bin/../lib/gcc/arm-none-eabi/4.9.3/../../../../arm-none-eabi/lib/armv7-m\libg_nano.a(lib_a-nano-vfprintf_i.o)
 .debug_frame   0x00001fe8       0x5c c:/microsemi/softconsole_v4.0/arm-none-eabi-gcc/bin/../lib/gcc/arm-none-eabi/4.9.3/../../../../arm-none-eabi/lib/armv7-m\libg_nano.a(lib_a-reent.o)
 .debug_frame   0x00002044       0x28 c:/microsemi/softconsole_v4.0/arm-none-eabi-gcc/bin/../lib/gcc/arm-none-eabi/4.9.3/../../../../arm-none-eabi/lib/armv7-m\libg_nano.a(lib_a-memchr.o)
 .debug_frame   0x0000206c       0x28 c:/microsemi/softconsole_v4.0/arm-none-eabi-gcc/bin/../lib/gcc/arm-none-eabi/4.9.3/../../../../arm-none-eabi/lib/armv7-m\libg_nano.a(lib_a-memmove.o)
 .debug_frame   0x00002094       0x3c c:/microsemi/softconsole_v4.0/arm-none-eabi-gcc/bin/../lib/gcc/arm-none-eabi/4.9.3/../../../../arm-none-eabi/lib/armv7-m\libg_nano.a(lib_a-nano-reallocr.o)
 .debug_frame   0x000020d0       0x20 c:/microsemi/softconsole_v4.0/arm-none-eabi-gcc/bin/../lib/gcc/arm-none-eabi/4.9.3/../../../../arm-none-eabi/lib/armv7-m\libg_nano.a(lib_a-nano-msizer.o)

.debug_str      0x00000000    0x14247
 *(.debug_str)
 .debug_str     0x00000000     0x349a ./hal/CortexM3/cortex_nvic.o
                               0x3622 (size before relaxing)
 .debug_str     0x0000349a     0x5709 ./drivers_config/sys_config/sys_config.o
                               0x8717 (size before relaxing)
 .debug_str     0x00008ba3     0x257d ./drivers/mss_uart/mss_uart.o
                               0xb0a0 (size before relaxing)
 .debug_str     0x0000b120      0x4be ./drivers/mss_sys_services/mss_comblk.o
                               0x94df (size before relaxing)
 .debug_str     0x0000b5de     0x4192 ./drivers/mss_sys_services/mss_sys_services.o
                               0xd701 (size before relaxing)
 .debug_str     0x0000f770      0xcc9 ./drivers/mss_nvm/mss_nvm.o
                               0x9e4f (size before relaxing)
 .debug_str     0x00010439      0x762 ./drivers/mss_hpdma/mss_hpdma.o
                               0x9df9 (size before relaxing)
 .debug_str     0x00010b9b      0x9e1 ./drivers/mss_gpio/mss_gpio.o
                               0xa04d (size before relaxing)
 .debug_str     0x0001157c     0x1eec ./CMSIS/startup_gcc/newlib_stubs.o
                               0x6a31 (size before relaxing)
 .debug_str     0x00013468      0x530 ./CMSIS/system_m2sxxx.o
                               0x93c6 (size before relaxing)
 .debug_str     0x00013998      0x8af ./main.o
                               0xc3a9 (size before relaxing)

.debug_loc
 *(.debug_loc)

.debug_macinfo
 *(.debug_macinfo)

.debug_weaknames
 *(.debug_weaknames)

.debug_funcnames
 *(.debug_funcnames)

.debug_typenames
 *(.debug_typenames)

.debug_varnames
 *(.debug_varnames)

.note.gnu.arm.ident
 *(.note.gnu.arm.ident)

.ARM.attributes
                0x00000000       0x29
 *(.ARM.attributes)
 .ARM.attributes
                0x00000000       0x1d c:/microsemi/softconsole_v4.0/arm-none-eabi-gcc/bin/../lib/gcc/arm-none-eabi/4.9.3/armv7-m/crti.o
 .ARM.attributes
                0x0000001d       0x2d c:/microsemi/softconsole_v4.0/arm-none-eabi-gcc/bin/../lib/gcc/arm-none-eabi/4.9.3/armv7-m/crtbegin.o
 .ARM.attributes
                0x0000004a       0x1b c:/microsemi/softconsole_v4.0/arm-none-eabi-gcc/bin/../lib/gcc/arm-none-eabi/4.9.3/../../../../arm-none-eabi/lib/armv7-m/crt0.o
 .ARM.attributes
                0x00000065       0x21 ./hal/CortexM3/GNU/hal.o
 .ARM.attributes
                0x00000086       0x21 ./hal/CortexM3/GNU/hw_reg_access.o
 .ARM.attributes
                0x000000a7       0x33 ./hal/CortexM3/cortex_nvic.o
 .ARM.attributes
                0x000000da       0x33 ./drivers_config/sys_config/sys_config.o
 .ARM.attributes
                0x0000010d       0x33 ./drivers/mss_uart/mss_uart.o
 .ARM.attributes
                0x00000140       0x33 ./drivers/mss_sys_services/mss_comblk.o
 .ARM.attributes
                0x00000173       0x33 ./drivers/mss_sys_services/mss_sys_services.o
 .ARM.attributes
                0x000001a6       0x33 ./drivers/mss_nvm/mss_nvm.o
 .ARM.attributes
                0x000001d9       0x33 ./drivers/mss_hpdma/mss_hpdma.o
 .ARM.attributes
                0x0000020c       0x33 ./drivers/mss_gpio/mss_gpio.o
 .ARM.attributes
                0x0000023f       0x33 ./CMSIS/startup_gcc/newlib_stubs.o
 .ARM.attributes
                0x00000272       0x21 ./CMSIS/startup_gcc/startup_m2sxxx.o
 .ARM.attributes
                0x00000293       0x33 ./CMSIS/system_m2sxxx.o
 .ARM.attributes
                0x000002c6       0x33 ./main.o
 .ARM.attributes
                0x000002f9       0x2d c:/microsemi/softconsole_v4.0/arm-none-eabi-gcc/bin/../lib/gcc/arm-none-eabi/4.9.3/../../../../arm-none-eabi/lib/armv7-m\libg_nano.a(lib_a-errno.o)
 .ARM.attributes
                0x00000326       0x2d c:/microsemi/softconsole_v4.0/arm-none-eabi-gcc/bin/../lib/gcc/arm-none-eabi/4.9.3/../../../../arm-none-eabi/lib/armv7-m\libg_nano.a(lib_a-exit.o)
 .ARM.attributes
                0x00000353       0x2d c:/microsemi/softconsole_v4.0/arm-none-eabi-gcc/bin/../lib/gcc/arm-none-eabi/4.9.3/../../../../arm-none-eabi/lib/armv7-m\libg_nano.a(lib_a-impure.o)
 .ARM.attributes
                0x00000380       0x2d c:/microsemi/softconsole_v4.0/arm-none-eabi-gcc/bin/../lib/gcc/arm-none-eabi/4.9.3/../../../../arm-none-eabi/lib/armv7-m\libg_nano.a(lib_a-init.o)
 .ARM.attributes
                0x000003ad       0x2d c:/microsemi/softconsole_v4.0/arm-none-eabi-gcc/bin/../lib/gcc/arm-none-eabi/4.9.3/../../../../arm-none-eabi/lib/armv7-m\libg_nano.a(lib_a-malloc.o)
 .ARM.attributes
                0x000003da       0x2d c:/microsemi/softconsole_v4.0/arm-none-eabi-gcc/bin/../lib/gcc/arm-none-eabi/4.9.3/../../../../arm-none-eabi/lib/armv7-m\libg_nano.a(lib_a-memcpy.o)
 .ARM.attributes
                0x00000407       0x2d c:/microsemi/softconsole_v4.0/arm-none-eabi-gcc/bin/../lib/gcc/arm-none-eabi/4.9.3/../../../../arm-none-eabi/lib/armv7-m\libg_nano.a(lib_a-memset.o)
 .ARM.attributes
                0x00000434       0x2d c:/microsemi/softconsole_v4.0/arm-none-eabi-gcc/bin/../lib/gcc/arm-none-eabi/4.9.3/../../../../arm-none-eabi/lib/armv7-m\libg_nano.a(lib_a-nano-freer.o)
 .ARM.attributes
                0x00000461       0x2d c:/microsemi/softconsole_v4.0/arm-none-eabi-gcc/bin/../lib/gcc/arm-none-eabi/4.9.3/../../../../arm-none-eabi/lib/armv7-m\libg_nano.a(lib_a-nano-mallocr.o)
 .ARM.attributes
                0x0000048e       0x2d c:/microsemi/softconsole_v4.0/arm-none-eabi-gcc/bin/../lib/gcc/arm-none-eabi/4.9.3/../../../../arm-none-eabi/lib/armv7-m\libg_nano.a(lib_a-sbrkr.o)
 .ARM.attributes
                0x000004bb       0x2d c:/microsemi/softconsole_v4.0/arm-none-eabi-gcc/bin/../lib/gcc/arm-none-eabi/4.9.3/../../../../arm-none-eabi/lib/armv7-m\libg_nano.a(lib_a-sprintf.o)
 .ARM.attributes
                0x000004e8       0x2d c:/microsemi/softconsole_v4.0/arm-none-eabi-gcc/bin/../lib/gcc/arm-none-eabi/4.9.3/../../../../arm-none-eabi/lib/armv7-m\libg_nano.a(lib_a-nano-svfprintf.o)
 .ARM.attributes
                0x00000515       0x2d c:/microsemi/softconsole_v4.0/arm-none-eabi-gcc/bin/../lib/gcc/arm-none-eabi/4.9.3/../../../../arm-none-eabi/lib/armv7-m\libg_nano.a(lib_a-nano-vfprintf_i.o)
 .ARM.attributes
                0x00000542       0x2d c:/microsemi/softconsole_v4.0/arm-none-eabi-gcc/bin/../lib/gcc/arm-none-eabi/4.9.3/../../../../arm-none-eabi/lib/armv7-m\libg_nano.a(lib_a-reent.o)
 .ARM.attributes
                0x0000056f       0x2d c:/microsemi/softconsole_v4.0/arm-none-eabi-gcc/bin/../lib/gcc/arm-none-eabi/4.9.3/../../../../arm-none-eabi/lib/armv7-m\libg_nano.a(lib_a-memchr.o)
 .ARM.attributes
                0x0000059c       0x2d c:/microsemi/softconsole_v4.0/arm-none-eabi-gcc/bin/../lib/gcc/arm-none-eabi/4.9.3/../../../../arm-none-eabi/lib/armv7-m\libg_nano.a(lib_a-memmove.o)
 .ARM.attributes
                0x000005c9       0x2d c:/microsemi/softconsole_v4.0/arm-none-eabi-gcc/bin/../lib/gcc/arm-none-eabi/4.9.3/../../../../arm-none-eabi/lib/armv7-m\libg_nano.a(lib_a-nano-reallocr.o)
 .ARM.attributes
                0x000005f6       0x2d c:/microsemi/softconsole_v4.0/arm-none-eabi-gcc/bin/../lib/gcc/arm-none-eabi/4.9.3/../../../../arm-none-eabi/lib/armv7-m\libg_nano.a(lib_a-nano-msizer.o)
 .ARM.attributes
                0x00000623       0x2d c:/microsemi/softconsole_v4.0/arm-none-eabi-gcc/bin/../lib/gcc/arm-none-eabi/4.9.3/armv7-m/crtend.o
 .ARM.attributes
                0x00000650       0x1d c:/microsemi/softconsole_v4.0/arm-none-eabi-gcc/bin/../lib/gcc/arm-none-eabi/4.9.3/armv7-m/crtn.o

/DISCARD/
 *(.note.GNU-stack)
OUTPUT(Prueba43_Multiplicacion_Matrices.elf elf32-littlearm)

.debug_ranges   0x00000000      0x660
 .debug_ranges  0x00000000       0x38 ./hal/CortexM3/cortex_nvic.o
 .debug_ranges  0x00000038      0x1c0 ./drivers/mss_uart/mss_uart.o
 .debug_ranges  0x000001f8       0x80 ./drivers/mss_sys_services/mss_comblk.o
 .debug_ranges  0x00000278      0x1b8 ./drivers/mss_sys_services/mss_sys_services.o
 .debug_ranges  0x00000430       0x70 ./drivers/mss_nvm/mss_nvm.o
 .debug_ranges  0x000004a0       0x70 ./drivers/mss_hpdma/mss_hpdma.o
 .debug_ranges  0x00000510       0x58 ./drivers/mss_gpio/mss_gpio.o
 .debug_ranges  0x00000568       0x98 ./CMSIS/startup_gcc/newlib_stubs.o
 .debug_ranges  0x00000600       0x40 ./CMSIS/system_m2sxxx.o
 .debug_ranges  0x00000640       0x20 ./main.o

.debug_macro    0x00000000     0x4971
 .debug_macro   0x00000000       0xa8 ./hal/CortexM3/cortex_nvic.o
 .debug_macro   0x000000a8      0x862 ./hal/CortexM3/cortex_nvic.o
 .debug_macro   0x0000090a       0x22 ./hal/CortexM3/cortex_nvic.o
 .debug_macro   0x0000092c       0x44 ./hal/CortexM3/cortex_nvic.o
 .debug_macro   0x00000970       0x58 ./hal/CortexM3/cortex_nvic.o
 .debug_macro   0x000009c8       0x22 ./hal/CortexM3/cortex_nvic.o
 .debug_macro   0x000009ea      0x1df ./hal/CortexM3/cortex_nvic.o
 .debug_macro   0x00000bc9       0x58 ./hal/CortexM3/cortex_nvic.o
 .debug_macro   0x00000c21       0x35 ./hal/CortexM3/cortex_nvic.o
 .debug_macro   0x00000c56       0x9c ./hal/CortexM3/cortex_nvic.o
 .debug_macro   0x00000cf2       0x1c ./hal/CortexM3/cortex_nvic.o
 .debug_macro   0x00000d0e       0xa9 ./drivers_config/sys_config/sys_config.o
 .debug_macro   0x00000db7       0x26 ./drivers_config/sys_config/sys_config.o
 .debug_macro   0x00000ddd       0x3a ./drivers_config/sys_config/sys_config.o
 .debug_macro   0x00000e17       0x34 ./drivers_config/sys_config/sys_config.o
 .debug_macro   0x00000e4b      0xc83 ./drivers_config/sys_config/sys_config.o
 .debug_macro   0x00001ace      0x265 ./drivers_config/sys_config/sys_config.o
 .debug_macro   0x00001d33       0x3a ./drivers_config/sys_config/sys_config.o
 .debug_macro   0x00001d6d       0x34 ./drivers_config/sys_config/sys_config.o
 .debug_macro   0x00001da1      0x168 ./drivers/mss_uart/mss_uart.o
 .debug_macro   0x00001f09      0x16d ./drivers/mss_uart/mss_uart.o
 .debug_macro   0x00002076      0x177 ./drivers/mss_uart/mss_uart.o
 .debug_macro   0x000021ed       0xe2 ./drivers/mss_uart/mss_uart.o
 .debug_macro   0x000022cf       0x22 ./drivers/mss_uart/mss_uart.o
 .debug_macro   0x000022f1      0x14b ./drivers/mss_sys_services/mss_comblk.o
 .debug_macro   0x0000243c      0x3bd ./drivers/mss_sys_services/mss_sys_services.o
 .debug_macro   0x000027f9      0x2f8 ./drivers/mss_sys_services/mss_sys_services.o
 .debug_macro   0x00002af1       0x52 ./drivers/mss_sys_services/mss_sys_services.o
 .debug_macro   0x00002b43       0x16 ./drivers/mss_sys_services/mss_sys_services.o
 .debug_macro   0x00002b59       0x43 ./drivers/mss_sys_services/mss_sys_services.o
 .debug_macro   0x00002b9c      0x180 ./drivers/mss_sys_services/mss_sys_services.o
 .debug_macro   0x00002d1c      0x27a ./drivers/mss_sys_services/mss_sys_services.o
 .debug_macro   0x00002f96       0x10 ./drivers/mss_sys_services/mss_sys_services.o
 .debug_macro   0x00002fa6       0x35 ./drivers/mss_sys_services/mss_sys_services.o
 .debug_macro   0x00002fdb      0x292 ./drivers/mss_nvm/mss_nvm.o
 .debug_macro   0x0000326d       0x16 ./drivers/mss_nvm/mss_nvm.o
 .debug_macro   0x00003283      0x134 ./drivers/mss_hpdma/mss_hpdma.o
 .debug_macro   0x000033b7       0x4a ./drivers/mss_hpdma/mss_hpdma.o
 .debug_macro   0x00003401       0x10 ./drivers/mss_hpdma/mss_hpdma.o
 .debug_macro   0x00003411       0xf2 ./drivers/mss_gpio/mss_gpio.o
 .debug_macro   0x00003503      0x11c ./drivers/mss_gpio/mss_gpio.o
 .debug_macro   0x0000361f      0x186 ./CMSIS/startup_gcc/newlib_stubs.o
 .debug_macro   0x000037a5       0x16 ./CMSIS/startup_gcc/newlib_stubs.o
 .debug_macro   0x000037bb      0x10e ./CMSIS/startup_gcc/newlib_stubs.o
 .debug_macro   0x000038c9       0x86 ./CMSIS/startup_gcc/newlib_stubs.o
 .debug_macro   0x0000394f       0x16 ./CMSIS/startup_gcc/newlib_stubs.o
 .debug_macro   0x00003965       0x29 ./CMSIS/startup_gcc/newlib_stubs.o
 .debug_macro   0x0000398e       0x16 ./CMSIS/startup_gcc/newlib_stubs.o
 .debug_macro   0x000039a4       0x10 ./CMSIS/startup_gcc/newlib_stubs.o
 .debug_macro   0x000039b4       0x22 ./CMSIS/startup_gcc/newlib_stubs.o
 .debug_macro   0x000039d6       0xbe ./CMSIS/startup_gcc/newlib_stubs.o
 .debug_macro   0x00003a94      0x48e ./CMSIS/startup_gcc/newlib_stubs.o
 .debug_macro   0x00003f22       0x16 ./CMSIS/startup_gcc/newlib_stubs.o
 .debug_macro   0x00003f38       0x10 ./CMSIS/startup_gcc/newlib_stubs.o
 .debug_macro   0x00003f48       0x10 ./CMSIS/startup_gcc/newlib_stubs.o
 .debug_macro   0x00003f58       0x10 ./CMSIS/startup_gcc/newlib_stubs.o
 .debug_macro   0x00003f68       0x35 ./CMSIS/startup_gcc/newlib_stubs.o
 .debug_macro   0x00003f9d      0x122 ./CMSIS/startup_gcc/newlib_stubs.o
 .debug_macro   0x000040bf       0x10 ./CMSIS/startup_gcc/newlib_stubs.o
 .debug_macro   0x000040cf      0x241 ./CMSIS/startup_gcc/newlib_stubs.o
 .debug_macro   0x00004310      0x155 ./CMSIS/system_m2sxxx.o
 .debug_macro   0x00004465      0x1ac ./main.o
 .debug_macro   0x00004611       0x16 ./main.o
 .debug_macro   0x00004627       0x97 ./main.o
 .debug_macro   0x000046be       0xf6 ./main.o
 .debug_macro   0x000047b4       0x10 ./main.o
 .debug_macro   0x000047c4       0x16 ./main.o
 .debug_macro   0x000047da      0x197 ./main.o

.comment        0x00000000       0x70
 .comment       0x00000000       0x70 ./hal/CortexM3/cortex_nvic.o
                                 0x71 (size before relaxing)
 .comment       0x00000000       0x71 ./drivers_config/sys_config/sys_config.o
 .comment       0x00000000       0x71 ./drivers/mss_uart/mss_uart.o
 .comment       0x00000000       0x71 ./drivers/mss_sys_services/mss_comblk.o
 .comment       0x00000000       0x71 ./drivers/mss_sys_services/mss_sys_services.o
 .comment       0x00000000       0x71 ./drivers/mss_nvm/mss_nvm.o
 .comment       0x00000000       0x71 ./drivers/mss_hpdma/mss_hpdma.o
 .comment       0x00000000       0x71 ./drivers/mss_gpio/mss_gpio.o
 .comment       0x00000000       0x71 ./CMSIS/startup_gcc/newlib_stubs.o
 .comment       0x00000000       0x71 ./CMSIS/system_m2sxxx.o
 .comment       0x00000000       0x71 ./main.o
